OpenJDK 64-Bit Server VM (25.222-b10) for linux-amd64 JRE (1.8.0_222-b10), built on Jul 11 2019 03:23:03 by "mockbuild" with gcc 4.8.5 20150623 (Red Hat 4.8.5-36)
Memory: 4k page, physical 8009420k(6562548k free), swap 8388604k(8388604k free)
CommandLine flags: -XX:+ExplicitGCInvokesConcurrent -XX:GCLogFileSize=104857600 -XX:InitialHeapSize=1073741824 -XX:InitiatingHeapOccupancyPercent=35 -XX:+ManagementServer -XX:MaxGCPauseMillis=20 -XX:MaxHeapSize=1073741824 -XX:NumberOfGCLogFiles=10 -XX:+PrintGC -XX:+PrintGCDateStamps -XX:+PrintGCDetails -XX:+PrintGCTimeStamps -XX:+UseCompressedClassPointers -XX:+UseCompressedOops -XX:+UseG1GC -XX:+UseGCLogFileRotation 
2019-11-18T09:19:20.119+0100: 1.216: [GC pause (G1 Evacuation Pause) (young), 0.0101525 secs]
   [Parallel Time: 7.4 ms, GC Workers: 2]
      [GC Worker Start (ms): Min: 1216.6, Avg: 1216.6, Max: 1216.6, Diff: 0.0]
      [Ext Root Scanning (ms): Min: 1.2, Avg: 1.4, Max: 1.5, Diff: 0.3, Sum: 2.7]
      [Update RS (ms): Min: 0.0, Avg: 0.0, Max: 0.0, Diff: 0.0, Sum: 0.0]
         [Processed Buffers: Min: 0, Avg: 0.0, Max: 0, Diff: 0, Sum: 0]
      [Scan RS (ms): Min: 0.0, Avg: 0.0, Max: 0.0, Diff: 0.0, Sum: 0.0]
      [Code Root Scanning (ms): Min: 0.2, Avg: 0.3, Max: 0.4, Diff: 0.1, Sum: 0.6]
      [Object Copy (ms): Min: 5.6, Avg: 5.7, Max: 5.8, Diff: 0.1, Sum: 11.4]
      [Termination (ms): Min: 0.0, Avg: 0.0, Max: 0.0, Diff: 0.0, Sum: 0.0]
         [Termination Attempts: Min: 1, Avg: 1.0, Max: 1, Diff: 0, Sum: 2]
      [GC Worker Other (ms): Min: 0.0, Avg: 0.0, Max: 0.0, Diff: 0.0, Sum: 0.0]
      [GC Worker Total (ms): Min: 7.4, Avg: 7.4, Max: 7.4, Diff: 0.0, Sum: 14.8]
      [GC Worker End (ms): Min: 1224.0, Avg: 1224.0, Max: 1224.0, Diff: 0.0]
   [Code Root Fixup: 0.0 ms]
   [Code Root Purge: 0.0 ms]
   [Clear CT: 0.1 ms]
   [Other: 2.6 ms]
      [Choose CSet: 0.0 ms]
      [Ref Proc: 2.3 ms]
      [Ref Enq: 0.0 ms]
      [Redirty Cards: 0.0 ms]
      [Humongous Register: 0.0 ms]
      [Humongous Reclaim: 0.0 ms]
      [Free CSet: 0.1 ms]
   [Eden: 52224.0K(52224.0K)->0.0B(45056.0K) Survivors: 0.0B->7168.0K Heap: 52224.0K(1024.0M)->9204.5K(1024.0M)]
 [Times: user=0.02 sys=0.01, real=0.01 secs] 
2019-11-18T09:19:20.206+0100: 1.304: [GC pause (Metadata GC Threshold) (young) (initial-mark), 0.0069453 secs]
   [Parallel Time: 6.0 ms, GC Workers: 2]
      [GC Worker Start (ms): Min: 1304.0, Avg: 1304.0, Max: 1304.0, Diff: 0.0]
      [Ext Root Scanning (ms): Min: 1.6, Avg: 1.6, Max: 1.7, Diff: 0.0, Sum: 3.3]
      [Update RS (ms): Min: 0.1, Avg: 0.1, Max: 0.1, Diff: 0.0, Sum: 0.2]
         [Processed Buffers: Min: 1, Avg: 1.0, Max: 1, Diff: 0, Sum: 2]
      [Scan RS (ms): Min: 0.0, Avg: 0.0, Max: 0.0, Diff: 0.0, Sum: 0.0]
      [Code Root Scanning (ms): Min: 0.0, Avg: 0.2, Max: 0.5, Diff: 0.5, Sum: 0.5]
      [Object Copy (ms): Min: 3.7, Avg: 3.9, Max: 4.2, Diff: 0.5, Sum: 7.9]
      [Termination (ms): Min: 0.0, Avg: 0.0, Max: 0.0, Diff: 0.0, Sum: 0.0]
         [Termination Attempts: Min: 1, Avg: 1.0, Max: 1, Diff: 0, Sum: 2]
      [GC Worker Other (ms): Min: 0.0, Avg: 0.0, Max: 0.0, Diff: 0.0, Sum: 0.0]
      [GC Worker Total (ms): Min: 5.9, Avg: 6.0, Max: 6.0, Diff: 0.0, Sum: 11.9]
      [GC Worker End (ms): Min: 1309.9, Avg: 1309.9, Max: 1309.9, Diff: 0.0]
   [Code Root Fixup: 0.0 ms]
   [Code Root Purge: 0.0 ms]
   [Clear CT: 0.0 ms]
   [Other: 0.9 ms]
      [Choose CSet: 0.0 ms]
      [Ref Proc: 0.7 ms]
      [Ref Enq: 0.0 ms]
      [Redirty Cards: 0.0 ms]
      [Humongous Register: 0.0 ms]
      [Humongous Reclaim: 0.0 ms]
      [Free CSet: 0.0 ms]
   [Eden: 9216.0K(45056.0K)->0.0B(48128.0K) Survivors: 7168.0K->4096.0K Heap: 17910.5K(1024.0M)->10290.0K(1024.0M)]
 [Times: user=0.00 sys=0.00, real=0.01 secs] 
2019-11-18T09:19:20.213+0100: 1.311: [GC concurrent-root-region-scan-start]
2019-11-18T09:19:20.219+0100: 1.317: [GC concurrent-root-region-scan-end, 0.0061635 secs]
2019-11-18T09:19:20.219+0100: 1.317: [GC concurrent-mark-start]
2019-11-18T09:19:20.228+0100: 1.326: [GC concurrent-mark-end, 0.0089682 secs]
2019-11-18T09:19:20.230+0100: 1.328: [GC remark 2019-11-18T09:19:20.230+0100: 1.328: [Finalize Marking, 0.0000856 secs] 2019-11-18T09:19:20.230+0100: 1.328: [GC ref-proc, 0.0002008 secs] 2019-11-18T09:19:20.230+0100: 1.328: [Unloading, 0.0034565 secs], 0.0039267 secs]
 [Times: user=0.00 sys=0.00, real=0.00 secs] 
2019-11-18T09:19:20.235+0100: 1.333: [GC cleanup 13361K->11313K(1024M), 0.0016322 secs]
 [Times: user=0.01 sys=0.00, real=0.00 secs] 
2019-11-18T09:19:20.237+0100: 1.334: [GC concurrent-cleanup-start]
2019-11-18T09:19:20.237+0100: 1.334: [GC concurrent-cleanup-end, 0.0000101 secs]
2019-11-18T09:19:20.839+0100: 1.936: [GC pause (G1 Evacuation Pause) (young) (initial-mark), 0.0077279 secs]
   [Parallel Time: 6.6 ms, GC Workers: 2]
      [GC Worker Start (ms): Min: 1936.5, Avg: 1937.6, Max: 1938.7, Diff: 2.2]
      [Ext Root Scanning (ms): Min: 0.2, Avg: 3.3, Max: 6.3, Diff: 6.1, Sum: 6.5]
      [Update RS (ms): Min: 0.0, Avg: 0.5, Max: 0.9, Diff: 0.9, Sum: 0.9]
         [Processed Buffers: Min: 0, Avg: 4.5, Max: 9, Diff: 9, Sum: 9]
      [Scan RS (ms): Min: 0.0, Avg: 0.1, Max: 0.3, Diff: 0.2, Sum: 0.3]
      [Code Root Scanning (ms): Min: 0.0, Avg: 0.1, Max: 0.2, Diff: 0.2, Sum: 0.2]
      [Object Copy (ms): Min: 0.2, Avg: 1.4, Max: 2.6, Diff: 2.4, Sum: 2.8]
      [Termination (ms): Min: 0.0, Avg: 0.1, Max: 0.2, Diff: 0.2, Sum: 0.2]
         [Termination Attempts: Min: 1, Avg: 1.0, Max: 1, Diff: 0, Sum: 2]
      [GC Worker Other (ms): Min: 0.0, Avg: 0.0, Max: 0.0, Diff: 0.0, Sum: 0.0]
      [GC Worker Total (ms): Min: 4.4, Avg: 5.5, Max: 6.5, Diff: 2.2, Sum: 10.9]
      [GC Worker End (ms): Min: 1943.0, Avg: 1943.0, Max: 1943.1, Diff: 0.0]
   [Code Root Fixup: 0.0 ms]
   [Code Root Purge: 0.0 ms]
   [Clear CT: 0.0 ms]
   [Other: 1.1 ms]
      [Choose CSet: 0.0 ms]
      [Ref Proc: 0.8 ms]
      [Ref Enq: 0.0 ms]
      [Redirty Cards: 0.0 ms]
      [Humongous Register: 0.0 ms]
      [Humongous Reclaim: 0.0 ms]
      [Free CSet: 0.0 ms]
   [Eden: 48128.0K(48128.0K)->0.0B(48128.0K) Survivors: 4096.0K->4096.0K Heap: 56370.0K(1024.0M)->8754.0K(1024.0M)]
 [Times: user=0.02 sys=0.00, real=0.00 secs] 
2019-11-18T09:19:20.853+0100: 1.951: [GC concurrent-root-region-scan-start]
2019-11-18T09:19:20.856+0100: 1.954: [GC concurrent-root-region-scan-end, 0.0030045 secs]
2019-11-18T09:19:20.856+0100: 1.954: [GC concurrent-mark-start]
2019-11-18T09:19:20.864+0100: 1.962: [GC concurrent-mark-end, 0.0080994 secs]
2019-11-18T09:19:20.864+0100: 1.962: [GC remark 2019-11-18T09:19:20.864+0100: 1.962: [Finalize Marking, 0.0097653 secs] 2019-11-18T09:19:20.874+0100: 1.972: [GC ref-proc, 0.0002825 secs] 2019-11-18T09:19:20.874+0100: 1.972: [Unloading, 0.0045922 secs], 0.0148334 secs]
 [Times: user=0.02 sys=0.00, real=0.02 secs] 
2019-11-18T09:19:20.879+0100: 1.977: [GC cleanup 11753K->11753K(1024M), 0.0014398 secs]
 [Times: user=0.00 sys=0.00, real=0.00 secs] 
2019-11-18T09:19:21.327+0100: 2.424: [GC pause (G1 Evacuation Pause) (young), 0.0068444 secs]
   [Parallel Time: 2.7 ms, GC Workers: 2]
      [GC Worker Start (ms): Min: 2424.5, Avg: 2424.6, Max: 2424.6, Diff: 0.2]
      [Ext Root Scanning (ms): Min: 0.5, Avg: 0.6, Max: 0.7, Diff: 0.2, Sum: 1.2]
      [Update RS (ms): Min: 0.4, Avg: 0.4, Max: 0.4, Diff: 0.0, Sum: 0.8]
         [Processed Buffers: Min: 1, Avg: 4.0, Max: 7, Diff: 6, Sum: 8]
      [Scan RS (ms): Min: 0.0, Avg: 0.0, Max: 0.0, Diff: 0.0, Sum: 0.0]
      [Code Root Scanning (ms): Min: 0.0, Avg: 0.1, Max: 0.2, Diff: 0.2, Sum: 0.2]
      [Object Copy (ms): Min: 1.4, Avg: 1.5, Max: 1.5, Diff: 0.1, Sum: 2.9]
      [Termination (ms): Min: 0.0, Avg: 0.0, Max: 0.0, Diff: 0.0, Sum: 0.0]
         [Termination Attempts: Min: 1, Avg: 1.0, Max: 1, Diff: 0, Sum: 2]
      [GC Worker Other (ms): Min: 0.0, Avg: 0.0, Max: 0.0, Diff: 0.0, Sum: 0.0]
      [GC Worker Total (ms): Min: 2.5, Avg: 2.6, Max: 2.7, Diff: 0.2, Sum: 5.2]
      [GC Worker End (ms): Min: 2427.2, Avg: 2427.2, Max: 2427.2, Diff: 0.0]
   [Code Root Fixup: 0.0 ms]
   [Code Root Purge: 0.0 ms]
   [Clear CT: 0.0 ms]
   [Other: 4.1 ms]
      [Choose CSet: 0.0 ms]
      [Ref Proc: 3.8 ms]
      [Ref Enq: 0.0 ms]
      [Redirty Cards: 0.0 ms]
      [Humongous Register: 0.0 ms]
      [Humongous Reclaim: 0.0 ms]
      [Free CSet: 0.0 ms]
   [Eden: 48128.0K(48128.0K)->0.0B(49152.0K) Survivors: 4096.0K->3072.0K Heap: 56882.0K(1024.0M)->7218.0K(1024.0M)]
 [Times: user=0.01 sys=0.00, real=0.01 secs] 
2019-11-18T09:19:21.609+0100: 2.707: [GC pause (G1 Evacuation Pause) (young), 0.0029977 secs]
   [Parallel Time: 2.5 ms, GC Workers: 2]
      [GC Worker Start (ms): Min: 2707.4, Avg: 2707.4, Max: 2707.4, Diff: 0.0]
      [Ext Root Scanning (ms): Min: 0.5, Avg: 0.6, Max: 0.7, Diff: 0.2, Sum: 1.2]
      [Update RS (ms): Min: 0.2, Avg: 0.4, Max: 0.5, Diff: 0.2, Sum: 0.7]
         [Processed Buffers: Min: 1, Avg: 3.0, Max: 5, Diff: 4, Sum: 6]
      [Scan RS (ms): Min: 0.0, Avg: 0.0, Max: 0.0, Diff: 0.0, Sum: 0.0]
      [Code Root Scanning (ms): Min: 0.0, Avg: 0.1, Max: 0.2, Diff: 0.2, Sum: 0.2]
      [Object Copy (ms): Min: 1.3, Avg: 1.4, Max: 1.4, Diff: 0.2, Sum: 2.7]
      [Termination (ms): Min: 0.0, Avg: 0.0, Max: 0.0, Diff: 0.0, Sum: 0.0]
         [Termination Attempts: Min: 1, Avg: 1.0, Max: 1, Diff: 0, Sum: 2]
      [GC Worker Other (ms): Min: 0.0, Avg: 0.0, Max: 0.0, Diff: 0.0, Sum: 0.0]
      [GC Worker Total (ms): Min: 2.5, Avg: 2.5, Max: 2.5, Diff: 0.0, Sum: 4.9]
      [GC Worker End (ms): Min: 2709.8, Avg: 2709.8, Max: 2709.8, Diff: 0.0]
   [Code Root Fixup: 0.0 ms]
   [Code Root Purge: 0.0 ms]
   [Clear CT: 0.0 ms]
   [Other: 0.4 ms]
      [Choose CSet: 0.0 ms]
      [Ref Proc: 0.2 ms]
      [Ref Enq: 0.0 ms]
      [Redirty Cards: 0.1 ms]
      [Humongous Register: 0.0 ms]
      [Humongous Reclaim: 0.0 ms]
      [Free CSet: 0.0 ms]
   [Eden: 49152.0K(49152.0K)->0.0B(50176.0K) Survivors: 3072.0K->2048.0K Heap: 56370.0K(1024.0M)->6706.0K(1024.0M)]
 [Times: user=0.01 sys=0.00, real=0.00 secs] 
2019-11-18T09:19:22.031+0100: 3.128: [GC pause (G1 Evacuation Pause) (young), 0.0028010 secs]
   [Parallel Time: 2.3 ms, GC Workers: 2]
      [GC Worker Start (ms): Min: 3128.5, Avg: 3128.5, Max: 3128.5, Diff: 0.0]
      [Ext Root Scanning (ms): Min: 0.5, Avg: 0.6, Max: 0.6, Diff: 0.1, Sum: 1.1]
      [Update RS (ms): Min: 0.3, Avg: 0.3, Max: 0.3, Diff: 0.1, Sum: 0.6]
         [Processed Buffers: Min: 1, Avg: 2.5, Max: 4, Diff: 3, Sum: 5]
      [Scan RS (ms): Min: 0.0, Avg: 0.0, Max: 0.0, Diff: 0.0, Sum: 0.0]
      [Code Root Scanning (ms): Min: 0.0, Avg: 0.1, Max: 0.3, Diff: 0.3, Sum: 0.3]
      [Object Copy (ms): Min: 1.1, Avg: 1.3, Max: 1.5, Diff: 0.3, Sum: 2.6]
      [Termination (ms): Min: 0.0, Avg: 0.0, Max: 0.0, Diff: 0.0, Sum: 0.0]
         [Termination Attempts: Min: 1, Avg: 1.0, Max: 1, Diff: 0, Sum: 2]
      [GC Worker Other (ms): Min: 0.0, Avg: 0.0, Max: 0.0, Diff: 0.0, Sum: 0.0]
      [GC Worker Total (ms): Min: 2.3, Avg: 2.3, Max: 2.3, Diff: 0.0, Sum: 4.6]
      [GC Worker End (ms): Min: 3130.8, Avg: 3130.8, Max: 3130.8, Diff: 0.0]
   [Code Root Fixup: 0.0 ms]
   [Code Root Purge: 0.0 ms]
   [Clear CT: 0.0 ms]
   [Other: 0.4 ms]
      [Choose CSet: 0.0 ms]
      [Ref Proc: 0.2 ms]
      [Ref Enq: 0.0 ms]
      [Redirty Cards: 0.0 ms]
      [Humongous Register: 0.0 ms]
      [Humongous Reclaim: 0.0 ms]
      [Free CSet: 0.0 ms]
   [Eden: 50176.0K(50176.0K)->0.0B(49152.0K) Survivors: 2048.0K->3072.0K Heap: 56882.0K(1024.0M)->7082.7K(1024.0M)]
 [Times: user=0.00 sys=0.00, real=0.00 secs] 
2019-11-18T09:19:22.311+0100: 3.409: [GC pause (G1 Evacuation Pause) (young), 0.0031804 secs]
   [Parallel Time: 2.7 ms, GC Workers: 2]
      [GC Worker Start (ms): Min: 3408.8, Avg: 3408.8, Max: 3408.8, Diff: 0.0]
      [Ext Root Scanning (ms): Min: 0.6, Avg: 0.6, Max: 0.7, Diff: 0.1, Sum: 1.3]
      [Update RS (ms): Min: 0.3, Avg: 0.3, Max: 0.4, Diff: 0.2, Sum: 0.7]
         [Processed Buffers: Min: 1, Avg: 2.5, Max: 4, Diff: 3, Sum: 5]
      [Scan RS (ms): Min: 0.0, Avg: 0.0, Max: 0.0, Diff: 0.0, Sum: 0.0]
      [Code Root Scanning (ms): Min: 0.0, Avg: 0.1, Max: 0.3, Diff: 0.3, Sum: 0.3]
      [Object Copy (ms): Min: 1.4, Avg: 1.5, Max: 1.6, Diff: 0.2, Sum: 3.0]
      [Termination (ms): Min: 0.0, Avg: 0.0, Max: 0.0, Diff: 0.0, Sum: 0.0]
         [Termination Attempts: Min: 1, Avg: 1.0, Max: 1, Diff: 0, Sum: 2]
      [GC Worker Other (ms): Min: 0.0, Avg: 0.0, Max: 0.0, Diff: 0.0, Sum: 0.0]
      [GC Worker Total (ms): Min: 2.6, Avg: 2.6, Max: 2.7, Diff: 0.0, Sum: 5.3]
      [GC Worker End (ms): Min: 3411.4, Avg: 3411.4, Max: 3411.4, Diff: 0.0]
   [Code Root Fixup: 0.0 ms]
   [Code Root Purge: 0.0 ms]
   [Clear CT: 0.0 ms]
   [Other: 0.5 ms]
      [Choose CSet: 0.0 ms]
      [Ref Proc: 0.2 ms]
      [Ref Enq: 0.0 ms]
      [Redirty Cards: 0.0 ms]
      [Humongous Register: 0.0 ms]
      [Humongous Reclaim: 0.0 ms]
      [Free CSet: 0.0 ms]
   [Eden: 49152.0K(49152.0K)->0.0B(50176.0K) Survivors: 3072.0K->2048.0K Heap: 56234.7K(1024.0M)->6194.0K(1024.0M)]
 [Times: user=0.00 sys=0.00, real=0.00 secs] 
2019-11-18T09:19:22.804+0100: 3.902: [GC pause (G1 Evacuation Pause) (young), 0.0034546 secs]
   [Parallel Time: 2.9 ms, GC Workers: 2]
      [GC Worker Start (ms): Min: 3901.6, Avg: 3901.6, Max: 3901.6, Diff: 0.0]
      [Ext Root Scanning (ms): Min: 0.5, Avg: 0.6, Max: 0.7, Diff: 0.2, Sum: 1.2]
      [Update RS (ms): Min: 0.3, Avg: 0.3, Max: 0.4, Diff: 0.1, Sum: 0.7]
         [Processed Buffers: Min: 1, Avg: 3.0, Max: 5, Diff: 4, Sum: 6]
      [Scan RS (ms): Min: 0.0, Avg: 0.0, Max: 0.0, Diff: 0.0, Sum: 0.0]
      [Code Root Scanning (ms): Min: 0.0, Avg: 0.2, Max: 0.3, Diff: 0.3, Sum: 0.3]
      [Object Copy (ms): Min: 1.7, Avg: 1.7, Max: 1.8, Diff: 0.0, Sum: 3.5]
      [Termination (ms): Min: 0.0, Avg: 0.0, Max: 0.0, Diff: 0.0, Sum: 0.0]
         [Termination Attempts: Min: 1, Avg: 1.5, Max: 2, Diff: 1, Sum: 3]
      [GC Worker Other (ms): Min: 0.0, Avg: 0.0, Max: 0.0, Diff: 0.0, Sum: 0.0]
      [GC Worker Total (ms): Min: 2.9, Avg: 2.9, Max: 2.9, Diff: 0.0, Sum: 5.8]
      [GC Worker End (ms): Min: 3904.5, Avg: 3904.5, Max: 3904.5, Diff: 0.0]
   [Code Root Fixup: 0.0 ms]
   [Code Root Purge: 0.0 ms]
   [Clear CT: 0.0 ms]
   [Other: 0.5 ms]
      [Choose CSet: 0.0 ms]
      [Ref Proc: 0.2 ms]
      [Ref Enq: 0.0 ms]
      [Redirty Cards: 0.0 ms]
      [Humongous Register: 0.0 ms]
      [Humongous Reclaim: 0.0 ms]
      [Free CSet: 0.0 ms]
   [Eden: 50176.0K(50176.0K)->0.0B(52224.0K) Survivors: 2048.0K->3072.0K Heap: 56370.0K(1024.0M)->7218.0K(1024.0M)]
 [Times: user=0.01 sys=0.00, real=0.01 secs] 
2019-11-18T09:19:23.369+0100: 4.467: [GC pause (G1 Evacuation Pause) (young), 0.0218814 secs]
   [Parallel Time: 8.8 ms, GC Workers: 2]
      [GC Worker Start (ms): Min: 4467.1, Avg: 4469.4, Max: 4471.7, Diff: 4.6]
      [Ext Root Scanning (ms): Min: 0.0, Avg: 0.8, Max: 1.7, Diff: 1.7, Sum: 1.7]
      [Update RS (ms): Min: 0.0, Avg: 0.3, Max: 0.7, Diff: 0.7, Sum: 0.7]
         [Processed Buffers: Min: 0, Avg: 4.5, Max: 9, Diff: 9, Sum: 9]
      [Scan RS (ms): Min: 0.0, Avg: 0.0, Max: 0.0, Diff: 0.0, Sum: 0.0]
      [Code Root Scanning (ms): Min: 0.0, Avg: 0.3, Max: 0.5, Diff: 0.5, Sum: 0.5]
      [Object Copy (ms): Min: 4.2, Avg: 5.0, Max: 5.8, Diff: 1.6, Sum: 10.0]
      [Termination (ms): Min: 0.0, Avg: 0.0, Max: 0.0, Diff: 0.0, Sum: 0.0]
         [Termination Attempts: Min: 1, Avg: 1.0, Max: 1, Diff: 0, Sum: 2]
      [GC Worker Other (ms): Min: 0.0, Avg: 0.0, Max: 0.0, Diff: 0.0, Sum: 0.0]
      [GC Worker Total (ms): Min: 4.2, Avg: 6.5, Max: 8.8, Diff: 4.6, Sum: 13.0]
      [GC Worker End (ms): Min: 4475.8, Avg: 4475.9, Max: 4475.9, Diff: 0.0]
   [Code Root Fixup: 0.0 ms]
   [Code Root Purge: 0.0 ms]
   [Clear CT: 1.1 ms]
   [Other: 12.0 ms]
      [Choose CSet: 0.0 ms]
      [Ref Proc: 11.7 ms]
      [Ref Enq: 0.0 ms]
      [Redirty Cards: 0.0 ms]
      [Humongous Register: 0.0 ms]
      [Humongous Reclaim: 0.0 ms]
      [Free CSet: 0.0 ms]
   [Eden: 52224.0K(52224.0K)->0.0B(45056.0K) Survivors: 3072.0K->7168.0K Heap: 186.0M(1024.0M)->140.0M(1024.0M)]
 [Times: user=0.04 sys=0.00, real=0.02 secs] 
2019-11-18T09:19:24.137+0100: 5.235: [GC pause (G1 Evacuation Pause) (young), 0.0172669 secs]
   [Parallel Time: 9.4 ms, GC Workers: 2]
      [GC Worker Start (ms): Min: 5234.7, Avg: 5236.2, Max: 5237.6, Diff: 2.9]
      [Ext Root Scanning (ms): Min: 0.0, Avg: 1.2, Max: 2.4, Diff: 2.4, Sum: 2.4]
      [Update RS (ms): Min: 0.4, Avg: 0.4, Max: 0.5, Diff: 0.1, Sum: 0.9]
         [Processed Buffers: Min: 3, Avg: 4.0, Max: 5, Diff: 2, Sum: 8]
      [Scan RS (ms): Min: 0.0, Avg: 0.0, Max: 0.0, Diff: 0.0, Sum: 0.0]
      [Code Root Scanning (ms): Min: 0.1, Avg: 0.4, Max: 0.6, Diff: 0.5, Sum: 0.7]
      [Object Copy (ms): Min: 5.8, Avg: 5.8, Max: 5.9, Diff: 0.1, Sum: 11.6]
      [Termination (ms): Min: 0.0, Avg: 0.0, Max: 0.0, Diff: 0.0, Sum: 0.0]
         [Termination Attempts: Min: 1, Avg: 1.0, Max: 1, Diff: 0, Sum: 2]
      [GC Worker Other (ms): Min: 0.0, Avg: 0.0, Max: 0.0, Diff: 0.0, Sum: 0.0]
      [GC Worker Total (ms): Min: 6.4, Avg: 7.9, Max: 9.3, Diff: 2.9, Sum: 15.7]
      [GC Worker End (ms): Min: 5244.0, Avg: 5244.0, Max: 5244.0, Diff: 0.0]
   [Code Root Fixup: 0.0 ms]
   [Code Root Purge: 0.0 ms]
   [Clear CT: 0.7 ms]
   [Other: 7.2 ms]
      [Choose CSet: 0.0 ms]
      [Ref Proc: 6.9 ms]
      [Ref Enq: 0.0 ms]
      [Redirty Cards: 0.0 ms]
      [Humongous Register: 0.0 ms]
      [Humongous Reclaim: 0.0 ms]
      [Free CSet: 0.0 ms]
   [Eden: 45056.0K(45056.0K)->0.0B(45056.0K) Survivors: 7168.0K->7168.0K Heap: 184.0M(1024.0M)->140.4M(1024.0M)]
 [Times: user=0.03 sys=0.00, real=0.02 secs] 
2019-11-18T09:19:24.625+0100: 5.722: [GC pause (G1 Evacuation Pause) (young), 0.0116625 secs]
   [Parallel Time: 10.9 ms, GC Workers: 2]
      [GC Worker Start (ms): Min: 5722.4, Avg: 5723.9, Max: 5725.5, Diff: 3.0]
      [Ext Root Scanning (ms): Min: 0.0, Avg: 1.0, Max: 2.0, Diff: 2.0, Sum: 2.0]
      [Update RS (ms): Min: 1.2, Avg: 1.5, Max: 1.8, Diff: 0.6, Sum: 3.0]
         [Processed Buffers: Min: 7, Avg: 7.0, Max: 7, Diff: 0, Sum: 14]
      [Scan RS (ms): Min: 0.0, Avg: 0.0, Max: 0.0, Diff: 0.0, Sum: 0.0]
      [Code Root Scanning (ms): Min: 0.0, Avg: 0.2, Max: 0.4, Diff: 0.3, Sum: 0.4]
      [Object Copy (ms): Min: 6.6, Avg: 6.6, Max: 6.7, Diff: 0.1, Sum: 13.3]
      [Termination (ms): Min: 0.0, Avg: 0.0, Max: 0.0, Diff: 0.0, Sum: 0.0]
         [Termination Attempts: Min: 1, Avg: 1.0, Max: 1, Diff: 0, Sum: 2]
      [GC Worker Other (ms): Min: 0.0, Avg: 0.0, Max: 0.0, Diff: 0.0, Sum: 0.0]
      [GC Worker Total (ms): Min: 7.9, Avg: 9.4, Max: 10.9, Diff: 3.0, Sum: 18.8]
      [GC Worker End (ms): Min: 5733.3, Avg: 5733.3, Max: 5733.3, Diff: 0.0]
   [Code Root Fixup: 0.0 ms]
   [Code Root Purge: 0.0 ms]
   [Clear CT: 0.0 ms]
   [Other: 0.7 ms]
      [Choose CSet: 0.0 ms]
      [Ref Proc: 0.4 ms]
      [Ref Enq: 0.0 ms]
      [Redirty Cards: 0.0 ms]
      [Humongous Register: 0.0 ms]
      [Humongous Reclaim: 0.0 ms]
      [Free CSet: 0.0 ms]
   [Eden: 45056.0K(45056.0K)->0.0B(46080.0K) Survivors: 7168.0K->6144.0K Heap: 184.4M(1024.0M)->143.4M(1024.0M)]
 [Times: user=0.02 sys=0.00, real=0.01 secs] 
2019-11-18T09:19:25.038+0100: 6.135: [GC pause (G1 Evacuation Pause) (young), 0.0078785 secs]
   [Parallel Time: 7.1 ms, GC Workers: 2]
      [GC Worker Start (ms): Min: 6135.5, Avg: 6135.5, Max: 6135.5, Diff: 0.0]
      [Ext Root Scanning (ms): Min: 1.3, Avg: 1.4, Max: 1.4, Diff: 0.1, Sum: 2.7]
      [Update RS (ms): Min: 1.4, Avg: 1.5, Max: 1.7, Diff: 0.3, Sum: 3.0]
         [Processed Buffers: Min: 9, Avg: 9.5, Max: 10, Diff: 1, Sum: 19]
      [Scan RS (ms): Min: 0.1, Avg: 0.2, Max: 0.4, Diff: 0.3, Sum: 0.4]
      [Code Root Scanning (ms): Min: 0.0, Avg: 0.1, Max: 0.2, Diff: 0.2, Sum: 0.2]
      [Object Copy (ms): Min: 3.8, Avg: 3.8, Max: 3.9, Diff: 0.1, Sum: 7.7]
      [Termination (ms): Min: 0.0, Avg: 0.0, Max: 0.0, Diff: 0.0, Sum: 0.0]
         [Termination Attempts: Min: 1, Avg: 1.0, Max: 1, Diff: 0, Sum: 2]
      [GC Worker Other (ms): Min: 0.0, Avg: 0.0, Max: 0.0, Diff: 0.0, Sum: 0.0]
      [GC Worker Total (ms): Min: 7.1, Avg: 7.1, Max: 7.1, Diff: 0.0, Sum: 14.1]
      [GC Worker End (ms): Min: 6142.6, Avg: 6142.6, Max: 6142.6, Diff: 0.0]
   [Code Root Fixup: 0.0 ms]
   [Code Root Purge: 0.0 ms]
   [Clear CT: 0.0 ms]
   [Other: 0.7 ms]
      [Choose CSet: 0.0 ms]
      [Ref Proc: 0.4 ms]
      [Ref Enq: 0.0 ms]
      [Redirty Cards: 0.0 ms]
      [Humongous Register: 0.0 ms]
      [Humongous Reclaim: 0.0 ms]
      [Free CSet: 0.0 ms]
   [Eden: 46080.0K(46080.0K)->0.0B(46080.0K) Survivors: 6144.0K->6144.0K Heap: 188.4M(1024.0M)->143.9M(1024.0M)]
 [Times: user=0.02 sys=0.00, real=0.00 secs] 
2019-11-18T09:19:25.605+0100: 6.703: [GC pause (G1 Evacuation Pause) (young), 0.0106184 secs]
   [Parallel Time: 9.6 ms, GC Workers: 2]
      [GC Worker Start (ms): Min: 6703.3, Avg: 6703.3, Max: 6703.3, Diff: 0.0]
      [Ext Root Scanning (ms): Min: 1.6, Avg: 1.6, Max: 1.7, Diff: 0.1, Sum: 3.3]
      [Update RS (ms): Min: 1.1, Avg: 1.2, Max: 1.2, Diff: 0.1, Sum: 2.3]
         [Processed Buffers: Min: 10, Avg: 12.0, Max: 14, Diff: 4, Sum: 24]
      [Scan RS (ms): Min: 0.0, Avg: 0.0, Max: 0.0, Diff: 0.0, Sum: 0.0]
      [Code Root Scanning (ms): Min: 0.1, Avg: 0.2, Max: 0.2, Diff: 0.1, Sum: 0.4]
      [Object Copy (ms): Min: 6.4, Avg: 6.6, Max: 6.7, Diff: 0.3, Sum: 13.2]
      [Termination (ms): Min: 0.0, Avg: 0.0, Max: 0.0, Diff: 0.0, Sum: 0.0]
         [Termination Attempts: Min: 1, Avg: 1.0, Max: 1, Diff: 0, Sum: 2]
      [GC Worker Other (ms): Min: 0.0, Avg: 0.0, Max: 0.0, Diff: 0.0, Sum: 0.0]
      [GC Worker Total (ms): Min: 9.6, Avg: 9.6, Max: 9.6, Diff: 0.0, Sum: 19.2]
      [GC Worker End (ms): Min: 6712.9, Avg: 6712.9, Max: 6712.9, Diff: 0.0]
   [Code Root Fixup: 0.0 ms]
   [Code Root Purge: 0.0 ms]
   [Clear CT: 0.0 ms]
   [Other: 0.9 ms]
      [Choose CSet: 0.0 ms]
      [Ref Proc: 0.6 ms]
      [Ref Enq: 0.0 ms]
      [Redirty Cards: 0.0 ms]
      [Humongous Register: 0.0 ms]
      [Humongous Reclaim: 0.0 ms]
      [Free CSet: 0.0 ms]
   [Eden: 46080.0K(46080.0K)->0.0B(45056.0K) Survivors: 6144.0K->7168.0K Heap: 188.9M(1024.0M)->147.2M(1024.0M)]
 [Times: user=0.02 sys=0.00, real=0.01 secs] 
2019-11-18T09:19:26.216+0100: 7.314: [GC pause (G1 Evacuation Pause) (young), 0.0100218 secs]
   [Parallel Time: 9.3 ms, GC Workers: 2]
      [GC Worker Start (ms): Min: 7313.8, Avg: 7314.5, Max: 7315.2, Diff: 1.4]
      [Ext Root Scanning (ms): Min: 0.4, Avg: 1.2, Max: 2.0, Diff: 1.5, Sum: 2.4]
      [Update RS (ms): Min: 0.7, Avg: 0.7, Max: 0.8, Diff: 0.1, Sum: 1.5]
         [Processed Buffers: Min: 15, Avg: 17.5, Max: 20, Diff: 5, Sum: 35]
      [Scan RS (ms): Min: 0.9, Avg: 1.0, Max: 1.0, Diff: 0.2, Sum: 1.9]
      [Code Root Scanning (ms): Min: 0.0, Avg: 0.2, Max: 0.4, Diff: 0.3, Sum: 0.4]
      [Object Copy (ms): Min: 5.3, Avg: 5.5, Max: 5.7, Diff: 0.4, Sum: 10.9]
      [Termination (ms): Min: 0.0, Avg: 0.0, Max: 0.0, Diff: 0.0, Sum: 0.0]
         [Termination Attempts: Min: 1, Avg: 1.0, Max: 1, Diff: 0, Sum: 2]
      [GC Worker Other (ms): Min: 0.0, Avg: 0.0, Max: 0.0, Diff: 0.0, Sum: 0.0]
      [GC Worker Total (ms): Min: 7.9, Avg: 8.6, Max: 9.3, Diff: 1.4, Sum: 17.1]
      [GC Worker End (ms): Min: 7323.1, Avg: 7323.1, Max: 7323.1, Diff: 0.0]
   [Code Root Fixup: 0.0 ms]
   [Code Root Purge: 0.0 ms]
   [Clear CT: 0.0 ms]
   [Other: 0.7 ms]
      [Choose CSet: 0.0 ms]
      [Ref Proc: 0.4 ms]
      [Ref Enq: 0.0 ms]
      [Redirty Cards: 0.0 ms]
      [Humongous Register: 0.0 ms]
      [Humongous Reclaim: 0.0 ms]
      [Free CSet: 0.0 ms]
   [Eden: 45056.0K(45056.0K)->0.0B(46080.0K) Survivors: 7168.0K->6144.0K Heap: 196.2M(1024.0M)->154.0M(1024.0M)]
 [Times: user=0.02 sys=0.01, real=0.01 secs] 
2019-11-18T09:19:26.339+0100: 7.436: [GC pause (G1 Evacuation Pause) (young), 0.0122920 secs]
   [Parallel Time: 11.8 ms, GC Workers: 2]
      [GC Worker Start (ms): Min: 7436.7, Avg: 7440.8, Max: 7444.8, Diff: 8.1]
      [Ext Root Scanning (ms): Min: 0.0, Avg: 0.9, Max: 1.8, Diff: 1.8, Sum: 1.8]
      [Update RS (ms): Min: 0.0, Avg: 1.8, Max: 3.7, Diff: 3.7, Sum: 3.7]
         [Processed Buffers: Min: 0, Avg: 10.5, Max: 21, Diff: 21, Sum: 21]
      [Scan RS (ms): Min: 0.0, Avg: 0.0, Max: 0.0, Diff: 0.0, Sum: 0.0]
      [Code Root Scanning (ms): Min: 0.0, Avg: 0.2, Max: 0.3, Diff: 0.3, Sum: 0.3]
      [Object Copy (ms): Min: 3.4, Avg: 4.6, Max: 5.7, Diff: 2.2, Sum: 9.1]
      [Termination (ms): Min: 0.0, Avg: 0.0, Max: 0.0, Diff: 0.0, Sum: 0.0]
         [Termination Attempts: Min: 1, Avg: 1.0, Max: 1, Diff: 0, Sum: 2]
      [GC Worker Other (ms): Min: 0.0, Avg: 0.0, Max: 0.0, Diff: 0.0, Sum: 0.0]
      [GC Worker Total (ms): Min: 3.5, Avg: 7.5, Max: 11.5, Diff: 8.1, Sum: 15.0]
      [GC Worker End (ms): Min: 7448.3, Avg: 7448.3, Max: 7448.3, Diff: 0.0]
   [Code Root Fixup: 0.0 ms]
   [Code Root Purge: 0.0 ms]
   [Clear CT: 0.0 ms]
   [Other: 0.4 ms]
      [Choose CSet: 0.0 ms]
      [Ref Proc: 0.1 ms]
      [Ref Enq: 0.0 ms]
      [Redirty Cards: 0.0 ms]
      [Humongous Register: 0.0 ms]
      [Humongous Reclaim: 0.0 ms]
      [Free CSet: 0.0 ms]
   [Eden: 46080.0K(46080.0K)->0.0B(48128.0K) Survivors: 6144.0K->4096.0K Heap: 199.0M(1024.0M)->153.5M(1024.0M)]
 [Times: user=0.01 sys=0.00, real=0.01 secs] 
2019-11-18T09:19:26.429+0100: 7.527: [GC pause (G1 Evacuation Pause) (young), 0.0065149 secs]
   [Parallel Time: 6.0 ms, GC Workers: 2]
      [GC Worker Start (ms): Min: 7526.9, Avg: 7527.0, Max: 7527.1, Diff: 0.2]
      [Ext Root Scanning (ms): Min: 0.8, Avg: 1.0, Max: 1.1, Diff: 0.3, Sum: 1.9]
      [Update RS (ms): Min: 2.0, Avg: 2.1, Max: 2.2, Diff: 0.2, Sum: 4.2]
         [Processed Buffers: Min: 6, Avg: 10.0, Max: 14, Diff: 8, Sum: 20]
      [Scan RS (ms): Min: 0.0, Avg: 0.0, Max: 0.0, Diff: 0.0, Sum: 0.0]
      [Code Root Scanning (ms): Min: 0.0, Avg: 0.1, Max: 0.3, Diff: 0.3, Sum: 0.3]
      [Object Copy (ms): Min: 2.5, Avg: 2.6, Max: 2.7, Diff: 0.2, Sum: 5.3]
      [Termination (ms): Min: 0.0, Avg: 0.0, Max: 0.0, Diff: 0.0, Sum: 0.0]
         [Termination Attempts: Min: 54, Avg: 63.5, Max: 73, Diff: 19, Sum: 127]
      [GC Worker Other (ms): Min: 0.0, Avg: 0.0, Max: 0.0, Diff: 0.0, Sum: 0.0]
      [GC Worker Total (ms): Min: 5.8, Avg: 5.9, Max: 6.0, Diff: 0.2, Sum: 11.8]
      [GC Worker End (ms): Min: 7532.9, Avg: 7532.9, Max: 7532.9, Diff: 0.0]
   [Code Root Fixup: 0.0 ms]
   [Code Root Purge: 0.0 ms]
   [Clear CT: 0.0 ms]
   [Other: 0.4 ms]
      [Choose CSet: 0.0 ms]
      [Ref Proc: 0.2 ms]
      [Ref Enq: 0.0 ms]
      [Redirty Cards: 0.0 ms]
      [Humongous Register: 0.1 ms]
      [Humongous Reclaim: 0.0 ms]
      [Free CSet: 0.0 ms]
   [Eden: 48128.0K(48128.0K)->0.0B(90112.0K) Survivors: 4096.0K->4096.0K Heap: 200.5M(1024.0M)->153.0M(1024.0M)]
 [Times: user=0.01 sys=0.00, real=0.00 secs] 
2019-11-18T09:19:26.568+0100: 7.665: [GC pause (G1 Evacuation Pause) (young), 0.0064635 secs]
   [Parallel Time: 6.0 ms, GC Workers: 2]
      [GC Worker Start (ms): Min: 7665.5, Avg: 7665.5, Max: 7665.5, Diff: 0.0]
      [Ext Root Scanning (ms): Min: 1.2, Avg: 1.3, Max: 1.4, Diff: 0.1, Sum: 2.6]
      [Update RS (ms): Min: 1.2, Avg: 1.2, Max: 1.2, Diff: 0.0, Sum: 2.4]
         [Processed Buffers: Min: 4, Avg: 9.0, Max: 14, Diff: 10, Sum: 18]
      [Scan RS (ms): Min: 0.0, Avg: 0.0, Max: 0.0, Diff: 0.0, Sum: 0.1]
      [Code Root Scanning (ms): Min: 0.0, Avg: 0.2, Max: 0.3, Diff: 0.3, Sum: 0.3]
      [Object Copy (ms): Min: 3.0, Avg: 3.2, Max: 3.4, Diff: 0.5, Sum: 6.4]
      [Termination (ms): Min: 0.0, Avg: 0.0, Max: 0.0, Diff: 0.0, Sum: 0.0]
         [Termination Attempts: Min: 1, Avg: 1.0, Max: 1, Diff: 0, Sum: 2]
      [GC Worker Other (ms): Min: 0.0, Avg: 0.0, Max: 0.0, Diff: 0.0, Sum: 0.0]
      [GC Worker Total (ms): Min: 5.9, Avg: 5.9, Max: 5.9, Diff: 0.0, Sum: 11.8]
      [GC Worker End (ms): Min: 7671.4, Avg: 7671.4, Max: 7671.4, Diff: 0.0]
   [Code Root Fixup: 0.0 ms]
   [Code Root Purge: 0.0 ms]
   [Clear CT: 0.0 ms]
   [Other: 0.4 ms]
      [Choose CSet: 0.0 ms]
      [Ref Proc: 0.1 ms]
      [Ref Enq: 0.0 ms]
      [Redirty Cards: 0.0 ms]
      [Humongous Register: 0.0 ms]
      [Humongous Reclaim: 0.0 ms]
      [Free CSet: 0.1 ms]
   [Eden: 90112.0K(90112.0K)->0.0B(515.0M) Survivors: 4096.0K->4096.0K Heap: 241.0M(1024.0M)->153.0M(1024.0M)]
 [Times: user=0.01 sys=0.01, real=0.00 secs] 
2019-11-18T09:19:26.685+0100: 7.783: [GC pause (G1 Evacuation Pause) (young), 0.0103261 secs]
   [Parallel Time: 9.8 ms, GC Workers: 2]
      [GC Worker Start (ms): Min: 7783.2, Avg: 7786.4, Max: 7789.6, Diff: 6.4]
      [Ext Root Scanning (ms): Min: 0.0, Avg: 0.9, Max: 1.8, Diff: 1.8, Sum: 1.8]
      [Update RS (ms): Min: 0.0, Avg: 0.3, Max: 0.6, Diff: 0.6, Sum: 0.6]
         [Processed Buffers: Min: 0, Avg: 10.5, Max: 21, Diff: 21, Sum: 21]
      [Scan RS (ms): Min: 0.0, Avg: 0.9, Max: 1.9, Diff: 1.9, Sum: 1.9]
      [Code Root Scanning (ms): Min: 0.0, Avg: 0.2, Max: 0.3, Diff: 0.3, Sum: 0.3]
      [Object Copy (ms): Min: 3.2, Avg: 4.2, Max: 5.1, Diff: 1.9, Sum: 8.3]
      [Termination (ms): Min: 0.0, Avg: 0.1, Max: 0.1, Diff: 0.1, Sum: 0.1]
         [Termination Attempts: Min: 1, Avg: 1.0, Max: 1, Diff: 0, Sum: 2]
      [GC Worker Other (ms): Min: 0.0, Avg: 0.0, Max: 0.0, Diff: 0.0, Sum: 0.0]
      [GC Worker Total (ms): Min: 3.4, Avg: 6.6, Max: 9.8, Diff: 6.4, Sum: 13.1]
      [GC Worker End (ms): Min: 7793.0, Avg: 7793.0, Max: 7793.0, Diff: 0.0]
   [Code Root Fixup: 0.0 ms]
   [Code Root Purge: 0.0 ms]
   [Clear CT: 0.0 ms]
   [Other: 0.5 ms]
      [Choose CSet: 0.0 ms]
      [Ref Proc: 0.2 ms]
      [Ref Enq: 0.0 ms]
      [Redirty Cards: 0.0 ms]
      [Humongous Register: 0.0 ms]
      [Humongous Reclaim: 0.0 ms]
      [Free CSet: 0.0 ms]
   [Eden: 72704.0K(48128.0K)->0.0B(498.0M) Survivors: 4096.0K->4096.0K Heap: 229.0M(1024.0M)->153.5M(1024.0M)]
 [Times: user=0.03 sys=0.00, real=0.01 secs] 
2019-11-18T09:19:26.760+0100: 7.857: [GC pause (Metadata GC Threshold) (young) (initial-mark), 0.0062357 secs]
   [Parallel Time: 5.7 ms, GC Workers: 2]
      [GC Worker Start (ms): Min: 7857.7, Avg: 7857.7, Max: 7857.7, Diff: 0.0]
      [Ext Root Scanning (ms): Min: 1.4, Avg: 1.4, Max: 1.4, Diff: 0.1, Sum: 2.8]
      [Update RS (ms): Min: 0.5, Avg: 0.5, Max: 0.5, Diff: 0.0, Sum: 1.0]
         [Processed Buffers: Min: 10, Avg: 11.5, Max: 13, Diff: 3, Sum: 23]
      [Scan RS (ms): Min: 0.9, Avg: 0.9, Max: 0.9, Diff: 0.0, Sum: 1.7]
      [Code Root Scanning (ms): Min: 0.0, Avg: 0.2, Max: 0.4, Diff: 0.4, Sum: 0.4]
      [Object Copy (ms): Min: 2.3, Avg: 2.5, Max: 2.8, Diff: 0.4, Sum: 5.1]
      [Termination (ms): Min: 0.0, Avg: 0.0, Max: 0.0, Diff: 0.0, Sum: 0.0]
         [Termination Attempts: Min: 1, Avg: 1.0, Max: 1, Diff: 0, Sum: 2]
      [GC Worker Other (ms): Min: 0.0, Avg: 0.0, Max: 0.0, Diff: 0.0, Sum: 0.0]
      [GC Worker Total (ms): Min: 5.5, Avg: 5.5, Max: 5.5, Diff: 0.0, Sum: 11.0]
      [GC Worker End (ms): Min: 7863.2, Avg: 7863.2, Max: 7863.2, Diff: 0.0]
   [Code Root Fixup: 0.0 ms]
   [Code Root Purge: 0.0 ms]
   [Clear CT: 0.0 ms]
   [Other: 0.5 ms]
      [Choose CSet: 0.0 ms]
      [Ref Proc: 0.3 ms]
      [Ref Enq: 0.0 ms]
      [Redirty Cards: 0.0 ms]
      [Humongous Register: 0.0 ms]
      [Humongous Reclaim: 0.0 ms]
      [Free CSet: 0.0 ms]
   [Eden: 37888.0K(498.0M)->0.0B(554.0M) Survivors: 4096.0K->5120.0K Heap: 194.7M(1024.0M)->154.0M(1024.0M)]
 [Times: user=0.01 sys=0.00, real=0.00 secs] 
2019-11-18T09:19:26.766+0100: 7.864: [GC concurrent-root-region-scan-start]
2019-11-18T09:19:26.769+0100: 7.867: [GC concurrent-root-region-scan-end, 0.0034282 secs]
2019-11-18T09:19:26.769+0100: 7.867: [GC concurrent-mark-start]
2019-11-18T09:19:26.812+0100: 7.910: [GC concurrent-mark-end, 0.0424284 secs]
2019-11-18T09:19:26.812+0100: 7.910: [GC remark 2019-11-18T09:19:26.812+0100: 7.910: [Finalize Marking, 0.0010922 secs] 2019-11-18T09:19:26.813+0100: 7.911: [GC ref-proc, 0.0005774 secs] 2019-11-18T09:19:26.814+0100: 7.911: [Unloading, 0.0110343 secs], 0.0141446 secs]
 [Times: user=0.02 sys=0.00, real=0.01 secs] 
2019-11-18T09:19:26.842+0100: 7.940: [GC cleanup 187M->187M(1024M), 0.0008609 secs]
 [Times: user=0.00 sys=0.00, real=0.00 secs] 
2019-11-18T09:19:31.934+0100: 13.032: [GC pause (G1 Evacuation Pause) (young), 0.0102372 secs]
   [Parallel Time: 8.9 ms, GC Workers: 2]
      [GC Worker Start (ms): Min: 13032.4, Avg: 13032.4, Max: 13032.4, Diff: 0.0]
      [Ext Root Scanning (ms): Min: 0.9, Avg: 1.1, Max: 1.3, Diff: 0.4, Sum: 2.2]
      [Update RS (ms): Min: 1.3, Avg: 1.4, Max: 1.5, Diff: 0.1, Sum: 2.8]
         [Processed Buffers: Min: 17, Avg: 27.0, Max: 37, Diff: 20, Sum: 54]
      [Scan RS (ms): Min: 0.8, Avg: 0.9, Max: 0.9, Diff: 0.1, Sum: 1.7]
      [Code Root Scanning (ms): Min: 0.1, Avg: 0.4, Max: 0.7, Diff: 0.6, Sum: 0.8]
      [Object Copy (ms): Min: 4.7, Avg: 5.1, Max: 5.4, Diff: 0.7, Sum: 10.2]
      [Termination (ms): Min: 0.0, Avg: 0.0, Max: 0.0, Diff: 0.0, Sum: 0.0]
         [Termination Attempts: Min: 1, Avg: 1.0, Max: 1, Diff: 0, Sum: 2]
      [GC Worker Other (ms): Min: 0.0, Avg: 0.0, Max: 0.0, Diff: 0.0, Sum: 0.1]
      [GC Worker Total (ms): Min: 8.8, Avg: 8.9, Max: 8.9, Diff: 0.0, Sum: 17.7]
      [GC Worker End (ms): Min: 13041.2, Avg: 13041.2, Max: 13041.3, Diff: 0.0]
   [Code Root Fixup: 0.0 ms]
   [Code Root Purge: 0.0 ms]
   [Clear CT: 0.2 ms]
   [Other: 1.1 ms]
      [Choose CSet: 0.0 ms]
      [Ref Proc: 0.3 ms]
      [Ref Enq: 0.0 ms]
      [Redirty Cards: 0.0 ms]
      [Humongous Register: 0.0 ms]
      [Humongous Reclaim: 0.0 ms]
      [Free CSet: 0.3 ms]
   [Eden: 554.0M(554.0M)->0.0B(598.0M) Survivors: 5120.0K->6144.0K Heap: 728.0M(1024.0M)->150.5M(1024.0M)]
 [Times: user=0.02 sys=0.00, real=0.01 secs] 
2019-11-18T09:35:37.292+0100: 978.390: [GC pause (G1 Evacuation Pause) (young), 0.0190250 secs]
   [Parallel Time: 17.0 ms, GC Workers: 2]
      [GC Worker Start (ms): Min: 978390.0, Avg: 978390.0, Max: 978390.0, Diff: 0.0]
      [Ext Root Scanning (ms): Min: 1.7, Avg: 2.1, Max: 2.5, Diff: 0.8, Sum: 4.3]
      [Update RS (ms): Min: 2.1, Avg: 2.1, Max: 2.1, Diff: 0.0, Sum: 4.1]
         [Processed Buffers: Min: 21, Avg: 25.5, Max: 30, Diff: 9, Sum: 51]
      [Scan RS (ms): Min: 0.2, Avg: 0.2, Max: 0.3, Diff: 0.1, Sum: 0.5]
      [Code Root Scanning (ms): Min: 0.9, Avg: 1.3, Max: 1.7, Diff: 0.7, Sum: 2.6]
      [Object Copy (ms): Min: 10.4, Avg: 11.2, Max: 12.0, Diff: 1.6, Sum: 22.4]
      [Termination (ms): Min: 0.0, Avg: 0.0, Max: 0.0, Diff: 0.0, Sum: 0.0]
         [Termination Attempts: Min: 1, Avg: 1.0, Max: 1, Diff: 0, Sum: 2]
      [GC Worker Other (ms): Min: 0.0, Avg: 0.0, Max: 0.0, Diff: 0.0, Sum: 0.1]
      [GC Worker Total (ms): Min: 17.0, Avg: 17.0, Max: 17.0, Diff: 0.0, Sum: 33.9]
      [GC Worker End (ms): Min: 978406.9, Avg: 978406.9, Max: 978406.9, Diff: 0.0]
   [Code Root Fixup: 0.1 ms]
   [Code Root Purge: 0.1 ms]
   [Clear CT: 0.3 ms]
   [Other: 1.5 ms]
      [Choose CSet: 0.0 ms]
      [Ref Proc: 0.7 ms]
      [Ref Enq: 0.0 ms]
      [Redirty Cards: 0.0 ms]
      [Humongous Register: 0.1 ms]
      [Humongous Reclaim: 0.0 ms]
      [Free CSet: 0.4 ms]
   [Eden: 598.0M(598.0M)->0.0B(588.0M) Survivors: 6144.0K->11264.0K Heap: 748.5M(1024.0M)->155.0M(1024.0M)]
 [Times: user=0.03 sys=0.01, real=0.02 secs] 
2019-11-18T09:49:06.430+0100: 1787.528: [GC pause (G1 Evacuation Pause) (young), 0.0182335 secs]
   [Parallel Time: 15.5 ms, GC Workers: 2]
      [GC Worker Start (ms): Min: 1787529.7, Avg: 1787530.2, Max: 1787530.7, Diff: 1.0]
      [Ext Root Scanning (ms): Min: 1.2, Avg: 1.8, Max: 2.3, Diff: 1.1, Sum: 3.5]
      [Update RS (ms): Min: 2.2, Avg: 2.2, Max: 2.2, Diff: 0.0, Sum: 4.4]
         [Processed Buffers: Min: 13, Avg: 21.5, Max: 30, Diff: 17, Sum: 43]
      [Scan RS (ms): Min: 0.2, Avg: 0.2, Max: 0.2, Diff: 0.0, Sum: 0.4]
      [Code Root Scanning (ms): Min: 0.1, Avg: 1.2, Max: 2.3, Diff: 2.2, Sum: 2.4]
      [Object Copy (ms): Min: 8.6, Avg: 9.6, Max: 10.7, Diff: 2.2, Sum: 19.3]
      [Termination (ms): Min: 0.0, Avg: 0.0, Max: 0.0, Diff: 0.0, Sum: 0.0]
         [Termination Attempts: Min: 1, Avg: 1.0, Max: 1, Diff: 0, Sum: 2]
      [GC Worker Other (ms): Min: 0.0, Avg: 0.0, Max: 0.0, Diff: 0.0, Sum: 0.0]
      [GC Worker Total (ms): Min: 14.5, Avg: 15.0, Max: 15.5, Diff: 1.0, Sum: 29.9]
      [GC Worker End (ms): Min: 1787545.1, Avg: 1787545.1, Max: 1787545.1, Diff: 0.0]
   [Code Root Fixup: 0.1 ms]
   [Code Root Purge: 0.0 ms]
   [Clear CT: 0.2 ms]
   [Other: 2.5 ms]
      [Choose CSet: 0.0 ms]
      [Ref Proc: 0.5 ms]
      [Ref Enq: 0.0 ms]
      [Redirty Cards: 0.0 ms]
      [Humongous Register: 1.5 ms]
      [Humongous Reclaim: 0.0 ms]
      [Free CSet: 0.3 ms]
   [Eden: 588.0M(588.0M)->0.0B(194.0M) Survivors: 11264.0K->10240.0K Heap: 743.0M(1024.0M)->154.0M(1024.0M)]
 [Times: user=0.03 sys=0.00, real=0.02 secs] 
2019-11-18T09:53:32.497+0100: 2053.595: [GC pause (G1 Evacuation Pause) (young), 0.0158253 secs]
   [Parallel Time: 15.0 ms, GC Workers: 2]
      [GC Worker Start (ms): Min: 2053595.2, Avg: 2053595.2, Max: 2053595.2, Diff: 0.0]
      [Ext Root Scanning (ms): Min: 1.3, Avg: 1.4, Max: 1.6, Diff: 0.3, Sum: 2.8]
      [Update RS (ms): Min: 2.1, Avg: 2.1, Max: 2.1, Diff: 0.0, Sum: 4.2]
         [Processed Buffers: Min: 20, Avg: 21.0, Max: 22, Diff: 2, Sum: 42]
      [Scan RS (ms): Min: 0.1, Avg: 0.1, Max: 0.1, Diff: 0.0, Sum: 0.1]
      [Code Root Scanning (ms): Min: 0.0, Avg: 1.3, Max: 2.6, Diff: 2.6, Sum: 2.7]
      [Object Copy (ms): Min: 8.5, Avg: 10.0, Max: 11.4, Diff: 2.9, Sum: 20.0]
      [Termination (ms): Min: 0.0, Avg: 0.0, Max: 0.0, Diff: 0.0, Sum: 0.0]
         [Termination Attempts: Min: 1, Avg: 1.0, Max: 1, Diff: 0, Sum: 2]
      [GC Worker Other (ms): Min: 0.0, Avg: 0.0, Max: 0.0, Diff: 0.0, Sum: 0.1]
      [GC Worker Total (ms): Min: 14.9, Avg: 14.9, Max: 14.9, Diff: 0.0, Sum: 29.9]
      [GC Worker End (ms): Min: 2053610.1, Avg: 2053610.1, Max: 2053610.1, Diff: 0.0]
   [Code Root Fixup: 0.1 ms]
   [Code Root Purge: 0.0 ms]
   [Clear CT: 0.1 ms]
   [Other: 0.7 ms]
      [Choose CSet: 0.0 ms]
      [Ref Proc: 0.3 ms]
      [Ref Enq: 0.0 ms]
      [Redirty Cards: 0.0 ms]
      [Humongous Register: 0.0 ms]
      [Humongous Reclaim: 0.0 ms]
      [Free CSet: 0.1 ms]
   [Eden: 194.0M(194.0M)->0.0B(155.0M) Survivors: 10240.0K->10240.0K Heap: 348.0M(1024.0M)->154.5M(1024.0M)]
 [Times: user=0.03 sys=0.00, real=0.01 secs] 
2019-11-18T09:57:18.818+0100: 2279.916: [GC pause (G1 Evacuation Pause) (young), 0.0146241 secs]
   [Parallel Time: 13.9 ms, GC Workers: 2]
      [GC Worker Start (ms): Min: 2279916.2, Avg: 2279916.2, Max: 2279916.2, Diff: 0.0]
      [Ext Root Scanning (ms): Min: 1.1, Avg: 1.3, Max: 1.5, Diff: 0.4, Sum: 2.6]
      [Update RS (ms): Min: 1.9, Avg: 1.9, Max: 1.9, Diff: 0.0, Sum: 3.7]
         [Processed Buffers: Min: 8, Avg: 21.0, Max: 34, Diff: 26, Sum: 42]
      [Scan RS (ms): Min: 0.3, Avg: 0.3, Max: 0.4, Diff: 0.0, Sum: 0.7]
      [Code Root Scanning (ms): Min: 0.0, Avg: 1.4, Max: 2.8, Diff: 2.8, Sum: 2.8]
      [Object Copy (ms): Min: 7.3, Avg: 8.9, Max: 10.4, Diff: 3.1, Sum: 17.8]
      [Termination (ms): Min: 0.0, Avg: 0.0, Max: 0.0, Diff: 0.0, Sum: 0.0]
         [Termination Attempts: Min: 1, Avg: 1.0, Max: 1, Diff: 0, Sum: 2]
      [GC Worker Other (ms): Min: 0.0, Avg: 0.0, Max: 0.0, Diff: 0.0, Sum: 0.1]
      [GC Worker Total (ms): Min: 13.8, Avg: 13.8, Max: 13.8, Diff: 0.0, Sum: 27.6]
      [GC Worker End (ms): Min: 2279930.0, Avg: 2279930.0, Max: 2279930.0, Diff: 0.0]
   [Code Root Fixup: 0.1 ms]
   [Code Root Purge: 0.0 ms]
   [Clear CT: 0.1 ms]
   [Other: 0.6 ms]
      [Choose CSet: 0.0 ms]
      [Ref Proc: 0.2 ms]
      [Ref Enq: 0.0 ms]
      [Redirty Cards: 0.0 ms]
      [Humongous Register: 0.0 ms]
      [Humongous Reclaim: 0.0 ms]
      [Free CSet: 0.1 ms]
   [Eden: 155.0M(155.0M)->0.0B(344.0M) Survivors: 10240.0K->10240.0K Heap: 309.5M(1024.0M)->154.0M(1024.0M)]
 [Times: user=0.02 sys=0.00, real=0.01 secs] 
2019-11-18T10:05:52.982+0100: 2794.080: [GC pause (G1 Evacuation Pause) (young), 0.0171383 secs]
   [Parallel Time: 16.1 ms, GC Workers: 2]
      [GC Worker Start (ms): Min: 2794080.3, Avg: 2794080.3, Max: 2794080.3, Diff: 0.0]
      [Ext Root Scanning (ms): Min: 1.2, Avg: 1.4, Max: 1.6, Diff: 0.4, Sum: 2.8]
      [Update RS (ms): Min: 2.1, Avg: 2.1, Max: 2.2, Diff: 0.0, Sum: 4.3]
         [Processed Buffers: Min: 19, Avg: 24.0, Max: 29, Diff: 10, Sum: 48]
      [Scan RS (ms): Min: 0.1, Avg: 0.1, Max: 0.1, Diff: 0.0, Sum: 0.2]
      [Code Root Scanning (ms): Min: 0.1, Avg: 1.6, Max: 3.1, Diff: 3.0, Sum: 3.2]
      [Object Copy (ms): Min: 9.0, Avg: 10.7, Max: 12.5, Diff: 3.5, Sum: 21.5]
      [Termination (ms): Min: 0.0, Avg: 0.0, Max: 0.0, Diff: 0.0, Sum: 0.0]
         [Termination Attempts: Min: 3, Avg: 27.0, Max: 51, Diff: 48, Sum: 54]
      [GC Worker Other (ms): Min: 0.0, Avg: 0.0, Max: 0.1, Diff: 0.0, Sum: 0.1]
      [GC Worker Total (ms): Min: 16.0, Avg: 16.0, Max: 16.0, Diff: 0.0, Sum: 32.0]
      [GC Worker End (ms): Min: 2794096.3, Avg: 2794096.3, Max: 2794096.3, Diff: 0.0]
   [Code Root Fixup: 0.1 ms]
   [Code Root Purge: 0.0 ms]
   [Clear CT: 0.2 ms]
   [Other: 0.8 ms]
      [Choose CSet: 0.0 ms]
      [Ref Proc: 0.3 ms]
      [Ref Enq: 0.0 ms]
      [Redirty Cards: 0.0 ms]
      [Humongous Register: 0.1 ms]
      [Humongous Reclaim: 0.0 ms]
      [Free CSet: 0.2 ms]
   [Eden: 344.0M(344.0M)->0.0B(381.0M) Survivors: 10240.0K->10240.0K Heap: 498.0M(1024.0M)->154.0M(1024.0M)]
 [Times: user=0.03 sys=0.00, real=0.02 secs] 
2019-11-18T10:14:31.669+0100: 3312.766: [GC pause (G1 Evacuation Pause) (young), 0.0155799 secs]
   [Parallel Time: 14.5 ms, GC Workers: 2]
      [GC Worker Start (ms): Min: 3312766.7, Avg: 3312766.7, Max: 3312766.7, Diff: 0.0]
      [Ext Root Scanning (ms): Min: 1.0, Avg: 1.7, Max: 2.3, Diff: 1.2, Sum: 3.3]
      [Update RS (ms): Min: 1.9, Avg: 2.2, Max: 2.6, Diff: 0.8, Sum: 4.5]
         [Processed Buffers: Min: 6, Avg: 22.0, Max: 38, Diff: 32, Sum: 44]
      [Scan RS (ms): Min: 0.2, Avg: 0.3, Max: 0.3, Diff: 0.0, Sum: 0.5]
      [Code Root Scanning (ms): Min: 0.0, Avg: 1.4, Max: 2.7, Diff: 2.6, Sum: 2.7]
      [Object Copy (ms): Min: 7.4, Avg: 8.9, Max: 10.4, Diff: 3.0, Sum: 17.8]
      [Termination (ms): Min: 0.0, Avg: 0.0, Max: 0.0, Diff: 0.0, Sum: 0.0]
         [Termination Attempts: Min: 1, Avg: 1.0, Max: 1, Diff: 0, Sum: 2]
      [GC Worker Other (ms): Min: 0.0, Avg: 0.1, Max: 0.1, Diff: 0.1, Sum: 0.1]
      [GC Worker Total (ms): Min: 14.5, Avg: 14.5, Max: 14.5, Diff: 0.0, Sum: 28.9]
      [GC Worker End (ms): Min: 3312781.2, Avg: 3312781.2, Max: 3312781.2, Diff: 0.0]
   [Code Root Fixup: 0.1 ms]
   [Code Root Purge: 0.0 ms]
   [Clear CT: 0.2 ms]
   [Other: 0.8 ms]
      [Choose CSet: 0.0 ms]
      [Ref Proc: 0.3 ms]
      [Ref Enq: 0.0 ms]
      [Redirty Cards: 0.0 ms]
      [Humongous Register: 0.0 ms]
      [Humongous Reclaim: 0.0 ms]
      [Free CSet: 0.2 ms]
   [Eden: 381.0M(381.0M)->0.0B(523.0M) Survivors: 10240.0K->10240.0K Heap: 535.0M(1024.0M)->154.5M(1024.0M)]
 [Times: user=0.03 sys=0.00, real=0.01 secs] 
2019-11-18T10:26:37.093+0100: 4038.191: [GC pause (G1 Evacuation Pause) (young), 0.0175617 secs]
   [Parallel Time: 15.6 ms, GC Workers: 2]
      [GC Worker Start (ms): Min: 4038191.3, Avg: 4038191.3, Max: 4038191.3, Diff: 0.0]
      [Ext Root Scanning (ms): Min: 1.2, Avg: 2.1, Max: 3.1, Diff: 1.8, Sum: 4.3]
      [Update RS (ms): Min: 1.2, Avg: 1.9, Max: 2.6, Diff: 1.4, Sum: 3.9]
         [Processed Buffers: Min: 15, Avg: 23.5, Max: 32, Diff: 17, Sum: 47]
      [Scan RS (ms): Min: 0.3, Avg: 0.3, Max: 0.3, Diff: 0.0, Sum: 0.7]
      [Code Root Scanning (ms): Min: 0.0, Avg: 1.7, Max: 3.4, Diff: 3.3, Sum: 3.4]
      [Object Copy (ms): Min: 7.5, Avg: 9.3, Max: 11.2, Diff: 3.8, Sum: 18.7]
      [Termination (ms): Min: 0.0, Avg: 0.0, Max: 0.0, Diff: 0.0, Sum: 0.0]
         [Termination Attempts: Min: 1, Avg: 1.0, Max: 1, Diff: 0, Sum: 2]
      [GC Worker Other (ms): Min: 0.0, Avg: 0.1, Max: 0.1, Diff: 0.1, Sum: 0.1]
      [GC Worker Total (ms): Min: 15.5, Avg: 15.5, Max: 15.5, Diff: 0.1, Sum: 31.0]
      [GC Worker End (ms): Min: 4038206.8, Avg: 4038206.8, Max: 4038206.8, Diff: 0.1]
   [Code Root Fixup: 0.1 ms]
   [Code Root Purge: 0.0 ms]
   [Clear CT: 0.2 ms]
   [Other: 1.7 ms]
      [Choose CSet: 0.0 ms]
      [Ref Proc: 0.4 ms]
      [Ref Enq: 0.0 ms]
      [Redirty Cards: 0.0 ms]
      [Humongous Register: 0.0 ms]
      [Humongous Reclaim: 0.0 ms]
      [Free CSet: 1.1 ms]
   [Eden: 523.0M(523.0M)->0.0B(539.0M) Survivors: 10240.0K->10240.0K Heap: 677.5M(1024.0M)->154.0M(1024.0M)]
 [Times: user=0.03 sys=0.00, real=0.02 secs] 
2019-11-18T10:39:29.446+0100: 4810.544: [GC pause (G1 Evacuation Pause) (young), 0.0182885 secs]
   [Parallel Time: 16.7 ms, GC Workers: 2]
      [GC Worker Start (ms): Min: 4810544.6, Avg: 4810545.2, Max: 4810545.8, Diff: 1.2]
      [Ext Root Scanning (ms): Min: 0.8, Avg: 1.4, Max: 2.1, Diff: 1.3, Sum: 2.8]
      [Update RS (ms): Min: 2.4, Avg: 2.4, Max: 2.4, Diff: 0.0, Sum: 4.9]
         [Processed Buffers: Min: 24, Avg: 24.5, Max: 25, Diff: 1, Sum: 49]
      [Scan RS (ms): Min: 0.2, Avg: 0.2, Max: 0.3, Diff: 0.0, Sum: 0.5]
      [Code Root Scanning (ms): Min: 0.1, Avg: 1.2, Max: 2.4, Diff: 2.3, Sum: 2.5]
      [Object Copy (ms): Min: 9.4, Avg: 10.6, Max: 11.8, Diff: 2.4, Sum: 21.2]
      [Termination (ms): Min: 0.0, Avg: 0.0, Max: 0.0, Diff: 0.0, Sum: 0.0]
         [Termination Attempts: Min: 1, Avg: 1.0, Max: 1, Diff: 0, Sum: 2]
      [GC Worker Other (ms): Min: 0.0, Avg: 0.0, Max: 0.1, Diff: 0.0, Sum: 0.1]
      [GC Worker Total (ms): Min: 15.4, Avg: 16.0, Max: 16.6, Diff: 1.2, Sum: 32.0]
      [GC Worker End (ms): Min: 4810561.1, Avg: 4810561.2, Max: 4810561.2, Diff: 0.0]
   [Code Root Fixup: 0.1 ms]
   [Code Root Purge: 0.0 ms]
   [Clear CT: 0.2 ms]
   [Other: 1.4 ms]
      [Choose CSet: 0.0 ms]
      [Ref Proc: 0.7 ms]
      [Ref Enq: 0.0 ms]
      [Redirty Cards: 0.0 ms]
      [Humongous Register: 0.2 ms]
      [Humongous Reclaim: 0.0 ms]
      [Free CSet: 0.3 ms]
   [Eden: 539.0M(539.0M)->0.0B(498.0M) Survivors: 10240.0K->9216.0K Heap: 693.0M(1024.0M)->155.2M(1024.0M)]
 [Times: user=0.03 sys=0.00, real=0.02 secs] 
2019-11-18T10:40:26.665+0100: 4867.762: [GC pause (G1 Evacuation Pause) (young), 0.0136846 secs]
   [Parallel Time: 12.9 ms, GC Workers: 2]
      [GC Worker Start (ms): Min: 4867762.5, Avg: 4867762.6, Max: 4867762.6, Diff: 0.0]
      [Ext Root Scanning (ms): Min: 1.1, Avg: 1.3, Max: 1.4, Diff: 0.3, Sum: 2.5]
      [Update RS (ms): Min: 2.2, Avg: 2.2, Max: 2.2, Diff: 0.0, Sum: 4.4]
         [Processed Buffers: Min: 20, Avg: 22.5, Max: 25, Diff: 5, Sum: 45]
      [Scan RS (ms): Min: 0.6, Avg: 0.6, Max: 0.6, Diff: 0.0, Sum: 1.2]
      [Code Root Scanning (ms): Min: 0.0, Avg: 1.0, Max: 2.0, Diff: 2.0, Sum: 2.0]
      [Object Copy (ms): Min: 6.6, Avg: 7.7, Max: 8.8, Diff: 2.3, Sum: 15.4]
      [Termination (ms): Min: 0.0, Avg: 0.0, Max: 0.0, Diff: 0.0, Sum: 0.0]
         [Termination Attempts: Min: 1, Avg: 1.0, Max: 1, Diff: 0, Sum: 2]
      [GC Worker Other (ms): Min: 0.0, Avg: 0.0, Max: 0.0, Diff: 0.0, Sum: 0.0]
      [GC Worker Total (ms): Min: 12.8, Avg: 12.8, Max: 12.8, Diff: 0.0, Sum: 25.6]
      [GC Worker End (ms): Min: 4867775.4, Avg: 4867775.4, Max: 4867775.4, Diff: 0.0]
   [Code Root Fixup: 0.1 ms]
   [Code Root Purge: 0.0 ms]
   [Clear CT: 0.0 ms]
   [Other: 0.7 ms]
      [Choose CSet: 0.0 ms]
      [Ref Proc: 0.3 ms]
      [Ref Enq: 0.0 ms]
      [Redirty Cards: 0.0 ms]
      [Humongous Register: 0.0 ms]
      [Humongous Reclaim: 0.0 ms]
      [Free CSet: 0.1 ms]
   [Eden: 43008.0K(43008.0K)->0.0B(611.0M) Survivors: 9216.0K->3072.0K Heap: 197.2M(1024.0M)->155.0M(1024.0M)]
 [Times: user=0.02 sys=0.00, real=0.02 secs] 
2019-11-18T10:42:13.918+0100: 4975.016: [GC pause (G1 Evacuation Pause) (young), 0.0166754 secs]
   [Parallel Time: 16.1 ms, GC Workers: 2]
      [GC Worker Start (ms): Min: 4975016.4, Avg: 4975016.4, Max: 4975016.4, Diff: 0.0]
      [Ext Root Scanning (ms): Min: 1.0, Avg: 1.0, Max: 1.1, Diff: 0.1, Sum: 2.0]
      [Update RS (ms): Min: 3.2, Avg: 3.2, Max: 3.3, Diff: 0.1, Sum: 6.5]
         [Processed Buffers: Min: 13, Avg: 25.0, Max: 37, Diff: 24, Sum: 50]
      [Scan RS (ms): Min: 1.4, Avg: 1.5, Max: 1.6, Diff: 0.2, Sum: 2.9]
      [Code Root Scanning (ms): Min: 0.0, Avg: 0.0, Max: 0.0, Diff: 0.0, Sum: 0.0]
      [Object Copy (ms): Min: 10.3, Avg: 10.3, Max: 10.3, Diff: 0.0, Sum: 20.6]
      [Termination (ms): Min: 0.0, Avg: 0.0, Max: 0.0, Diff: 0.0, Sum: 0.0]
         [Termination Attempts: Min: 1, Avg: 1.0, Max: 1, Diff: 0, Sum: 2]
      [GC Worker Other (ms): Min: 0.0, Avg: 0.0, Max: 0.0, Diff: 0.0, Sum: 0.1]
      [GC Worker Total (ms): Min: 16.0, Avg: 16.0, Max: 16.1, Diff: 0.0, Sum: 32.1]
      [GC Worker End (ms): Min: 4975032.5, Avg: 4975032.5, Max: 4975032.5, Diff: 0.0]
   [Code Root Fixup: 0.0 ms]
   [Code Root Purge: 0.0 ms]
   [Clear CT: 0.1 ms]
   [Other: 0.5 ms]
      [Choose CSet: 0.0 ms]
      [Ref Proc: 0.1 ms]
      [Ref Enq: 0.0 ms]
      [Redirty Cards: 0.0 ms]
      [Humongous Register: 0.1 ms]
      [Humongous Reclaim: 0.0 ms]
      [Free CSet: 0.1 ms]
   [Eden: 73728.0K(49152.0K)->0.0B(99328.0K) Survivors: 3072.0K->7168.0K Heap: 227.0M(1024.0M)->159.0M(1024.0M)]
 [Times: user=0.03 sys=0.00, real=0.01 secs] 
2019-11-18T10:45:01.763+0100: 5142.861: [GC pause (G1 Evacuation Pause) (young), 0.0239007 secs]
   [Parallel Time: 23.3 ms, GC Workers: 2]
      [GC Worker Start (ms): Min: 5142860.6, Avg: 5142860.7, Max: 5142860.8, Diff: 0.1]
      [Ext Root Scanning (ms): Min: 1.0, Avg: 1.1, Max: 1.2, Diff: 0.2, Sum: 2.3]
      [Update RS (ms): Min: 2.3, Avg: 2.3, Max: 2.4, Diff: 0.1, Sum: 4.7]
         [Processed Buffers: Min: 21, Avg: 26.5, Max: 32, Diff: 11, Sum: 53]
      [Scan RS (ms): Min: 0.6, Avg: 0.7, Max: 0.7, Diff: 0.1, Sum: 1.4]
      [Code Root Scanning (ms): Min: 0.0, Avg: 0.0, Max: 0.0, Diff: 0.0, Sum: 0.0]
      [Object Copy (ms): Min: 16.9, Avg: 17.6, Max: 18.3, Diff: 1.4, Sum: 35.2]
      [Termination (ms): Min: 0.0, Avg: 0.9, Max: 1.7, Diff: 1.7, Sum: 1.7]
         [Termination Attempts: Min: 1, Avg: 1.0, Max: 1, Diff: 0, Sum: 2]
      [GC Worker Other (ms): Min: 0.0, Avg: 0.0, Max: 0.0, Diff: 0.0, Sum: 0.0]
      [GC Worker Total (ms): Min: 22.6, Avg: 22.7, Max: 22.8, Diff: 0.2, Sum: 45.3]
      [GC Worker End (ms): Min: 5142883.2, Avg: 5142883.4, Max: 5142883.5, Diff: 0.3]
   [Code Root Fixup: 0.0 ms]
   [Code Root Purge: 0.0 ms]
   [Clear CT: 0.1 ms]
   [Other: 0.5 ms]
      [Choose CSet: 0.0 ms]
      [Ref Proc: 0.2 ms]
      [Ref Enq: 0.0 ms]
      [Redirty Cards: 0.0 ms]
      [Humongous Register: 0.0 ms]
      [Humongous Reclaim: 0.0 ms]
      [Free CSet: 0.1 ms]
   [Eden: 99328.0K(99328.0K)->0.0B(41984.0K) Survivors: 7168.0K->11264.0K Heap: 256.0M(1024.0M)->163.0M(1024.0M)]
 [Times: user=0.04 sys=0.00, real=0.02 secs] 
2019-11-18T10:45:52.732+0100: 5193.830: [GC pause (G1 Evacuation Pause) (young), 0.0226691 secs]
   [Parallel Time: 22.2 ms, GC Workers: 2]
      [GC Worker Start (ms): Min: 5193829.9, Avg: 5193830.3, Max: 5193830.7, Diff: 0.8]
      [Ext Root Scanning (ms): Min: 0.6, Avg: 1.0, Max: 1.4, Diff: 0.8, Sum: 2.1]
      [Update RS (ms): Min: 1.3, Avg: 1.3, Max: 1.4, Diff: 0.1, Sum: 2.7]
         [Processed Buffers: Min: 22, Avg: 23.0, Max: 24, Diff: 2, Sum: 46]
      [Scan RS (ms): Min: 1.0, Avg: 1.0, Max: 1.0, Diff: 0.0, Sum: 2.1]
      [Code Root Scanning (ms): Min: 0.0, Avg: 0.0, Max: 0.0, Diff: 0.0, Sum: 0.1]
      [Object Copy (ms): Min: 18.3, Avg: 18.3, Max: 18.4, Diff: 0.0, Sum: 36.7]
      [Termination (ms): Min: 0.0, Avg: 0.0, Max: 0.0, Diff: 0.0, Sum: 0.0]
         [Termination Attempts: Min: 1, Avg: 1.0, Max: 1, Diff: 0, Sum: 2]
      [GC Worker Other (ms): Min: 0.0, Avg: 0.0, Max: 0.0, Diff: 0.0, Sum: 0.0]
      [GC Worker Total (ms): Min: 21.4, Avg: 21.8, Max: 22.2, Diff: 0.8, Sum: 43.5]
      [GC Worker End (ms): Min: 5193852.0, Avg: 5193852.0, Max: 5193852.0, Diff: 0.0]
   [Code Root Fixup: 0.0 ms]
   [Code Root Purge: 0.0 ms]
   [Clear CT: 0.0 ms]
   [Other: 0.4 ms]
      [Choose CSet: 0.0 ms]
      [Ref Proc: 0.1 ms]
      [Ref Enq: 0.0 ms]
      [Redirty Cards: 0.1 ms]
      [Humongous Register: 0.0 ms]
      [Humongous Reclaim: 0.0 ms]
      [Free CSet: 0.1 ms]
   [Eden: 40960.0K(40960.0K)->0.0B(87040.0K) Survivors: 11264.0K->4096.0K Heap: 203.0M(1024.0M)->164.9M(1024.0M)]
 [Times: user=0.04 sys=0.00, real=0.02 secs] 
2019-11-18T10:47:09.124+0100: 5270.222: [GC pause (G1 Evacuation Pause) (young), 0.0176060 secs]
   [Parallel Time: 17.1 ms, GC Workers: 2]
      [GC Worker Start (ms): Min: 5270221.9, Avg: 5270221.9, Max: 5270221.9, Diff: 0.0]
      [Ext Root Scanning (ms): Min: 1.0, Avg: 1.1, Max: 1.1, Diff: 0.1, Sum: 2.1]
      [Update RS (ms): Min: 2.5, Avg: 2.6, Max: 2.6, Diff: 0.1, Sum: 5.1]
         [Processed Buffers: Min: 13, Avg: 23.0, Max: 33, Diff: 20, Sum: 46]
      [Scan RS (ms): Min: 2.2, Avg: 2.2, Max: 2.2, Diff: 0.0, Sum: 4.4]
      [Code Root Scanning (ms): Min: 0.0, Avg: 0.0, Max: 0.0, Diff: 0.0, Sum: 0.0]
      [Object Copy (ms): Min: 11.0, Avg: 11.1, Max: 11.2, Diff: 0.2, Sum: 22.3]
      [Termination (ms): Min: 0.0, Avg: 0.0, Max: 0.0, Diff: 0.0, Sum: 0.0]
         [Termination Attempts: Min: 1, Avg: 1.0, Max: 1, Diff: 0, Sum: 2]
      [GC Worker Other (ms): Min: 0.0, Avg: 0.0, Max: 0.0, Diff: 0.0, Sum: 0.0]
      [GC Worker Total (ms): Min: 17.0, Avg: 17.0, Max: 17.0, Diff: 0.0, Sum: 34.0]
      [GC Worker End (ms): Min: 5270238.9, Avg: 5270238.9, Max: 5270238.9, Diff: 0.0]
   [Code Root Fixup: 0.0 ms]
   [Code Root Purge: 0.0 ms]
   [Clear CT: 0.0 ms]
   [Other: 0.5 ms]
      [Choose CSet: 0.0 ms]
      [Ref Proc: 0.2 ms]
      [Ref Enq: 0.0 ms]
      [Redirty Cards: 0.0 ms]
      [Humongous Register: 0.0 ms]
      [Humongous Reclaim: 0.0 ms]
      [Free CSet: 0.1 ms]
   [Eden: 48128.0K(48128.0K)->0.0B(45056.0K) Survivors: 4096.0K->7168.0K Heap: 211.9M(1024.0M)->167.4M(1024.0M)]
 [Times: user=0.03 sys=0.00, real=0.02 secs] 
2019-11-18T10:48:09.275+0100: 5330.372: [GC pause (G1 Evacuation Pause) (young), 0.0209918 secs]
   [Parallel Time: 20.5 ms, GC Workers: 2]
      [GC Worker Start (ms): Min: 5330372.6, Avg: 5330375.6, Max: 5330378.6, Diff: 6.1]
      [Ext Root Scanning (ms): Min: 0.0, Avg: 0.9, Max: 1.8, Diff: 1.8, Sum: 1.8]
      [Update RS (ms): Min: 0.0, Avg: 1.8, Max: 3.7, Diff: 3.7, Sum: 3.7]
         [Processed Buffers: Min: 0, Avg: 24.0, Max: 48, Diff: 48, Sum: 48]
      [Scan RS (ms): Min: 2.2, Avg: 2.4, Max: 2.6, Diff: 0.4, Sum: 4.8]
      [Code Root Scanning (ms): Min: 0.0, Avg: 0.0, Max: 0.0, Diff: 0.0, Sum: 0.0]
      [Object Copy (ms): Min: 12.1, Avg: 12.2, Max: 12.3, Diff: 0.2, Sum: 24.5]
      [Termination (ms): Min: 0.0, Avg: 0.0, Max: 0.0, Diff: 0.0, Sum: 0.0]
         [Termination Attempts: Min: 1, Avg: 1.5, Max: 2, Diff: 1, Sum: 3]
      [GC Worker Other (ms): Min: 0.0, Avg: 0.0, Max: 0.0, Diff: 0.0, Sum: 0.0]
      [GC Worker Total (ms): Min: 14.4, Avg: 17.4, Max: 20.5, Diff: 6.1, Sum: 34.8]
      [GC Worker End (ms): Min: 5330393.0, Avg: 5330393.0, Max: 5330393.0, Diff: 0.0]
   [Code Root Fixup: 0.0 ms]
   [Code Root Purge: 0.0 ms]
   [Clear CT: 0.0 ms]
   [Other: 0.5 ms]
      [Choose CSet: 0.0 ms]
      [Ref Proc: 0.1 ms]
      [Ref Enq: 0.0 ms]
      [Redirty Cards: 0.0 ms]
      [Humongous Register: 0.0 ms]
      [Humongous Reclaim: 0.0 ms]
      [Free CSet: 0.1 ms]
   [Eden: 45056.0K(45056.0K)->0.0B(46080.0K) Survivors: 7168.0K->6144.0K Heap: 211.4M(1024.0M)->169.5M(1024.0M)]
 [Times: user=0.04 sys=0.00, real=0.02 secs] 
2019-11-18T10:49:12.029+0100: 5393.127: [GC pause (G1 Evacuation Pause) (young), 0.0191519 secs]
   [Parallel Time: 18.6 ms, GC Workers: 2]
      [GC Worker Start (ms): Min: 5393127.0, Avg: 5393127.0, Max: 5393127.0, Diff: 0.0]
      [Ext Root Scanning (ms): Min: 1.0, Avg: 1.1, Max: 1.1, Diff: 0.1, Sum: 2.1]
      [Update RS (ms): Min: 2.1, Avg: 2.2, Max: 2.3, Diff: 0.2, Sum: 4.4]
         [Processed Buffers: Min: 8, Avg: 22.5, Max: 37, Diff: 29, Sum: 45]
      [Scan RS (ms): Min: 2.2, Avg: 2.2, Max: 2.3, Diff: 0.1, Sum: 4.5]
      [Code Root Scanning (ms): Min: 0.0, Avg: 0.0, Max: 0.1, Diff: 0.0, Sum: 0.1]
      [Object Copy (ms): Min: 12.9, Avg: 13.0, Max: 13.0, Diff: 0.0, Sum: 25.9]
      [Termination (ms): Min: 0.0, Avg: 0.0, Max: 0.0, Diff: 0.0, Sum: 0.0]
         [Termination Attempts: Min: 1, Avg: 1.0, Max: 1, Diff: 0, Sum: 2]
      [GC Worker Other (ms): Min: 0.0, Avg: 0.0, Max: 0.0, Diff: 0.0, Sum: 0.0]
      [GC Worker Total (ms): Min: 18.5, Avg: 18.5, Max: 18.5, Diff: 0.0, Sum: 37.0]
      [GC Worker End (ms): Min: 5393145.5, Avg: 5393145.5, Max: 5393145.5, Diff: 0.0]
   [Code Root Fixup: 0.0 ms]
   [Code Root Purge: 0.0 ms]
   [Clear CT: 0.0 ms]
   [Other: 0.5 ms]
      [Choose CSet: 0.0 ms]
      [Ref Proc: 0.2 ms]
      [Ref Enq: 0.0 ms]
      [Redirty Cards: 0.0 ms]
      [Humongous Register: 0.0 ms]
      [Humongous Reclaim: 0.0 ms]
      [Free CSet: 0.1 ms]
   [Eden: 46080.0K(46080.0K)->0.0B(46080.0K) Survivors: 6144.0K->6144.0K Heap: 214.5M(1024.0M)->171.5M(1024.0M)]
 [Times: user=0.04 sys=0.00, real=0.02 secs] 
2019-11-18T10:50:14.517+0100: 5455.614: [GC pause (G1 Evacuation Pause) (young), 0.0184418 secs]
   [Parallel Time: 18.0 ms, GC Workers: 2]
      [GC Worker Start (ms): Min: 5455614.6, Avg: 5455614.6, Max: 5455614.7, Diff: 0.1]
      [Ext Root Scanning (ms): Min: 1.0, Avg: 1.1, Max: 1.2, Diff: 0.2, Sum: 2.3]
      [Update RS (ms): Min: 2.4, Avg: 2.5, Max: 2.6, Diff: 0.2, Sum: 5.0]
         [Processed Buffers: Min: 13, Avg: 24.0, Max: 35, Diff: 22, Sum: 48]
      [Scan RS (ms): Min: 2.6, Avg: 2.6, Max: 2.7, Diff: 0.2, Sum: 5.3]
      [Code Root Scanning (ms): Min: 0.0, Avg: 0.0, Max: 0.1, Diff: 0.1, Sum: 0.1]
      [Object Copy (ms): Min: 11.6, Avg: 11.6, Max: 11.6, Diff: 0.1, Sum: 23.2]
      [Termination (ms): Min: 0.0, Avg: 0.0, Max: 0.0, Diff: 0.0, Sum: 0.0]
         [Termination Attempts: Min: 1, Avg: 1.0, Max: 1, Diff: 0, Sum: 2]
      [GC Worker Other (ms): Min: 0.0, Avg: 0.0, Max: 0.0, Diff: 0.0, Sum: 0.0]
      [GC Worker Total (ms): Min: 17.8, Avg: 17.9, Max: 17.9, Diff: 0.1, Sum: 35.8]
      [GC Worker End (ms): Min: 5455632.5, Avg: 5455632.5, Max: 5455632.5, Diff: 0.0]
   [Code Root Fixup: 0.0 ms]
   [Code Root Purge: 0.0 ms]
   [Clear CT: 0.0 ms]
   [Other: 0.4 ms]
      [Choose CSet: 0.0 ms]
      [Ref Proc: 0.1 ms]
      [Ref Enq: 0.0 ms]
      [Redirty Cards: 0.0 ms]
      [Humongous Register: 0.0 ms]
      [Humongous Reclaim: 0.0 ms]
      [Free CSet: 0.1 ms]
   [Eden: 46080.0K(46080.0K)->0.0B(46080.0K) Survivors: 6144.0K->6144.0K Heap: 216.5M(1024.0M)->174.0M(1024.0M)]
 [Times: user=0.03 sys=0.00, real=0.02 secs] 
2019-11-18T10:51:17.696+0100: 5518.794: [GC pause (G1 Evacuation Pause) (young), 0.0173160 secs]
   [Parallel Time: 16.8 ms, GC Workers: 2]
      [GC Worker Start (ms): Min: 5518794.2, Avg: 5518794.2, Max: 5518794.2, Diff: 0.0]
      [Ext Root Scanning (ms): Min: 1.0, Avg: 1.0, Max: 1.0, Diff: 0.0, Sum: 2.0]
      [Update RS (ms): Min: 2.4, Avg: 2.4, Max: 2.4, Diff: 0.0, Sum: 4.8]
         [Processed Buffers: Min: 10, Avg: 21.0, Max: 32, Diff: 22, Sum: 42]
      [Scan RS (ms): Min: 2.2, Avg: 2.2, Max: 2.3, Diff: 0.1, Sum: 4.5]
      [Code Root Scanning (ms): Min: 0.0, Avg: 0.0, Max: 0.0, Diff: 0.0, Sum: 0.0]
      [Object Copy (ms): Min: 11.1, Avg: 11.1, Max: 11.2, Diff: 0.1, Sum: 22.3]
      [Termination (ms): Min: 0.0, Avg: 0.0, Max: 0.0, Diff: 0.0, Sum: 0.0]
         [Termination Attempts: Min: 1, Avg: 1.0, Max: 1, Diff: 0, Sum: 2]
      [GC Worker Other (ms): Min: 0.0, Avg: 0.0, Max: 0.0, Diff: 0.0, Sum: 0.0]
      [GC Worker Total (ms): Min: 16.8, Avg: 16.8, Max: 16.8, Diff: 0.0, Sum: 33.5]
      [GC Worker End (ms): Min: 5518811.0, Avg: 5518811.0, Max: 5518811.0, Diff: 0.0]
   [Code Root Fixup: 0.0 ms]
   [Code Root Purge: 0.0 ms]
   [Clear CT: 0.1 ms]
   [Other: 0.4 ms]
      [Choose CSet: 0.0 ms]
      [Ref Proc: 0.1 ms]
      [Ref Enq: 0.0 ms]
      [Redirty Cards: 0.0 ms]
      [Humongous Register: 0.0 ms]
      [Humongous Reclaim: 0.0 ms]
      [Free CSet: 0.1 ms]
   [Eden: 46080.0K(46080.0K)->0.0B(54272.0K) Survivors: 6144.0K->5120.0K Heap: 219.0M(1024.0M)->176.0M(1024.0M)]
 [Times: user=0.03 sys=0.00, real=0.02 secs] 
2019-11-18T10:52:27.591+0100: 5588.688: [GC pause (G1 Evacuation Pause) (young), 0.0184416 secs]
   [Parallel Time: 17.9 ms, GC Workers: 2]
      [GC Worker Start (ms): Min: 5588688.7, Avg: 5588688.7, Max: 5588688.7, Diff: 0.0]
      [Ext Root Scanning (ms): Min: 1.0, Avg: 1.0, Max: 1.1, Diff: 0.1, Sum: 2.1]
      [Update RS (ms): Min: 2.4, Avg: 2.5, Max: 2.6, Diff: 0.2, Sum: 5.0]
         [Processed Buffers: Min: 7, Avg: 21.0, Max: 35, Diff: 28, Sum: 42]
      [Scan RS (ms): Min: 3.1, Avg: 3.2, Max: 3.3, Diff: 0.2, Sum: 6.4]
      [Code Root Scanning (ms): Min: 0.0, Avg: 0.0, Max: 0.0, Diff: 0.0, Sum: 0.0]
      [Object Copy (ms): Min: 11.0, Avg: 11.1, Max: 11.1, Diff: 0.1, Sum: 22.2]
      [Termination (ms): Min: 0.0, Avg: 0.0, Max: 0.0, Diff: 0.0, Sum: 0.0]
         [Termination Attempts: Min: 1, Avg: 1.0, Max: 1, Diff: 0, Sum: 2]
      [GC Worker Other (ms): Min: 0.0, Avg: 0.0, Max: 0.0, Diff: 0.0, Sum: 0.0]
      [GC Worker Total (ms): Min: 17.8, Avg: 17.8, Max: 17.8, Diff: 0.0, Sum: 35.7]
      [GC Worker End (ms): Min: 5588706.5, Avg: 5588706.5, Max: 5588706.5, Diff: 0.0]
   [Code Root Fixup: 0.0 ms]
   [Code Root Purge: 0.0 ms]
   [Clear CT: 0.0 ms]
   [Other: 0.5 ms]
      [Choose CSet: 0.0 ms]
      [Ref Proc: 0.1 ms]
      [Ref Enq: 0.0 ms]
      [Redirty Cards: 0.1 ms]
      [Humongous Register: 0.0 ms]
      [Humongous Reclaim: 0.0 ms]
      [Free CSet: 0.1 ms]
   [Eden: 47104.0K(47104.0K)->0.0B(52224.0K) Survivors: 5120.0K->5120.0K Heap: 222.0M(1024.0M)->177.5M(1024.0M)]
 [Times: user=0.04 sys=0.00, real=0.02 secs] 
2019-11-18T10:53:44.963+0100: 5666.060: [GC pause (G1 Evacuation Pause) (young), 0.0188455 secs]
   [Parallel Time: 18.3 ms, GC Workers: 2]
      [GC Worker Start (ms): Min: 5666060.6, Avg: 5666060.6, Max: 5666060.6, Diff: 0.1]
      [Ext Root Scanning (ms): Min: 0.9, Avg: 1.0, Max: 1.1, Diff: 0.1, Sum: 2.0]
      [Update RS (ms): Min: 2.0, Avg: 2.1, Max: 2.2, Diff: 0.2, Sum: 4.2]
         [Processed Buffers: Min: 10, Avg: 20.0, Max: 30, Diff: 20, Sum: 40]
      [Scan RS (ms): Min: 2.8, Avg: 2.9, Max: 2.9, Diff: 0.1, Sum: 5.7]
      [Code Root Scanning (ms): Min: 0.0, Avg: 0.0, Max: 0.0, Diff: 0.0, Sum: 0.0]
      [Object Copy (ms): Min: 12.2, Avg: 12.3, Max: 12.3, Diff: 0.1, Sum: 24.5]
      [Termination (ms): Min: 0.0, Avg: 0.0, Max: 0.0, Diff: 0.0, Sum: 0.0]
         [Termination Attempts: Min: 1, Avg: 1.0, Max: 1, Diff: 0, Sum: 2]
      [GC Worker Other (ms): Min: 0.0, Avg: 0.0, Max: 0.0, Diff: 0.0, Sum: 0.0]
      [GC Worker Total (ms): Min: 18.2, Avg: 18.2, Max: 18.3, Diff: 0.1, Sum: 36.5]
      [GC Worker End (ms): Min: 5666078.8, Avg: 5666078.8, Max: 5666078.8, Diff: 0.0]
   [Code Root Fixup: 0.0 ms]
   [Code Root Purge: 0.0 ms]
   [Clear CT: 0.0 ms]
   [Other: 0.5 ms]
      [Choose CSet: 0.0 ms]
      [Ref Proc: 0.1 ms]
      [Ref Enq: 0.0 ms]
      [Redirty Cards: 0.1 ms]
      [Humongous Register: 0.0 ms]
      [Humongous Reclaim: 0.0 ms]
      [Free CSet: 0.1 ms]
   [Eden: 47104.0K(47104.0K)->0.0B(47104.0K) Survivors: 5120.0K->5120.0K Heap: 223.5M(1024.0M)->180.0M(1024.0M)]
 [Times: user=0.03 sys=0.00, real=0.02 secs] 
2019-11-18T10:54:42.047+0100: 5723.145: [GC pause (G1 Evacuation Pause) (young), 0.0193183 secs]
   [Parallel Time: 18.7 ms, GC Workers: 2]
      [GC Worker Start (ms): Min: 5723144.7, Avg: 5723144.7, Max: 5723144.7, Diff: 0.0]
      [Ext Root Scanning (ms): Min: 1.1, Avg: 1.1, Max: 1.2, Diff: 0.1, Sum: 2.2]
      [Update RS (ms): Min: 2.1, Avg: 2.1, Max: 2.1, Diff: 0.1, Sum: 4.2]
         [Processed Buffers: Min: 5, Avg: 21.5, Max: 38, Diff: 33, Sum: 43]
      [Scan RS (ms): Min: 3.0, Avg: 3.0, Max: 3.1, Diff: 0.1, Sum: 6.1]
      [Code Root Scanning (ms): Min: 0.0, Avg: 0.0, Max: 0.0, Diff: 0.0, Sum: 0.0]
      [Object Copy (ms): Min: 12.4, Avg: 12.4, Max: 12.5, Diff: 0.1, Sum: 24.9]
      [Termination (ms): Min: 0.0, Avg: 0.0, Max: 0.0, Diff: 0.0, Sum: 0.0]
         [Termination Attempts: Min: 1, Avg: 1.0, Max: 1, Diff: 0, Sum: 2]
      [GC Worker Other (ms): Min: 0.0, Avg: 0.0, Max: 0.0, Diff: 0.0, Sum: 0.0]
      [GC Worker Total (ms): Min: 18.7, Avg: 18.7, Max: 18.7, Diff: 0.0, Sum: 37.4]
      [GC Worker End (ms): Min: 5723163.4, Avg: 5723163.4, Max: 5723163.4, Diff: 0.0]
   [Code Root Fixup: 0.0 ms]
   [Code Root Purge: 0.0 ms]
   [Clear CT: 0.0 ms]
   [Other: 0.5 ms]
      [Choose CSet: 0.0 ms]
      [Ref Proc: 0.1 ms]
      [Ref Enq: 0.0 ms]
      [Redirty Cards: 0.1 ms]
      [Humongous Register: 0.0 ms]
      [Humongous Reclaim: 0.0 ms]
      [Free CSet: 0.1 ms]
   [Eden: 47104.0K(47104.0K)->0.0B(45056.0K) Survivors: 5120.0K->7168.0K Heap: 226.0M(1024.0M)->183.5M(1024.0M)]
 [Times: user=0.04 sys=0.00, real=0.02 secs] 
2019-11-18T10:55:42.198+0100: 5783.296: [GC pause (G1 Evacuation Pause) (young), 0.0195719 secs]
   [Parallel Time: 18.9 ms, GC Workers: 2]
      [GC Worker Start (ms): Min: 5783295.9, Avg: 5783295.9, Max: 5783296.0, Diff: 0.0]
      [Ext Root Scanning (ms): Min: 1.0, Avg: 1.2, Max: 1.3, Diff: 0.3, Sum: 2.4]
      [Update RS (ms): Min: 1.7, Avg: 1.7, Max: 1.8, Diff: 0.1, Sum: 3.5]
         [Processed Buffers: Min: 15, Avg: 21.5, Max: 28, Diff: 13, Sum: 43]
      [Scan RS (ms): Min: 3.1, Avg: 3.2, Max: 3.2, Diff: 0.1, Sum: 6.3]
      [Code Root Scanning (ms): Min: 0.0, Avg: 0.0, Max: 0.0, Diff: 0.0, Sum: 0.0]
      [Object Copy (ms): Min: 12.6, Avg: 12.8, Max: 13.0, Diff: 0.3, Sum: 25.6]
      [Termination (ms): Min: 0.0, Avg: 0.0, Max: 0.0, Diff: 0.0, Sum: 0.0]
         [Termination Attempts: Min: 1, Avg: 1.5, Max: 2, Diff: 1, Sum: 3]
      [GC Worker Other (ms): Min: 0.0, Avg: 0.0, Max: 0.0, Diff: 0.0, Sum: 0.0]
      [GC Worker Total (ms): Min: 18.9, Avg: 18.9, Max: 18.9, Diff: 0.0, Sum: 37.8]
      [GC Worker End (ms): Min: 5783314.9, Avg: 5783314.9, Max: 5783314.9, Diff: 0.0]
   [Code Root Fixup: 0.0 ms]
   [Code Root Purge: 0.0 ms]
   [Clear CT: 0.1 ms]
   [Other: 0.5 ms]
      [Choose CSet: 0.0 ms]
      [Ref Proc: 0.1 ms]
      [Ref Enq: 0.0 ms]
      [Redirty Cards: 0.0 ms]
      [Humongous Register: 0.0 ms]
      [Humongous Reclaim: 0.0 ms]
      [Free CSet: 0.1 ms]
   [Eden: 45056.0K(45056.0K)->0.0B(46080.0K) Survivors: 7168.0K->6144.0K Heap: 227.5M(1024.0M)->185.0M(1024.0M)]
 [Times: user=0.03 sys=0.00, real=0.02 secs] 
2019-11-18T10:56:44.872+0100: 5845.970: [GC pause (G1 Evacuation Pause) (young), 0.0197272 secs]
   [Parallel Time: 19.2 ms, GC Workers: 2]
      [GC Worker Start (ms): Min: 5845969.9, Avg: 5845969.9, Max: 5845969.9, Diff: 0.0]
      [Ext Root Scanning (ms): Min: 0.9, Avg: 1.0, Max: 1.2, Diff: 0.3, Sum: 2.1]
      [Update RS (ms): Min: 1.8, Avg: 1.9, Max: 1.9, Diff: 0.1, Sum: 3.7]
         [Processed Buffers: Min: 8, Avg: 22.5, Max: 37, Diff: 29, Sum: 45]
      [Scan RS (ms): Min: 3.5, Avg: 3.6, Max: 3.6, Diff: 0.1, Sum: 7.2]
      [Code Root Scanning (ms): Min: 0.0, Avg: 0.0, Max: 0.0, Diff: 0.0, Sum: 0.0]
      [Object Copy (ms): Min: 12.5, Avg: 12.6, Max: 12.8, Diff: 0.3, Sum: 25.3]
      [Termination (ms): Min: 0.0, Avg: 0.0, Max: 0.0, Diff: 0.0, Sum: 0.0]
         [Termination Attempts: Min: 1, Avg: 1.0, Max: 1, Diff: 0, Sum: 2]
      [GC Worker Other (ms): Min: 0.0, Avg: 0.0, Max: 0.0, Diff: 0.0, Sum: 0.0]
      [GC Worker Total (ms): Min: 19.1, Avg: 19.1, Max: 19.1, Diff: 0.0, Sum: 38.3]
      [GC Worker End (ms): Min: 5845989.0, Avg: 5845989.0, Max: 5845989.0, Diff: 0.0]
   [Code Root Fixup: 0.0 ms]
   [Code Root Purge: 0.0 ms]
   [Clear CT: 0.0 ms]
   [Other: 0.5 ms]
      [Choose CSet: 0.0 ms]
      [Ref Proc: 0.1 ms]
      [Ref Enq: 0.0 ms]
      [Redirty Cards: 0.1 ms]
      [Humongous Register: 0.0 ms]
      [Humongous Reclaim: 0.0 ms]
      [Free CSet: 0.1 ms]
   [Eden: 46080.0K(46080.0K)->0.0B(46080.0K) Survivors: 6144.0K->6144.0K Heap: 230.0M(1024.0M)->187.5M(1024.0M)]
 [Times: user=0.03 sys=0.00, real=0.02 secs] 
2019-11-18T10:57:46.558+0100: 5907.655: [GC pause (G1 Evacuation Pause) (young), 0.0194974 secs]
   [Parallel Time: 18.9 ms, GC Workers: 2]
      [GC Worker Start (ms): Min: 5907655.5, Avg: 5907655.5, Max: 5907655.5, Diff: 0.0]
      [Ext Root Scanning (ms): Min: 1.1, Avg: 1.1, Max: 1.2, Diff: 0.1, Sum: 2.2]
      [Update RS (ms): Min: 2.2, Avg: 2.3, Max: 2.4, Diff: 0.2, Sum: 4.7]
         [Processed Buffers: Min: 20, Avg: 21.5, Max: 23, Diff: 3, Sum: 43]
      [Scan RS (ms): Min: 3.1, Avg: 3.2, Max: 3.4, Diff: 0.3, Sum: 6.5]
      [Code Root Scanning (ms): Min: 0.0, Avg: 0.0, Max: 0.0, Diff: 0.0, Sum: 0.0]
      [Object Copy (ms): Min: 12.1, Avg: 12.2, Max: 12.3, Diff: 0.2, Sum: 24.4]
      [Termination (ms): Min: 0.0, Avg: 0.0, Max: 0.0, Diff: 0.0, Sum: 0.0]
         [Termination Attempts: Min: 1, Avg: 1.0, Max: 1, Diff: 0, Sum: 2]
      [GC Worker Other (ms): Min: 0.0, Avg: 0.0, Max: 0.0, Diff: 0.0, Sum: 0.0]
      [GC Worker Total (ms): Min: 18.9, Avg: 18.9, Max: 18.9, Diff: 0.0, Sum: 37.8]
      [GC Worker End (ms): Min: 5907674.4, Avg: 5907674.4, Max: 5907674.4, Diff: 0.0]
   [Code Root Fixup: 0.0 ms]
   [Code Root Purge: 0.0 ms]
   [Clear CT: 0.0 ms]
   [Other: 0.5 ms]
      [Choose CSet: 0.0 ms]
      [Ref Proc: 0.1 ms]
      [Ref Enq: 0.0 ms]
      [Redirty Cards: 0.1 ms]
      [Humongous Register: 0.0 ms]
      [Humongous Reclaim: 0.0 ms]
      [Free CSet: 0.1 ms]
   [Eden: 46080.0K(46080.0K)->0.0B(46080.0K) Survivors: 6144.0K->6144.0K Heap: 232.5M(1024.0M)->190.0M(1024.0M)]
 [Times: user=0.04 sys=0.00, real=0.02 secs] 
2019-11-18T10:58:48.642+0100: 5969.739: [GC pause (G1 Evacuation Pause) (young), 0.0192412 secs]
   [Parallel Time: 18.6 ms, GC Workers: 2]
      [GC Worker Start (ms): Min: 5969739.7, Avg: 5969740.9, Max: 5969742.1, Diff: 2.4]
      [Ext Root Scanning (ms): Min: 0.0, Avg: 0.8, Max: 1.7, Diff: 1.7, Sum: 1.7]
      [Update RS (ms): Min: 1.5, Avg: 1.8, Max: 2.1, Diff: 0.6, Sum: 3.6]
         [Processed Buffers: Min: 21, Avg: 21.0, Max: 21, Diff: 0, Sum: 42]
      [Scan RS (ms): Min: 3.1, Avg: 3.1, Max: 3.1, Diff: 0.0, Sum: 6.3]
      [Code Root Scanning (ms): Min: 0.0, Avg: 0.0, Max: 0.0, Diff: 0.0, Sum: 0.0]
      [Object Copy (ms): Min: 11.5, Avg: 11.6, Max: 11.6, Diff: 0.1, Sum: 23.1]
      [Termination (ms): Min: 0.0, Avg: 0.0, Max: 0.0, Diff: 0.0, Sum: 0.0]
         [Termination Attempts: Min: 1, Avg: 1.0, Max: 1, Diff: 0, Sum: 2]
      [GC Worker Other (ms): Min: 0.0, Avg: 0.0, Max: 0.0, Diff: 0.0, Sum: 0.0]
      [GC Worker Total (ms): Min: 16.2, Avg: 17.4, Max: 18.6, Diff: 2.4, Sum: 34.8]
      [GC Worker End (ms): Min: 5969758.3, Avg: 5969758.3, Max: 5969758.3, Diff: 0.0]
   [Code Root Fixup: 0.0 ms]
   [Code Root Purge: 0.0 ms]
   [Clear CT: 0.0 ms]
   [Other: 0.6 ms]
      [Choose CSet: 0.0 ms]
      [Ref Proc: 0.1 ms]
      [Ref Enq: 0.0 ms]
      [Redirty Cards: 0.1 ms]
      [Humongous Register: 0.0 ms]
      [Humongous Reclaim: 0.0 ms]
      [Free CSet: 0.1 ms]
   [Eden: 46080.0K(46080.0K)->0.0B(50176.0K) Survivors: 6144.0K->6144.0K Heap: 235.0M(1024.0M)->192.0M(1024.0M)]
 [Times: user=0.04 sys=0.00, real=0.02 secs] 
2019-11-18T10:59:54.959+0100: 6036.057: [GC pause (G1 Evacuation Pause) (young), 0.0216286 secs]
   [Parallel Time: 21.0 ms, GC Workers: 2]
      [GC Worker Start (ms): Min: 6036057.1, Avg: 6036057.1, Max: 6036057.1, Diff: 0.0]
      [Ext Root Scanning (ms): Min: 1.0, Avg: 1.0, Max: 1.1, Diff: 0.1, Sum: 2.1]
      [Update RS (ms): Min: 2.8, Avg: 2.9, Max: 3.0, Diff: 0.2, Sum: 5.8]
         [Processed Buffers: Min: 7, Avg: 23.5, Max: 40, Diff: 33, Sum: 47]
      [Scan RS (ms): Min: 3.7, Avg: 3.8, Max: 3.9, Diff: 0.2, Sum: 7.5]
      [Code Root Scanning (ms): Min: 0.0, Avg: 0.0, Max: 0.0, Diff: 0.0, Sum: 0.0]
      [Object Copy (ms): Min: 13.1, Avg: 13.1, Max: 13.1, Diff: 0.1, Sum: 26.2]
      [Termination (ms): Min: 0.0, Avg: 0.0, Max: 0.0, Diff: 0.0, Sum: 0.0]
         [Termination Attempts: Min: 1, Avg: 1.5, Max: 2, Diff: 1, Sum: 3]
      [GC Worker Other (ms): Min: 0.0, Avg: 0.0, Max: 0.0, Diff: 0.0, Sum: 0.0]
      [GC Worker Total (ms): Min: 20.8, Avg: 20.8, Max: 20.8, Diff: 0.0, Sum: 41.6]
      [GC Worker End (ms): Min: 6036077.9, Avg: 6036077.9, Max: 6036077.9, Diff: 0.0]
   [Code Root Fixup: 0.0 ms]
   [Code Root Purge: 0.0 ms]
   [Clear CT: 0.0 ms]
   [Other: 0.6 ms]
      [Choose CSet: 0.0 ms]
      [Ref Proc: 0.2 ms]
      [Ref Enq: 0.0 ms]
      [Redirty Cards: 0.0 ms]
      [Humongous Register: 0.0 ms]
      [Humongous Reclaim: 0.0 ms]
      [Free CSet: 0.1 ms]
   [Eden: 50176.0K(50176.0K)->0.0B(46080.0K) Survivors: 6144.0K->6144.0K Heap: 241.0M(1024.0M)->194.0M(1024.0M)]
 [Times: user=0.04 sys=0.00, real=0.02 secs] 
2019-11-18T11:00:57.638+0100: 6098.736: [GC pause (G1 Evacuation Pause) (young), 0.0193424 secs]
   [Parallel Time: 18.7 ms, GC Workers: 2]
      [GC Worker Start (ms): Min: 6098736.2, Avg: 6098736.2, Max: 6098736.2, Diff: 0.0]
      [Ext Root Scanning (ms): Min: 0.9, Avg: 1.0, Max: 1.0, Diff: 0.1, Sum: 2.0]
      [Update RS (ms): Min: 1.9, Avg: 1.9, Max: 2.0, Diff: 0.1, Sum: 3.9]
         [Processed Buffers: Min: 11, Avg: 21.0, Max: 31, Diff: 20, Sum: 42]
      [Scan RS (ms): Min: 3.6, Avg: 3.6, Max: 3.7, Diff: 0.1, Sum: 7.2]
      [Code Root Scanning (ms): Min: 0.0, Avg: 0.0, Max: 0.0, Diff: 0.0, Sum: 0.0]
      [Object Copy (ms): Min: 12.1, Avg: 12.2, Max: 12.2, Diff: 0.1, Sum: 24.3]
      [Termination (ms): Min: 0.0, Avg: 0.0, Max: 0.0, Diff: 0.0, Sum: 0.0]
         [Termination Attempts: Min: 1, Avg: 1.5, Max: 2, Diff: 1, Sum: 3]
      [GC Worker Other (ms): Min: 0.0, Avg: 0.0, Max: 0.0, Diff: 0.0, Sum: 0.0]
      [GC Worker Total (ms): Min: 18.7, Avg: 18.7, Max: 18.7, Diff: 0.0, Sum: 37.4]
      [GC Worker End (ms): Min: 6098754.9, Avg: 6098754.9, Max: 6098754.9, Diff: 0.0]
   [Code Root Fixup: 0.0 ms]
   [Code Root Purge: 0.0 ms]
   [Clear CT: 0.1 ms]
   [Other: 0.5 ms]
      [Choose CSet: 0.0 ms]
      [Ref Proc: 0.1 ms]
      [Ref Enq: 0.0 ms]
      [Redirty Cards: 0.1 ms]
      [Humongous Register: 0.0 ms]
      [Humongous Reclaim: 0.0 ms]
      [Free CSet: 0.1 ms]
   [Eden: 46080.0K(46080.0K)->0.0B(47104.0K) Survivors: 6144.0K->6144.0K Heap: 239.0M(1024.0M)->196.0M(1024.0M)]
 [Times: user=0.04 sys=0.00, real=0.02 secs] 
2019-11-18T11:02:01.744+0100: 6162.841: [GC pause (G1 Evacuation Pause) (young), 0.0209032 secs]
   [Parallel Time: 20.3 ms, GC Workers: 2]
      [GC Worker Start (ms): Min: 6162841.6, Avg: 6162841.6, Max: 6162841.6, Diff: 0.0]
      [Ext Root Scanning (ms): Min: 1.1, Avg: 1.1, Max: 1.1, Diff: 0.1, Sum: 2.2]
      [Update RS (ms): Min: 2.5, Avg: 2.6, Max: 2.7, Diff: 0.1, Sum: 5.2]
         [Processed Buffers: Min: 15, Avg: 21.0, Max: 27, Diff: 12, Sum: 42]
      [Scan RS (ms): Min: 3.3, Avg: 3.4, Max: 3.5, Diff: 0.1, Sum: 6.8]
      [Code Root Scanning (ms): Min: 0.0, Avg: 0.0, Max: 0.0, Diff: 0.0, Sum: 0.0]
      [Object Copy (ms): Min: 13.2, Avg: 13.2, Max: 13.2, Diff: 0.0, Sum: 26.3]
      [Termination (ms): Min: 0.0, Avg: 0.0, Max: 0.0, Diff: 0.0, Sum: 0.0]
         [Termination Attempts: Min: 2, Avg: 2.0, Max: 2, Diff: 0, Sum: 4]
      [GC Worker Other (ms): Min: 0.0, Avg: 0.0, Max: 0.0, Diff: 0.0, Sum: 0.0]
      [GC Worker Total (ms): Min: 20.3, Avg: 20.3, Max: 20.3, Diff: 0.0, Sum: 40.6]
      [GC Worker End (ms): Min: 6162861.9, Avg: 6162861.9, Max: 6162861.9, Diff: 0.0]
   [Code Root Fixup: 0.0 ms]
   [Code Root Purge: 0.0 ms]
   [Clear CT: 0.0 ms]
   [Other: 0.5 ms]
      [Choose CSet: 0.0 ms]
      [Ref Proc: 0.2 ms]
      [Ref Enq: 0.0 ms]
      [Redirty Cards: 0.1 ms]
      [Humongous Register: 0.0 ms]
      [Humongous Reclaim: 0.0 ms]
      [Free CSet: 0.1 ms]
   [Eden: 47104.0K(47104.0K)->0.0B(46080.0K) Survivors: 6144.0K->6144.0K Heap: 242.0M(1024.0M)->198.0M(1024.0M)]
 [Times: user=0.04 sys=0.00, real=0.02 secs] 
2019-11-18T11:03:03.776+0100: 6224.874: [GC pause (G1 Evacuation Pause) (young), 0.0191355 secs]
   [Parallel Time: 18.6 ms, GC Workers: 2]
      [GC Worker Start (ms): Min: 6224874.2, Avg: 6224874.4, Max: 6224874.7, Diff: 0.4]
      [Ext Root Scanning (ms): Min: 0.8, Avg: 1.0, Max: 1.3, Diff: 0.4, Sum: 2.1]
      [Update RS (ms): Min: 2.1, Avg: 2.2, Max: 2.3, Diff: 0.2, Sum: 4.5]
         [Processed Buffers: Min: 15, Avg: 21.5, Max: 28, Diff: 13, Sum: 43]
      [Scan RS (ms): Min: 3.2, Avg: 3.3, Max: 3.4, Diff: 0.2, Sum: 6.5]
      [Code Root Scanning (ms): Min: 0.0, Avg: 0.0, Max: 0.0, Diff: 0.0, Sum: 0.0]
      [Object Copy (ms): Min: 11.8, Avg: 11.8, Max: 11.8, Diff: 0.0, Sum: 23.5]
      [Termination (ms): Min: 0.0, Avg: 0.0, Max: 0.0, Diff: 0.0, Sum: 0.0]
         [Termination Attempts: Min: 1, Avg: 1.0, Max: 1, Diff: 0, Sum: 2]
      [GC Worker Other (ms): Min: 0.0, Avg: 0.0, Max: 0.0, Diff: 0.0, Sum: 0.0]
      [GC Worker Total (ms): Min: 18.1, Avg: 18.3, Max: 18.5, Diff: 0.4, Sum: 36.6]
      [GC Worker End (ms): Min: 6224892.8, Avg: 6224892.8, Max: 6224892.8, Diff: 0.0]
   [Code Root Fixup: 0.0 ms]
   [Code Root Purge: 0.0 ms]
   [Clear CT: 0.0 ms]
   [Other: 0.5 ms]
      [Choose CSet: 0.0 ms]
      [Ref Proc: 0.1 ms]
      [Ref Enq: 0.0 ms]
      [Redirty Cards: 0.1 ms]
      [Humongous Register: 0.0 ms]
      [Humongous Reclaim: 0.0 ms]
      [Free CSet: 0.1 ms]
   [Eden: 46080.0K(46080.0K)->0.0B(50176.0K) Survivors: 6144.0K->6144.0K Heap: 243.0M(1024.0M)->200.0M(1024.0M)]
 [Times: user=0.03 sys=0.00, real=0.02 secs] 
2019-11-18T11:04:06.392+0100: 6287.490: [GC pause (G1 Evacuation Pause) (young), 0.0197430 secs]
   [Parallel Time: 19.2 ms, GC Workers: 2]
      [GC Worker Start (ms): Min: 6287490.1, Avg: 6287490.1, Max: 6287490.1, Diff: 0.0]
      [Ext Root Scanning (ms): Min: 0.9, Avg: 0.9, Max: 1.0, Diff: 0.1, Sum: 1.8]
      [Update RS (ms): Min: 2.0, Avg: 2.1, Max: 2.2, Diff: 0.1, Sum: 4.2]
         [Processed Buffers: Min: 14, Avg: 22.5, Max: 31, Diff: 17, Sum: 45]
      [Scan RS (ms): Min: 3.6, Avg: 3.6, Max: 3.7, Diff: 0.1, Sum: 7.3]
      [Code Root Scanning (ms): Min: 0.0, Avg: 0.0, Max: 0.0, Diff: 0.0, Sum: 0.0]
      [Object Copy (ms): Min: 12.5, Avg: 12.5, Max: 12.5, Diff: 0.1, Sum: 25.0]
      [Termination (ms): Min: 0.0, Avg: 0.0, Max: 0.0, Diff: 0.0, Sum: 0.0]
         [Termination Attempts: Min: 1, Avg: 2.5, Max: 4, Diff: 3, Sum: 5]
      [GC Worker Other (ms): Min: 0.0, Avg: 0.0, Max: 0.0, Diff: 0.0, Sum: 0.0]
      [GC Worker Total (ms): Min: 19.2, Avg: 19.2, Max: 19.2, Diff: 0.0, Sum: 38.3]
      [GC Worker End (ms): Min: 6287509.3, Avg: 6287509.3, Max: 6287509.3, Diff: 0.0]
   [Code Root Fixup: 0.0 ms]
   [Code Root Purge: 0.0 ms]
   [Clear CT: 0.0 ms]
   [Other: 0.5 ms]
      [Choose CSet: 0.0 ms]
      [Ref Proc: 0.1 ms]
      [Ref Enq: 0.0 ms]
      [Redirty Cards: 0.0 ms]
      [Humongous Register: 0.0 ms]
      [Humongous Reclaim: 0.0 ms]
      [Free CSet: 0.1 ms]
   [Eden: 46080.0K(46080.0K)->0.0B(58368.0K) Survivors: 6144.0K->6144.0K Heap: 245.0M(1024.0M)->202.5M(1024.0M)]
 [Times: user=0.04 sys=0.00, real=0.02 secs] 
2019-11-18T11:05:07.815+0100: 6348.913: [GC pause (G1 Evacuation Pause) (young), 0.0182746 secs]
   [Parallel Time: 17.6 ms, GC Workers: 2]
      [GC Worker Start (ms): Min: 6348913.3, Avg: 6348913.3, Max: 6348913.3, Diff: 0.0]
      [Ext Root Scanning (ms): Min: 1.0, Avg: 1.0, Max: 1.0, Diff: 0.1, Sum: 2.0]
      [Update RS (ms): Min: 1.9, Avg: 2.0, Max: 2.1, Diff: 0.1, Sum: 4.0]
         [Processed Buffers: Min: 17, Avg: 22.5, Max: 28, Diff: 11, Sum: 45]
      [Scan RS (ms): Min: 3.1, Avg: 3.2, Max: 3.3, Diff: 0.1, Sum: 6.4]
      [Code Root Scanning (ms): Min: 0.0, Avg: 0.0, Max: 0.0, Diff: 0.0, Sum: 0.0]
      [Object Copy (ms): Min: 11.4, Avg: 11.4, Max: 11.4, Diff: 0.0, Sum: 22.9]
      [Termination (ms): Min: 0.0, Avg: 0.0, Max: 0.0, Diff: 0.0, Sum: 0.0]
         [Termination Attempts: Min: 1, Avg: 1.0, Max: 1, Diff: 0, Sum: 2]
      [GC Worker Other (ms): Min: 0.0, Avg: 0.0, Max: 0.0, Diff: 0.0, Sum: 0.0]
      [GC Worker Total (ms): Min: 17.6, Avg: 17.6, Max: 17.6, Diff: 0.0, Sum: 35.2]
      [GC Worker End (ms): Min: 6348930.9, Avg: 6348930.9, Max: 6348930.9, Diff: 0.0]
   [Code Root Fixup: 0.0 ms]
   [Code Root Purge: 0.0 ms]
   [Clear CT: 0.0 ms]
   [Other: 0.6 ms]
      [Choose CSet: 0.0 ms]
      [Ref Proc: 0.2 ms]
      [Ref Enq: 0.0 ms]
      [Redirty Cards: 0.0 ms]
      [Humongous Register: 0.0 ms]
      [Humongous Reclaim: 0.0 ms]
      [Free CSet: 0.1 ms]
   [Eden: 46080.0K(46080.0K)->0.0B(66560.0K) Survivors: 6144.0K->6144.0K Heap: 247.5M(1024.0M)->204.5M(1024.0M)]
 [Times: user=0.04 sys=0.01, real=0.02 secs] 
2019-11-18T11:06:16.603+0100: 6417.701: [GC pause (G1 Evacuation Pause) (young), 0.0227508 secs]
   [Parallel Time: 22.0 ms, GC Workers: 2]
      [GC Worker Start (ms): Min: 6417701.4, Avg: 6417701.4, Max: 6417701.4, Diff: 0.0]
      [Ext Root Scanning (ms): Min: 1.2, Avg: 1.2, Max: 1.3, Diff: 0.1, Sum: 2.5]
      [Update RS (ms): Min: 2.4, Avg: 2.4, Max: 2.5, Diff: 0.1, Sum: 4.9]
         [Processed Buffers: Min: 14, Avg: 22.0, Max: 30, Diff: 16, Sum: 44]
      [Scan RS (ms): Min: 4.1, Avg: 4.1, Max: 4.2, Diff: 0.2, Sum: 8.3]
      [Code Root Scanning (ms): Min: 0.0, Avg: 0.0, Max: 0.0, Diff: 0.0, Sum: 0.0]
      [Object Copy (ms): Min: 14.1, Avg: 14.2, Max: 14.2, Diff: 0.1, Sum: 28.3]
      [Termination (ms): Min: 0.0, Avg: 0.0, Max: 0.0, Diff: 0.0, Sum: 0.0]
         [Termination Attempts: Min: 1, Avg: 1.0, Max: 1, Diff: 0, Sum: 2]
      [GC Worker Other (ms): Min: 0.0, Avg: 0.0, Max: 0.0, Diff: 0.0, Sum: 0.0]
      [GC Worker Total (ms): Min: 22.0, Avg: 22.0, Max: 22.0, Diff: 0.0, Sum: 44.0]
      [GC Worker End (ms): Min: 6417723.4, Avg: 6417723.4, Max: 6417723.4, Diff: 0.0]
   [Code Root Fixup: 0.0 ms]
   [Code Root Purge: 0.0 ms]
   [Clear CT: 0.1 ms]
   [Other: 0.6 ms]
      [Choose CSet: 0.0 ms]
      [Ref Proc: 0.1 ms]
      [Ref Enq: 0.0 ms]
      [Redirty Cards: 0.1 ms]
      [Humongous Register: 0.0 ms]
      [Humongous Reclaim: 0.0 ms]
      [Free CSet: 0.1 ms]
   [Eden: 51200.0K(46080.0K)->0.0B(46080.0K) Survivors: 6144.0K->6144.0K Heap: 254.5M(1024.0M)->206.5M(1024.0M)]
 [Times: user=0.04 sys=0.01, real=0.02 secs] 
2019-11-18T11:07:18.880+0100: 6479.977: [GC pause (G1 Evacuation Pause) (young), 0.0214607 secs]
   [Parallel Time: 20.5 ms, GC Workers: 2]
      [GC Worker Start (ms): Min: 6479977.9, Avg: 6479977.9, Max: 6479977.9, Diff: 0.0]
      [Ext Root Scanning (ms): Min: 1.1, Avg: 1.4, Max: 1.6, Diff: 0.5, Sum: 2.7]
      [Update RS (ms): Min: 2.0, Avg: 2.1, Max: 2.2, Diff: 0.2, Sum: 4.2]
         [Processed Buffers: Min: 10, Avg: 22.0, Max: 34, Diff: 24, Sum: 44]
      [Scan RS (ms): Min: 3.5, Avg: 3.6, Max: 3.6, Diff: 0.2, Sum: 7.1]
      [Code Root Scanning (ms): Min: 0.0, Avg: 0.0, Max: 0.0, Diff: 0.0, Sum: 0.0]
      [Object Copy (ms): Min: 13.2, Avg: 13.4, Max: 13.6, Diff: 0.5, Sum: 26.8]
      [Termination (ms): Min: 0.0, Avg: 0.0, Max: 0.0, Diff: 0.0, Sum: 0.0]
         [Termination Attempts: Min: 1, Avg: 1.0, Max: 1, Diff: 0, Sum: 2]
      [GC Worker Other (ms): Min: 0.0, Avg: 0.0, Max: 0.0, Diff: 0.0, Sum: 0.0]
      [GC Worker Total (ms): Min: 20.4, Avg: 20.4, Max: 20.4, Diff: 0.0, Sum: 40.9]
      [GC Worker End (ms): Min: 6479998.4, Avg: 6479998.4, Max: 6479998.4, Diff: 0.0]
   [Code Root Fixup: 0.0 ms]
   [Code Root Purge: 0.0 ms]
   [Clear CT: 0.0 ms]
   [Other: 0.9 ms]
      [Choose CSet: 0.0 ms]
      [Ref Proc: 0.1 ms]
      [Ref Enq: 0.0 ms]
      [Redirty Cards: 0.1 ms]
      [Humongous Register: 0.0 ms]
      [Humongous Reclaim: 0.0 ms]
      [Free CSet: 0.1 ms]
   [Eden: 46080.0K(46080.0K)->0.0B(46080.0K) Survivors: 6144.0K->6144.0K Heap: 251.5M(1024.0M)->208.5M(1024.0M)]
 [Times: user=0.04 sys=0.00, real=0.02 secs] 
2019-11-18T11:08:20.973+0100: 6542.071: [GC pause (G1 Evacuation Pause) (young), 0.0220904 secs]
   [Parallel Time: 21.3 ms, GC Workers: 2]
      [GC Worker Start (ms): Min: 6542071.2, Avg: 6542071.2, Max: 6542071.2, Diff: 0.0]
      [Ext Root Scanning (ms): Min: 1.1, Avg: 1.2, Max: 1.3, Diff: 0.2, Sum: 2.4]
      [Update RS (ms): Min: 2.2, Avg: 2.2, Max: 2.3, Diff: 0.1, Sum: 4.5]
         [Processed Buffers: Min: 17, Avg: 22.5, Max: 28, Diff: 11, Sum: 45]
      [Scan RS (ms): Min: 3.7, Avg: 3.8, Max: 3.9, Diff: 0.2, Sum: 7.6]
      [Code Root Scanning (ms): Min: 0.0, Avg: 0.0, Max: 0.0, Diff: 0.0, Sum: 0.0]
      [Object Copy (ms): Min: 14.0, Avg: 14.1, Max: 14.1, Diff: 0.2, Sum: 28.1]
      [Termination (ms): Min: 0.0, Avg: 0.0, Max: 0.0, Diff: 0.0, Sum: 0.0]
         [Termination Attempts: Min: 1, Avg: 1.0, Max: 1, Diff: 0, Sum: 2]
      [GC Worker Other (ms): Min: 0.0, Avg: 0.0, Max: 0.0, Diff: 0.0, Sum: 0.0]
      [GC Worker Total (ms): Min: 21.3, Avg: 21.3, Max: 21.3, Diff: 0.0, Sum: 42.6]
      [GC Worker End (ms): Min: 6542092.4, Avg: 6542092.4, Max: 6542092.5, Diff: 0.0]
   [Code Root Fixup: 0.0 ms]
   [Code Root Purge: 0.0 ms]
   [Clear CT: 0.0 ms]
   [Other: 0.7 ms]
      [Choose CSet: 0.0 ms]
      [Ref Proc: 0.2 ms]
      [Ref Enq: 0.0 ms]
      [Redirty Cards: 0.1 ms]
      [Humongous Register: 0.0 ms]
      [Humongous Reclaim: 0.0 ms]
      [Free CSet: 0.1 ms]
   [Eden: 46080.0K(46080.0K)->0.0B(46080.0K) Survivors: 6144.0K->6144.0K Heap: 253.5M(1024.0M)->211.0M(1024.0M)]
 [Times: user=0.04 sys=0.01, real=0.02 secs] 
2019-11-18T11:09:22.828+0100: 6603.926: [GC pause (G1 Evacuation Pause) (young), 0.0212350 secs]
   [Parallel Time: 20.5 ms, GC Workers: 2]
      [GC Worker Start (ms): Min: 6603926.2, Avg: 6603926.4, Max: 6603926.7, Diff: 0.5]
      [Ext Root Scanning (ms): Min: 1.1, Avg: 1.4, Max: 1.7, Diff: 0.6, Sum: 2.8]
      [Update RS (ms): Min: 2.0, Avg: 2.0, Max: 2.1, Diff: 0.2, Sum: 4.1]
         [Processed Buffers: Min: 14, Avg: 23.0, Max: 32, Diff: 18, Sum: 46]
      [Scan RS (ms): Min: 3.8, Avg: 3.9, Max: 3.9, Diff: 0.2, Sum: 7.7]
      [Code Root Scanning (ms): Min: 0.0, Avg: 0.0, Max: 0.0, Diff: 0.0, Sum: 0.0]
      [Object Copy (ms): Min: 12.8, Avg: 12.9, Max: 12.9, Diff: 0.1, Sum: 25.7]
      [Termination (ms): Min: 0.0, Avg: 0.0, Max: 0.0, Diff: 0.0, Sum: 0.0]
         [Termination Attempts: Min: 2, Avg: 2.0, Max: 2, Diff: 0, Sum: 4]
      [GC Worker Other (ms): Min: 0.0, Avg: 0.0, Max: 0.0, Diff: 0.0, Sum: 0.0]
      [GC Worker Total (ms): Min: 19.9, Avg: 20.2, Max: 20.4, Diff: 0.5, Sum: 40.3]
      [GC Worker End (ms): Min: 6603946.6, Avg: 6603946.6, Max: 6603946.6, Diff: 0.0]
   [Code Root Fixup: 0.0 ms]
   [Code Root Purge: 0.0 ms]
   [Clear CT: 0.1 ms]
   [Other: 0.6 ms]
      [Choose CSet: 0.0 ms]
      [Ref Proc: 0.1 ms]
      [Ref Enq: 0.0 ms]
      [Redirty Cards: 0.1 ms]
      [Humongous Register: 0.0 ms]
      [Humongous Reclaim: 0.0 ms]
      [Free CSet: 0.1 ms]
   [Eden: 46080.0K(46080.0K)->0.0B(46080.0K) Survivors: 6144.0K->6144.0K Heap: 256.0M(1024.0M)->213.0M(1024.0M)]
 [Times: user=0.04 sys=0.00, real=0.02 secs] 
2019-11-18T11:10:24.204+0100: 6665.302: [GC pause (G1 Evacuation Pause) (young), 0.0197787 secs]
   [Parallel Time: 19.2 ms, GC Workers: 2]
      [GC Worker Start (ms): Min: 6665302.2, Avg: 6665302.2, Max: 6665302.2, Diff: 0.0]
      [Ext Root Scanning (ms): Min: 1.0, Avg: 1.6, Max: 2.1, Diff: 1.1, Sum: 3.2]
      [Update RS (ms): Min: 1.6, Avg: 2.0, Max: 2.4, Diff: 0.9, Sum: 4.0]
         [Processed Buffers: Min: 15, Avg: 23.5, Max: 32, Diff: 17, Sum: 47]
      [Scan RS (ms): Min: 3.3, Avg: 3.3, Max: 3.4, Diff: 0.1, Sum: 6.7]
      [Code Root Scanning (ms): Min: 0.0, Avg: 0.0, Max: 0.0, Diff: 0.0, Sum: 0.0]
      [Object Copy (ms): Min: 12.1, Avg: 12.2, Max: 12.2, Diff: 0.1, Sum: 24.4]
      [Termination (ms): Min: 0.0, Avg: 0.0, Max: 0.0, Diff: 0.0, Sum: 0.0]
         [Termination Attempts: Min: 1, Avg: 1.0, Max: 1, Diff: 0, Sum: 2]
      [GC Worker Other (ms): Min: 0.0, Avg: 0.0, Max: 0.0, Diff: 0.0, Sum: 0.0]
      [GC Worker Total (ms): Min: 19.1, Avg: 19.1, Max: 19.1, Diff: 0.0, Sum: 38.2]
      [GC Worker End (ms): Min: 6665321.3, Avg: 6665321.3, Max: 6665321.3, Diff: 0.0]
   [Code Root Fixup: 0.0 ms]
   [Code Root Purge: 0.0 ms]
   [Clear CT: 0.0 ms]
   [Other: 0.6 ms]
      [Choose CSet: 0.0 ms]
      [Ref Proc: 0.1 ms]
      [Ref Enq: 0.0 ms]
      [Redirty Cards: 0.1 ms]
      [Humongous Register: 0.0 ms]
      [Humongous Reclaim: 0.0 ms]
      [Free CSet: 0.1 ms]
   [Eden: 46080.0K(46080.0K)->0.0B(49152.0K) Survivors: 6144.0K->6144.0K Heap: 258.0M(1024.0M)->215.0M(1024.0M)]
 [Times: user=0.03 sys=0.00, real=0.02 secs] 
2019-11-18T11:11:29.769+0100: 6730.867: [GC pause (G1 Evacuation Pause) (young), 0.0206622 secs]
   [Parallel Time: 20.1 ms, GC Workers: 2]
      [GC Worker Start (ms): Min: 6730866.9, Avg: 6730866.9, Max: 6730866.9, Diff: 0.0]
      [Ext Root Scanning (ms): Min: 1.0, Avg: 1.1, Max: 1.1, Diff: 0.1, Sum: 2.2]
      [Update RS (ms): Min: 2.1, Avg: 2.1, Max: 2.2, Diff: 0.1, Sum: 4.3]
         [Processed Buffers: Min: 20, Avg: 23.0, Max: 26, Diff: 6, Sum: 46]
      [Scan RS (ms): Min: 4.2, Avg: 4.3, Max: 4.4, Diff: 0.2, Sum: 8.6]
      [Code Root Scanning (ms): Min: 0.0, Avg: 0.0, Max: 0.0, Diff: 0.0, Sum: 0.0]
      [Object Copy (ms): Min: 12.4, Avg: 12.5, Max: 12.5, Diff: 0.1, Sum: 24.9]
      [Termination (ms): Min: 0.0, Avg: 0.0, Max: 0.0, Diff: 0.0, Sum: 0.0]
         [Termination Attempts: Min: 2, Avg: 2.0, Max: 2, Diff: 0, Sum: 4]
      [GC Worker Other (ms): Min: 0.0, Avg: 0.0, Max: 0.0, Diff: 0.0, Sum: 0.0]
      [GC Worker Total (ms): Min: 20.0, Avg: 20.0, Max: 20.0, Diff: 0.0, Sum: 40.0]
      [GC Worker End (ms): Min: 6730886.9, Avg: 6730886.9, Max: 6730886.9, Diff: 0.0]
   [Code Root Fixup: 0.0 ms]
   [Code Root Purge: 0.0 ms]
   [Clear CT: 0.0 ms]
   [Other: 0.5 ms]
      [Choose CSet: 0.0 ms]
      [Ref Proc: 0.1 ms]
      [Ref Enq: 0.0 ms]
      [Redirty Cards: 0.0 ms]
      [Humongous Register: 0.0 ms]
      [Humongous Reclaim: 0.0 ms]
      [Free CSet: 0.1 ms]
   [Eden: 48128.0K(46080.0K)->0.0B(50176.0K) Survivors: 6144.0K->6144.0K Heap: 262.0M(1024.0M)->217.0M(1024.0M)]
 [Times: user=0.04 sys=0.00, real=0.02 secs] 
2019-11-18T11:12:37.808+0100: 6798.906: [GC pause (G1 Evacuation Pause) (young), 0.0213816 secs]
   [Parallel Time: 20.7 ms, GC Workers: 2]
      [GC Worker Start (ms): Min: 6798905.7, Avg: 6798905.7, Max: 6798905.7, Diff: 0.0]
      [Ext Root Scanning (ms): Min: 1.1, Avg: 1.2, Max: 1.3, Diff: 0.1, Sum: 2.4]
      [Update RS (ms): Min: 2.3, Avg: 2.4, Max: 2.5, Diff: 0.2, Sum: 4.8]
         [Processed Buffers: Min: 3, Avg: 22.5, Max: 42, Diff: 39, Sum: 45]
      [Scan RS (ms): Min: 4.1, Avg: 4.2, Max: 4.3, Diff: 0.2, Sum: 8.4]
      [Code Root Scanning (ms): Min: 0.0, Avg: 0.0, Max: 0.0, Diff: 0.0, Sum: 0.0]
      [Object Copy (ms): Min: 12.8, Avg: 12.8, Max: 12.9, Diff: 0.1, Sum: 25.6]
      [Termination (ms): Min: 0.0, Avg: 0.0, Max: 0.0, Diff: 0.0, Sum: 0.0]
         [Termination Attempts: Min: 1, Avg: 1.0, Max: 1, Diff: 0, Sum: 2]
      [GC Worker Other (ms): Min: 0.0, Avg: 0.0, Max: 0.0, Diff: 0.0, Sum: 0.0]
      [GC Worker Total (ms): Min: 20.6, Avg: 20.7, Max: 20.7, Diff: 0.0, Sum: 41.3]
      [GC Worker End (ms): Min: 6798926.3, Avg: 6798926.3, Max: 6798926.3, Diff: 0.0]
   [Code Root Fixup: 0.0 ms]
   [Code Root Purge: 0.0 ms]
   [Clear CT: 0.1 ms]
   [Other: 0.6 ms]
      [Choose CSet: 0.0 ms]
      [Ref Proc: 0.1 ms]
      [Ref Enq: 0.0 ms]
      [Redirty Cards: 0.1 ms]
      [Humongous Register: 0.0 ms]
      [Humongous Reclaim: 0.0 ms]
      [Free CSet: 0.1 ms]
   [Eden: 50176.0K(50176.0K)->0.0B(46080.0K) Survivors: 6144.0K->6144.0K Heap: 266.0M(1024.0M)->219.0M(1024.0M)]
 [Times: user=0.04 sys=0.00, real=0.02 secs] 
2019-11-18T11:13:40.129+0100: 6861.227: [GC pause (G1 Evacuation Pause) (young), 0.0203899 secs]
   [Parallel Time: 19.8 ms, GC Workers: 2]
      [GC Worker Start (ms): Min: 6861227.0, Avg: 6861227.1, Max: 6861227.1, Diff: 0.0]
      [Ext Root Scanning (ms): Min: 0.9, Avg: 0.9, Max: 1.0, Diff: 0.1, Sum: 1.9]
      [Update RS (ms): Min: 1.9, Avg: 2.0, Max: 2.0, Diff: 0.2, Sum: 3.9]
         [Processed Buffers: Min: 22, Avg: 22.5, Max: 23, Diff: 1, Sum: 45]
      [Scan RS (ms): Min: 3.7, Avg: 3.8, Max: 3.9, Diff: 0.2, Sum: 7.6]
      [Code Root Scanning (ms): Min: 0.0, Avg: 0.0, Max: 0.0, Diff: 0.0, Sum: 0.0]
      [Object Copy (ms): Min: 13.0, Avg: 13.1, Max: 13.1, Diff: 0.1, Sum: 26.1]
      [Termination (ms): Min: 0.0, Avg: 0.0, Max: 0.0, Diff: 0.0, Sum: 0.0]
         [Termination Attempts: Min: 1, Avg: 1.0, Max: 1, Diff: 0, Sum: 2]
      [GC Worker Other (ms): Min: 0.0, Avg: 0.0, Max: 0.0, Diff: 0.0, Sum: 0.0]
      [GC Worker Total (ms): Min: 19.8, Avg: 19.8, Max: 19.8, Diff: 0.0, Sum: 39.5]
      [GC Worker End (ms): Min: 6861246.8, Avg: 6861246.8, Max: 6861246.8, Diff: 0.0]
   [Code Root Fixup: 0.0 ms]
   [Code Root Purge: 0.0 ms]
   [Clear CT: 0.0 ms]
   [Other: 0.5 ms]
      [Choose CSet: 0.0 ms]
      [Ref Proc: 0.1 ms]
      [Ref Enq: 0.0 ms]
      [Redirty Cards: 0.0 ms]
      [Humongous Register: 0.0 ms]
      [Humongous Reclaim: 0.0 ms]
      [Free CSet: 0.1 ms]
   [Eden: 46080.0K(46080.0K)->0.0B(48128.0K) Survivors: 6144.0K->6144.0K Heap: 264.0M(1024.0M)->221.5M(1024.0M)]
 [Times: user=0.04 sys=0.00, real=0.02 secs] 
2019-11-18T11:14:45.288+0100: 6926.386: [GC pause (G1 Evacuation Pause) (young), 0.0192554 secs]
   [Parallel Time: 18.5 ms, GC Workers: 2]
      [GC Worker Start (ms): Min: 6926386.4, Avg: 6926386.4, Max: 6926386.4, Diff: 0.0]
      [Ext Root Scanning (ms): Min: 0.9, Avg: 1.0, Max: 1.1, Diff: 0.1, Sum: 2.0]
      [Update RS (ms): Min: 2.2, Avg: 2.3, Max: 2.3, Diff: 0.1, Sum: 4.6]
         [Processed Buffers: Min: 2, Avg: 22.0, Max: 42, Diff: 40, Sum: 44]
      [Scan RS (ms): Min: 3.5, Avg: 3.5, Max: 3.6, Diff: 0.1, Sum: 7.1]
      [Code Root Scanning (ms): Min: 0.0, Avg: 0.0, Max: 0.0, Diff: 0.0, Sum: 0.0]
      [Object Copy (ms): Min: 11.6, Avg: 11.6, Max: 11.7, Diff: 0.1, Sum: 23.3]
      [Termination (ms): Min: 0.0, Avg: 0.0, Max: 0.0, Diff: 0.0, Sum: 0.0]
         [Termination Attempts: Min: 1, Avg: 1.0, Max: 1, Diff: 0, Sum: 2]
      [GC Worker Other (ms): Min: 0.0, Avg: 0.0, Max: 0.0, Diff: 0.0, Sum: 0.0]
      [GC Worker Total (ms): Min: 18.5, Avg: 18.5, Max: 18.5, Diff: 0.0, Sum: 37.0]
      [GC Worker End (ms): Min: 6926404.9, Avg: 6926404.9, Max: 6926404.9, Diff: 0.0]
   [Code Root Fixup: 0.0 ms]
   [Code Root Purge: 0.0 ms]
   [Clear CT: 0.0 ms]
   [Other: 0.7 ms]
      [Choose CSet: 0.0 ms]
      [Ref Proc: 0.2 ms]
      [Ref Enq: 0.0 ms]
      [Redirty Cards: 0.1 ms]
      [Humongous Register: 0.0 ms]
      [Humongous Reclaim: 0.0 ms]
      [Free CSet: 0.1 ms]
   [Eden: 48128.0K(48128.0K)->0.0B(58368.0K) Survivors: 6144.0K->5120.0K Heap: 268.5M(1024.0M)->223.0M(1024.0M)]
 [Times: user=0.04 sys=0.00, real=0.02 secs] 
2019-11-18T11:15:57.580+0100: 6998.678: [GC pause (G1 Evacuation Pause) (young), 0.0229763 secs]
   [Parallel Time: 22.2 ms, GC Workers: 2]
      [GC Worker Start (ms): Min: 6998677.9, Avg: 6998678.3, Max: 6998678.7, Diff: 0.8]
      [Ext Root Scanning (ms): Min: 1.0, Avg: 1.3, Max: 1.7, Diff: 0.8, Sum: 2.7]
      [Update RS (ms): Min: 2.6, Avg: 2.7, Max: 2.8, Diff: 0.2, Sum: 5.4]
         [Processed Buffers: Min: 20, Avg: 23.5, Max: 27, Diff: 7, Sum: 47]
      [Scan RS (ms): Min: 4.0, Avg: 4.1, Max: 4.2, Diff: 0.2, Sum: 8.2]
      [Code Root Scanning (ms): Min: 0.0, Avg: 0.0, Max: 0.0, Diff: 0.0, Sum: 0.0]
      [Object Copy (ms): Min: 13.6, Avg: 13.6, Max: 13.6, Diff: 0.1, Sum: 27.2]
      [Termination (ms): Min: 0.0, Avg: 0.0, Max: 0.0, Diff: 0.0, Sum: 0.0]
         [Termination Attempts: Min: 1, Avg: 1.0, Max: 1, Diff: 0, Sum: 2]
      [GC Worker Other (ms): Min: 0.0, Avg: 0.0, Max: 0.0, Diff: 0.0, Sum: 0.0]
      [GC Worker Total (ms): Min: 21.4, Avg: 21.8, Max: 22.2, Diff: 0.8, Sum: 43.5]
      [GC Worker End (ms): Min: 6998700.0, Avg: 6998700.0, Max: 6998700.0, Diff: 0.0]
   [Code Root Fixup: 0.0 ms]
   [Code Root Purge: 0.0 ms]
   [Clear CT: 0.1 ms]
   [Other: 0.7 ms]
      [Choose CSet: 0.0 ms]
      [Ref Proc: 0.1 ms]
      [Ref Enq: 0.0 ms]
      [Redirty Cards: 0.1 ms]
      [Humongous Register: 0.1 ms]
      [Humongous Reclaim: 0.0 ms]
      [Free CSet: 0.1 ms]
   [Eden: 54272.0K(47104.0K)->0.0B(46080.0K) Survivors: 5120.0K->6144.0K Heap: 276.0M(1024.0M)->226.0M(1024.0M)]
 [Times: user=0.04 sys=0.00, real=0.02 secs] 
2019-11-18T11:17:00.716+0100: 7061.814: [GC pause (G1 Evacuation Pause) (young), 0.0195365 secs]
   [Parallel Time: 18.9 ms, GC Workers: 2]
      [GC Worker Start (ms): Min: 7061814.4, Avg: 7061814.4, Max: 7061814.4, Diff: 0.0]
      [Ext Root Scanning (ms): Min: 1.2, Avg: 1.2, Max: 1.3, Diff: 0.1, Sum: 2.4]
      [Update RS (ms): Min: 1.9, Avg: 2.0, Max: 2.1, Diff: 0.1, Sum: 4.0]
         [Processed Buffers: Min: 17, Avg: 20.5, Max: 24, Diff: 7, Sum: 41]
      [Scan RS (ms): Min: 3.6, Avg: 3.7, Max: 3.7, Diff: 0.1, Sum: 7.4]
      [Code Root Scanning (ms): Min: 0.0, Avg: 0.0, Max: 0.0, Diff: 0.0, Sum: 0.0]
      [Object Copy (ms): Min: 11.8, Avg: 11.9, Max: 12.0, Diff: 0.1, Sum: 23.8]
      [Termination (ms): Min: 0.0, Avg: 0.0, Max: 0.0, Diff: 0.0, Sum: 0.0]
         [Termination Attempts: Min: 1, Avg: 1.0, Max: 1, Diff: 0, Sum: 2]
      [GC Worker Other (ms): Min: 0.0, Avg: 0.0, Max: 0.0, Diff: 0.0, Sum: 0.0]
      [GC Worker Total (ms): Min: 18.8, Avg: 18.8, Max: 18.8, Diff: 0.0, Sum: 37.6]
      [GC Worker End (ms): Min: 7061833.2, Avg: 7061833.2, Max: 7061833.2, Diff: 0.0]
   [Code Root Fixup: 0.0 ms]
   [Code Root Purge: 0.0 ms]
   [Clear CT: 0.0 ms]
   [Other: 0.6 ms]
      [Choose CSet: 0.0 ms]
      [Ref Proc: 0.1 ms]
      [Ref Enq: 0.0 ms]
      [Redirty Cards: 0.1 ms]
      [Humongous Register: 0.0 ms]
      [Humongous Reclaim: 0.0 ms]
      [Free CSet: 0.1 ms]
   [Eden: 46080.0K(46080.0K)->0.0B(48128.0K) Survivors: 6144.0K->6144.0K Heap: 271.0M(1024.0M)->228.0M(1024.0M)]
 [Times: user=0.04 sys=0.00, real=0.02 secs] 
2019-11-18T11:18:05.355+0100: 7126.452: [GC pause (G1 Evacuation Pause) (young), 0.0205721 secs]
   [Parallel Time: 20.0 ms, GC Workers: 2]
      [GC Worker Start (ms): Min: 7126452.6, Avg: 7126452.6, Max: 7126452.7, Diff: 0.0]
      [Ext Root Scanning (ms): Min: 1.4, Avg: 1.4, Max: 1.4, Diff: 0.1, Sum: 2.8]
      [Update RS (ms): Min: 1.9, Avg: 1.9, Max: 2.0, Diff: 0.1, Sum: 3.8]
         [Processed Buffers: Min: 18, Avg: 21.0, Max: 24, Diff: 6, Sum: 42]
      [Scan RS (ms): Min: 3.6, Avg: 3.7, Max: 3.8, Diff: 0.1, Sum: 7.4]
      [Code Root Scanning (ms): Min: 0.0, Avg: 0.0, Max: 0.0, Diff: 0.0, Sum: 0.0]
      [Object Copy (ms): Min: 12.8, Avg: 12.9, Max: 12.9, Diff: 0.1, Sum: 25.8]
      [Termination (ms): Min: 0.0, Avg: 0.0, Max: 0.0, Diff: 0.0, Sum: 0.0]
         [Termination Attempts: Min: 1, Avg: 1.0, Max: 1, Diff: 0, Sum: 2]
      [GC Worker Other (ms): Min: 0.0, Avg: 0.0, Max: 0.0, Diff: 0.0, Sum: 0.0]
      [GC Worker Total (ms): Min: 19.9, Avg: 19.9, Max: 19.9, Diff: 0.0, Sum: 39.9]
      [GC Worker End (ms): Min: 7126472.6, Avg: 7126472.6, Max: 7126472.6, Diff: 0.0]
   [Code Root Fixup: 0.0 ms]
   [Code Root Purge: 0.0 ms]
   [Clear CT: 0.0 ms]
   [Other: 0.5 ms]
      [Choose CSet: 0.0 ms]
      [Ref Proc: 0.1 ms]
      [Ref Enq: 0.0 ms]
      [Redirty Cards: 0.1 ms]
      [Humongous Register: 0.0 ms]
      [Humongous Reclaim: 0.0 ms]
      [Free CSet: 0.1 ms]
   [Eden: 48128.0K(46080.0K)->0.0B(49152.0K) Survivors: 6144.0K->5120.0K Heap: 275.0M(1024.0M)->230.0M(1024.0M)]
 [Times: user=0.04 sys=0.00, real=0.02 secs] 
2019-11-18T11:19:22.830+0100: 7203.928: [GC pause (G1 Evacuation Pause) (young), 0.0199991 secs]
   [Parallel Time: 19.4 ms, GC Workers: 2]
      [GC Worker Start (ms): Min: 7203927.7, Avg: 7203927.7, Max: 7203927.7, Diff: 0.0]
      [Ext Root Scanning (ms): Min: 1.2, Avg: 1.5, Max: 1.8, Diff: 0.6, Sum: 3.0]
      [Update RS (ms): Min: 2.2, Avg: 2.4, Max: 2.7, Diff: 0.5, Sum: 4.9]
         [Processed Buffers: Min: 18, Avg: 21.0, Max: 24, Diff: 6, Sum: 42]
      [Scan RS (ms): Min: 2.9, Avg: 2.9, Max: 3.0, Diff: 0.1, Sum: 5.9]
      [Code Root Scanning (ms): Min: 0.0, Avg: 0.0, Max: 0.0, Diff: 0.0, Sum: 0.0]
      [Object Copy (ms): Min: 12.4, Avg: 12.4, Max: 12.5, Diff: 0.1, Sum: 24.8]
      [Termination (ms): Min: 0.0, Avg: 0.0, Max: 0.0, Diff: 0.0, Sum: 0.0]
         [Termination Attempts: Min: 1, Avg: 1.0, Max: 1, Diff: 0, Sum: 2]
      [GC Worker Other (ms): Min: 0.0, Avg: 0.0, Max: 0.0, Diff: 0.0, Sum: 0.0]
      [GC Worker Total (ms): Min: 19.3, Avg: 19.3, Max: 19.3, Diff: 0.0, Sum: 38.7]
      [GC Worker End (ms): Min: 7203947.0, Avg: 7203947.0, Max: 7203947.0, Diff: 0.0]
   [Code Root Fixup: 0.0 ms]
   [Code Root Purge: 0.0 ms]
   [Clear CT: 0.0 ms]
   [Other: 0.6 ms]
      [Choose CSet: 0.0 ms]
      [Ref Proc: 0.1 ms]
      [Ref Enq: 0.0 ms]
      [Redirty Cards: 0.1 ms]
      [Humongous Register: 0.0 ms]
      [Humongous Reclaim: 0.0 ms]
      [Free CSet: 0.2 ms]
   [Eden: 49152.0K(49152.0K)->0.0B(46080.0K) Survivors: 5120.0K->6144.0K Heap: 278.0M(1024.0M)->232.5M(1024.0M)]
 [Times: user=0.04 sys=0.00, real=0.02 secs] 
2019-11-18T11:20:12.590+0100: 7253.688: [GC pause (G1 Evacuation Pause) (young), 0.0227087 secs]
   [Parallel Time: 22.0 ms, GC Workers: 2]
      [GC Worker Start (ms): Min: 7253688.2, Avg: 7253688.2, Max: 7253688.3, Diff: 0.0]
      [Ext Root Scanning (ms): Min: 1.2, Avg: 1.3, Max: 1.3, Diff: 0.1, Sum: 2.5]
      [Update RS (ms): Min: 1.7, Avg: 1.8, Max: 1.8, Diff: 0.1, Sum: 3.5]
         [Processed Buffers: Min: 14, Avg: 26.0, Max: 38, Diff: 24, Sum: 52]
      [Scan RS (ms): Min: 4.0, Avg: 4.0, Max: 4.0, Diff: 0.0, Sum: 8.0]
      [Code Root Scanning (ms): Min: 0.0, Avg: 0.0, Max: 0.0, Diff: 0.0, Sum: 0.0]
      [Object Copy (ms): Min: 14.9, Avg: 14.9, Max: 14.9, Diff: 0.0, Sum: 29.7]
      [Termination (ms): Min: 0.0, Avg: 0.0, Max: 0.0, Diff: 0.0, Sum: 0.0]
         [Termination Attempts: Min: 1, Avg: 1.0, Max: 1, Diff: 0, Sum: 2]
      [GC Worker Other (ms): Min: 0.0, Avg: 0.0, Max: 0.0, Diff: 0.0, Sum: 0.0]
      [GC Worker Total (ms): Min: 21.9, Avg: 21.9, Max: 22.0, Diff: 0.0, Sum: 43.9]
      [GC Worker End (ms): Min: 7253710.2, Avg: 7253710.2, Max: 7253710.2, Diff: 0.0]
   [Code Root Fixup: 0.0 ms]
   [Code Root Purge: 0.0 ms]
   [Clear CT: 0.1 ms]
   [Other: 0.6 ms]
      [Choose CSet: 0.0 ms]
      [Ref Proc: 0.2 ms]
      [Ref Enq: 0.0 ms]
      [Redirty Cards: 0.1 ms]
      [Humongous Register: 0.0 ms]
      [Humongous Reclaim: 0.0 ms]
      [Free CSet: 0.1 ms]
   [Eden: 46080.0K(46080.0K)->0.0B(45056.0K) Survivors: 6144.0K->7168.0K Heap: 277.5M(1024.0M)->237.0M(1024.0M)]
 [Times: user=0.04 sys=0.00, real=0.02 secs] 
2019-11-18T11:21:14.477+0100: 7315.575: [GC pause (G1 Evacuation Pause) (young), 0.0195219 secs]
   [Parallel Time: 18.9 ms, GC Workers: 2]
      [GC Worker Start (ms): Min: 7315575.4, Avg: 7315575.4, Max: 7315575.5, Diff: 0.0]
      [Ext Root Scanning (ms): Min: 1.0, Avg: 1.1, Max: 1.1, Diff: 0.1, Sum: 2.2]
      [Update RS (ms): Min: 1.5, Avg: 1.6, Max: 1.6, Diff: 0.1, Sum: 3.2]
         [Processed Buffers: Min: 21, Avg: 22.5, Max: 24, Diff: 3, Sum: 45]
      [Scan RS (ms): Min: 3.6, Avg: 3.7, Max: 3.7, Diff: 0.2, Sum: 7.3]
      [Code Root Scanning (ms): Min: 0.0, Avg: 0.0, Max: 0.0, Diff: 0.0, Sum: 0.0]
      [Object Copy (ms): Min: 12.5, Avg: 12.5, Max: 12.5, Diff: 0.0, Sum: 25.1]
      [Termination (ms): Min: 0.0, Avg: 0.0, Max: 0.0, Diff: 0.0, Sum: 0.0]
         [Termination Attempts: Min: 1, Avg: 1.0, Max: 1, Diff: 0, Sum: 2]
      [GC Worker Other (ms): Min: 0.0, Avg: 0.0, Max: 0.0, Diff: 0.0, Sum: 0.0]
      [GC Worker Total (ms): Min: 18.9, Avg: 18.9, Max: 18.9, Diff: 0.0, Sum: 37.8]
      [GC Worker End (ms): Min: 7315594.3, Avg: 7315594.3, Max: 7315594.3, Diff: 0.0]
   [Code Root Fixup: 0.0 ms]
   [Code Root Purge: 0.0 ms]
   [Clear CT: 0.0 ms]
   [Other: 0.5 ms]
      [Choose CSet: 0.0 ms]
      [Ref Proc: 0.1 ms]
      [Ref Enq: 0.0 ms]
      [Redirty Cards: 0.1 ms]
      [Humongous Register: 0.0 ms]
      [Humongous Reclaim: 0.0 ms]
      [Free CSet: 0.1 ms]
   [Eden: 45056.0K(45056.0K)->0.0B(54272.0K) Survivors: 7168.0K->3072.0K Heap: 281.0M(1024.0M)->239.0M(1024.0M)]
 [Times: user=0.04 sys=0.00, real=0.02 secs] 
2019-11-18T11:22:37.961+0100: 7399.059: [GC pause (G1 Evacuation Pause) (young), 0.0120327 secs]
   [Parallel Time: 11.5 ms, GC Workers: 2]
      [GC Worker Start (ms): Min: 7399058.9, Avg: 7399058.9, Max: 7399058.9, Diff: 0.0]
      [Ext Root Scanning (ms): Min: 1.0, Avg: 1.1, Max: 1.1, Diff: 0.1, Sum: 2.2]
      [Update RS (ms): Min: 2.2, Avg: 2.3, Max: 2.4, Diff: 0.1, Sum: 4.6]
         [Processed Buffers: Min: 13, Avg: 24.5, Max: 36, Diff: 23, Sum: 49]
      [Scan RS (ms): Min: 1.2, Avg: 1.3, Max: 1.4, Diff: 0.1, Sum: 2.6]
      [Code Root Scanning (ms): Min: 0.0, Avg: 0.0, Max: 0.0, Diff: 0.0, Sum: 0.0]
      [Object Copy (ms): Min: 6.7, Avg: 6.7, Max: 6.8, Diff: 0.1, Sum: 13.4]
      [Termination (ms): Min: 0.0, Avg: 0.0, Max: 0.0, Diff: 0.0, Sum: 0.0]
         [Termination Attempts: Min: 1, Avg: 1.0, Max: 1, Diff: 0, Sum: 2]
      [GC Worker Other (ms): Min: 0.0, Avg: 0.0, Max: 0.0, Diff: 0.0, Sum: 0.0]
      [GC Worker Total (ms): Min: 11.4, Avg: 11.4, Max: 11.4, Diff: 0.0, Sum: 22.8]
      [GC Worker End (ms): Min: 7399070.3, Avg: 7399070.3, Max: 7399070.3, Diff: 0.0]
   [Code Root Fixup: 0.0 ms]
   [Code Root Purge: 0.0 ms]
   [Clear CT: 0.0 ms]
   [Other: 0.5 ms]
      [Choose CSet: 0.0 ms]
      [Ref Proc: 0.2 ms]
      [Ref Enq: 0.0 ms]
      [Redirty Cards: 0.0 ms]
      [Humongous Register: 0.0 ms]
      [Humongous Reclaim: 0.0 ms]
      [Free CSet: 0.1 ms]
   [Eden: 54272.0K(54272.0K)->0.0B(56320.0K) Survivors: 3072.0K->5120.0K Heap: 292.0M(1024.0M)->240.5M(1024.0M)]
 [Times: user=0.02 sys=0.00, real=0.01 secs] 
2019-11-18T11:23:56.130+0100: 7477.228: [GC pause (G1 Evacuation Pause) (young), 0.0144633 secs]
   [Parallel Time: 14.0 ms, GC Workers: 2]
      [GC Worker Start (ms): Min: 7477228.1, Avg: 7477228.4, Max: 7477228.7, Diff: 0.6]
      [Ext Root Scanning (ms): Min: 0.7, Avg: 1.0, Max: 1.3, Diff: 0.6, Sum: 1.9]
      [Update RS (ms): Min: 1.4, Avg: 1.4, Max: 1.5, Diff: 0.1, Sum: 2.9]
         [Processed Buffers: Min: 17, Avg: 21.0, Max: 25, Diff: 8, Sum: 42]
      [Scan RS (ms): Min: 1.0, Avg: 1.1, Max: 1.1, Diff: 0.1, Sum: 2.2]
      [Code Root Scanning (ms): Min: 0.0, Avg: 0.0, Max: 0.0, Diff: 0.0, Sum: 0.0]
      [Object Copy (ms): Min: 10.1, Avg: 10.1, Max: 10.1, Diff: 0.0, Sum: 20.2]
      [Termination (ms): Min: 0.0, Avg: 0.0, Max: 0.0, Diff: 0.0, Sum: 0.0]
         [Termination Attempts: Min: 1, Avg: 1.0, Max: 1, Diff: 0, Sum: 2]
      [GC Worker Other (ms): Min: 0.0, Avg: 0.0, Max: 0.0, Diff: 0.0, Sum: 0.0]
      [GC Worker Total (ms): Min: 13.3, Avg: 13.6, Max: 13.9, Diff: 0.6, Sum: 27.2]
      [GC Worker End (ms): Min: 7477242.0, Avg: 7477242.0, Max: 7477242.0, Diff: 0.0]
   [Code Root Fixup: 0.0 ms]
   [Code Root Purge: 0.0 ms]
   [Clear CT: 0.0 ms]
   [Other: 0.5 ms]
      [Choose CSet: 0.0 ms]
      [Ref Proc: 0.1 ms]
      [Ref Enq: 0.0 ms]
      [Redirty Cards: 0.0 ms]
      [Humongous Register: 0.0 ms]
      [Humongous Reclaim: 0.0 ms]
      [Free CSet: 0.1 ms]
   [Eden: 56320.0K(56320.0K)->0.0B(56320.0K) Survivors: 5120.0K->8192.0K Heap: 295.5M(1024.0M)->243.5M(1024.0M)]
 [Times: user=0.03 sys=0.00, real=0.01 secs] 
2019-11-18T11:25:20.851+0100: 7561.949: [GC pause (G1 Evacuation Pause) (young), 0.0203184 secs]
   [Parallel Time: 19.8 ms, GC Workers: 2]
      [GC Worker Start (ms): Min: 7561948.9, Avg: 7561949.0, Max: 7561949.0, Diff: 0.0]
      [Ext Root Scanning (ms): Min: 1.1, Avg: 1.1, Max: 1.2, Diff: 0.1, Sum: 2.2]
      [Update RS (ms): Min: 1.8, Avg: 1.9, Max: 1.9, Diff: 0.1, Sum: 3.7]
         [Processed Buffers: Min: 9, Avg: 21.0, Max: 33, Diff: 24, Sum: 42]
      [Scan RS (ms): Min: 0.9, Avg: 1.0, Max: 1.1, Diff: 0.2, Sum: 2.0]
      [Code Root Scanning (ms): Min: 0.0, Avg: 0.0, Max: 0.0, Diff: 0.0, Sum: 0.0]
      [Object Copy (ms): Min: 15.7, Avg: 15.8, Max: 15.8, Diff: 0.1, Sum: 31.5]
      [Termination (ms): Min: 0.0, Avg: 0.0, Max: 0.0, Diff: 0.0, Sum: 0.0]
         [Termination Attempts: Min: 1, Avg: 1.0, Max: 1, Diff: 0, Sum: 2]
      [GC Worker Other (ms): Min: 0.0, Avg: 0.0, Max: 0.0, Diff: 0.0, Sum: 0.0]
      [GC Worker Total (ms): Min: 19.8, Avg: 19.8, Max: 19.8, Diff: 0.0, Sum: 39.5]
      [GC Worker End (ms): Min: 7561968.7, Avg: 7561968.7, Max: 7561968.7, Diff: 0.0]
   [Code Root Fixup: 0.0 ms]
   [Code Root Purge: 0.0 ms]
   [Clear CT: 0.0 ms]
   [Other: 0.5 ms]
      [Choose CSet: 0.0 ms]
      [Ref Proc: 0.1 ms]
      [Ref Enq: 0.0 ms]
      [Redirty Cards: 0.1 ms]
      [Humongous Register: 0.0 ms]
      [Humongous Reclaim: 0.0 ms]
      [Free CSet: 0.1 ms]
   [Eden: 56320.0K(56320.0K)->0.0B(48128.0K) Survivors: 8192.0K->7168.0K Heap: 298.5M(1024.0M)->246.5M(1024.0M)]
 [Times: user=0.04 sys=0.00, real=0.02 secs] 
2019-11-18T11:26:49.570+0100: 7650.668: [GC pause (G1 Evacuation Pause) (young), 0.0207033 secs]
   [Parallel Time: 20.2 ms, GC Workers: 2]
      [GC Worker Start (ms): Min: 7650668.3, Avg: 7650668.3, Max: 7650668.3, Diff: 0.0]
      [Ext Root Scanning (ms): Min: 1.0, Avg: 1.0, Max: 1.0, Diff: 0.1, Sum: 2.0]
      [Update RS (ms): Min: 2.5, Avg: 2.6, Max: 2.7, Diff: 0.2, Sum: 5.2]
         [Processed Buffers: Min: 4, Avg: 20.5, Max: 37, Diff: 33, Sum: 41]
      [Scan RS (ms): Min: 2.9, Avg: 3.0, Max: 3.1, Diff: 0.1, Sum: 6.0]
      [Code Root Scanning (ms): Min: 0.0, Avg: 0.0, Max: 0.0, Diff: 0.0, Sum: 0.0]
      [Object Copy (ms): Min: 13.5, Avg: 13.5, Max: 13.6, Diff: 0.0, Sum: 27.1]
      [Termination (ms): Min: 0.0, Avg: 0.0, Max: 0.0, Diff: 0.0, Sum: 0.0]
         [Termination Attempts: Min: 1, Avg: 1.0, Max: 1, Diff: 0, Sum: 2]
      [GC Worker Other (ms): Min: 0.0, Avg: 0.0, Max: 0.0, Diff: 0.0, Sum: 0.0]
      [GC Worker Total (ms): Min: 20.2, Avg: 20.2, Max: 20.2, Diff: 0.0, Sum: 40.3]
      [GC Worker End (ms): Min: 7650688.5, Avg: 7650688.5, Max: 7650688.5, Diff: 0.0]
   [Code Root Fixup: 0.0 ms]
   [Code Root Purge: 0.0 ms]
   [Clear CT: 0.0 ms]
   [Other: 0.5 ms]
      [Choose CSet: 0.0 ms]
      [Ref Proc: 0.1 ms]
      [Ref Enq: 0.0 ms]
      [Redirty Cards: 0.1 ms]
      [Humongous Register: 0.0 ms]
      [Humongous Reclaim: 0.0 ms]
      [Free CSet: 0.1 ms]
   [Eden: 48128.0K(48128.0K)->0.0B(46080.0K) Survivors: 7168.0K->6144.0K Heap: 293.5M(1024.0M)->248.5M(1024.0M)]
 [Times: user=0.04 sys=0.00, real=0.02 secs] 
2019-11-18T11:27:57.435+0100: 7718.533: [GC pause (G1 Evacuation Pause) (young), 0.0211427 secs]
   [Parallel Time: 20.5 ms, GC Workers: 2]
      [GC Worker Start (ms): Min: 7718532.9, Avg: 7718532.9, Max: 7718532.9, Diff: 0.0]
      [Ext Root Scanning (ms): Min: 1.0, Avg: 1.0, Max: 1.1, Diff: 0.1, Sum: 2.1]
      [Update RS (ms): Min: 2.3, Avg: 2.3, Max: 2.3, Diff: 0.0, Sum: 4.6]
         [Processed Buffers: Min: 3, Avg: 21.5, Max: 40, Diff: 37, Sum: 43]
      [Scan RS (ms): Min: 2.2, Avg: 2.2, Max: 2.2, Diff: 0.1, Sum: 4.4]
      [Code Root Scanning (ms): Min: 0.0, Avg: 0.0, Max: 0.1, Diff: 0.0, Sum: 0.1]
      [Object Copy (ms): Min: 14.8, Avg: 14.8, Max: 14.9, Diff: 0.2, Sum: 29.7]
      [Termination (ms): Min: 0.0, Avg: 0.0, Max: 0.0, Diff: 0.0, Sum: 0.0]
         [Termination Attempts: Min: 1, Avg: 1.5, Max: 2, Diff: 1, Sum: 3]
      [GC Worker Other (ms): Min: 0.0, Avg: 0.0, Max: 0.0, Diff: 0.0, Sum: 0.0]
      [GC Worker Total (ms): Min: 20.4, Avg: 20.4, Max: 20.4, Diff: 0.0, Sum: 40.8]
      [GC Worker End (ms): Min: 7718553.3, Avg: 7718553.3, Max: 7718553.3, Diff: 0.0]
   [Code Root Fixup: 0.0 ms]
   [Code Root Purge: 0.0 ms]
   [Clear CT: 0.0 ms]
   [Other: 0.6 ms]
      [Choose CSet: 0.0 ms]
      [Ref Proc: 0.2 ms]
      [Ref Enq: 0.0 ms]
      [Redirty Cards: 0.0 ms]
      [Humongous Register: 0.0 ms]
      [Humongous Reclaim: 0.0 ms]
      [Free CSet: 0.1 ms]
   [Eden: 46080.0K(46080.0K)->0.0B(45056.0K) Survivors: 6144.0K->7168.0K Heap: 293.5M(1024.0M)->252.0M(1024.0M)]
 [Times: user=0.04 sys=0.00, real=0.02 secs] 
2019-11-18T11:29:03.459+0100: 7784.557: [GC pause (G1 Evacuation Pause) (young), 0.0206889 secs]
   [Parallel Time: 18.8 ms, GC Workers: 2]
      [GC Worker Start (ms): Min: 7784558.0, Avg: 7784558.0, Max: 7784558.0, Diff: 0.0]
      [Ext Root Scanning (ms): Min: 0.9, Avg: 0.9, Max: 1.0, Diff: 0.1, Sum: 1.9]
      [Update RS (ms): Min: 1.9, Avg: 1.9, Max: 1.9, Diff: 0.1, Sum: 3.8]
         [Processed Buffers: Min: 5, Avg: 20.5, Max: 36, Diff: 31, Sum: 41]
      [Scan RS (ms): Min: 2.2, Avg: 2.2, Max: 2.2, Diff: 0.1, Sum: 4.4]
      [Code Root Scanning (ms): Min: 0.0, Avg: 0.0, Max: 0.0, Diff: 0.0, Sum: 0.0]
      [Object Copy (ms): Min: 13.6, Avg: 13.7, Max: 13.7, Diff: 0.1, Sum: 27.3]
      [Termination (ms): Min: 0.0, Avg: 0.0, Max: 0.0, Diff: 0.0, Sum: 0.0]
         [Termination Attempts: Min: 1, Avg: 1.0, Max: 1, Diff: 0, Sum: 2]
      [GC Worker Other (ms): Min: 0.0, Avg: 0.0, Max: 0.0, Diff: 0.0, Sum: 0.0]
      [GC Worker Total (ms): Min: 18.7, Avg: 18.7, Max: 18.7, Diff: 0.0, Sum: 37.4]
      [GC Worker End (ms): Min: 7784576.7, Avg: 7784576.7, Max: 7784576.7, Diff: 0.0]
   [Code Root Fixup: 0.0 ms]
   [Code Root Purge: 0.0 ms]
   [Clear CT: 0.0 ms]
   [Other: 1.9 ms]
      [Choose CSet: 0.0 ms]
      [Ref Proc: 0.1 ms]
      [Ref Enq: 0.0 ms]
      [Redirty Cards: 0.1 ms]
      [Humongous Register: 1.4 ms]
      [Humongous Reclaim: 0.0 ms]
      [Free CSet: 0.1 ms]
   [Eden: 45056.0K(45056.0K)->0.0B(54272.0K) Survivors: 7168.0K->4096.0K Heap: 296.0M(1024.0M)->254.5M(1024.0M)]
 [Times: user=0.04 sys=0.00, real=0.02 secs] 
2019-11-18T11:30:37.910+0100: 7879.008: [GC pause (G1 Evacuation Pause) (young), 0.0166938 secs]
   [Parallel Time: 16.1 ms, GC Workers: 2]
      [GC Worker Start (ms): Min: 7879008.2, Avg: 7879008.2, Max: 7879008.2, Diff: 0.0]
      [Ext Root Scanning (ms): Min: 1.1, Avg: 1.1, Max: 1.1, Diff: 0.0, Sum: 2.2]
      [Update RS (ms): Min: 2.0, Avg: 2.1, Max: 2.1, Diff: 0.1, Sum: 4.2]
         [Processed Buffers: Min: 11, Avg: 23.0, Max: 35, Diff: 24, Sum: 46]
      [Scan RS (ms): Min: 2.7, Avg: 2.8, Max: 2.8, Diff: 0.1, Sum: 5.6]
      [Code Root Scanning (ms): Min: 0.0, Avg: 0.0, Max: 0.0, Diff: 0.0, Sum: 0.0]
      [Object Copy (ms): Min: 10.1, Avg: 10.1, Max: 10.1, Diff: 0.0, Sum: 20.2]
      [Termination (ms): Min: 0.0, Avg: 0.0, Max: 0.0, Diff: 0.0, Sum: 0.0]
         [Termination Attempts: Min: 1, Avg: 1.0, Max: 1, Diff: 0, Sum: 2]
      [GC Worker Other (ms): Min: 0.0, Avg: 0.0, Max: 0.0, Diff: 0.0, Sum: 0.0]
      [GC Worker Total (ms): Min: 16.1, Avg: 16.1, Max: 16.1, Diff: 0.0, Sum: 32.1]
      [GC Worker End (ms): Min: 7879024.3, Avg: 7879024.3, Max: 7879024.3, Diff: 0.0]
   [Code Root Fixup: 0.0 ms]
   [Code Root Purge: 0.0 ms]
   [Clear CT: 0.0 ms]
   [Other: 0.5 ms]
      [Choose CSet: 0.0 ms]
      [Ref Proc: 0.1 ms]
      [Ref Enq: 0.0 ms]
      [Redirty Cards: 0.0 ms]
      [Humongous Register: 0.0 ms]
      [Humongous Reclaim: 0.0 ms]
      [Free CSet: 0.1 ms]
   [Eden: 48128.0K(48128.0K)->0.0B(46080.0K) Survivors: 4096.0K->6144.0K Heap: 301.5M(1024.0M)->256.5M(1024.0M)]
 [Times: user=0.04 sys=0.00, real=0.02 secs] 
2019-11-18T11:31:53.159+0100: 7954.257: [GC pause (G1 Evacuation Pause) (young), 0.0193069 secs]
   [Parallel Time: 18.8 ms, GC Workers: 2]
      [GC Worker Start (ms): Min: 7954257.0, Avg: 7954257.1, Max: 7954257.1, Diff: 0.0]
      [Ext Root Scanning (ms): Min: 1.1, Avg: 1.1, Max: 1.2, Diff: 0.1, Sum: 2.3]
      [Update RS (ms): Min: 1.9, Avg: 2.1, Max: 2.2, Diff: 0.4, Sum: 4.1]
         [Processed Buffers: Min: 16, Avg: 20.0, Max: 24, Diff: 8, Sum: 40]
      [Scan RS (ms): Min: 2.5, Avg: 2.6, Max: 2.7, Diff: 0.1, Sum: 5.2]
      [Code Root Scanning (ms): Min: 0.0, Avg: 0.0, Max: 0.0, Diff: 0.0, Sum: 0.0]
      [Object Copy (ms): Min: 12.7, Avg: 12.9, Max: 13.1, Diff: 0.3, Sum: 25.8]
      [Termination (ms): Min: 0.0, Avg: 0.0, Max: 0.0, Diff: 0.0, Sum: 0.0]
         [Termination Attempts: Min: 1, Avg: 1.0, Max: 1, Diff: 0, Sum: 2]
      [GC Worker Other (ms): Min: 0.0, Avg: 0.0, Max: 0.0, Diff: 0.0, Sum: 0.0]
      [GC Worker Total (ms): Min: 18.7, Avg: 18.7, Max: 18.7, Diff: 0.0, Sum: 37.4]
      [GC Worker End (ms): Min: 7954275.8, Avg: 7954275.8, Max: 7954275.8, Diff: 0.0]
   [Code Root Fixup: 0.0 ms]
   [Code Root Purge: 0.0 ms]
   [Clear CT: 0.0 ms]
   [Other: 0.5 ms]
      [Choose CSet: 0.0 ms]
      [Ref Proc: 0.1 ms]
      [Ref Enq: 0.0 ms]
      [Redirty Cards: 0.1 ms]
      [Humongous Register: 0.0 ms]
      [Humongous Reclaim: 0.0 ms]
      [Free CSet: 0.1 ms]
   [Eden: 46080.0K(46080.0K)->0.0B(46080.0K) Survivors: 6144.0K->6144.0K Heap: 301.5M(1024.0M)->259.0M(1024.0M)]
 [Times: user=0.04 sys=0.00, real=0.02 secs] 
2019-11-18T11:32:53.161+0100: 8014.258: [GC pause (G1 Evacuation Pause) (young), 0.0220149 secs]
   [Parallel Time: 21.5 ms, GC Workers: 2]
      [GC Worker Start (ms): Min: 8014258.6, Avg: 8014258.6, Max: 8014258.6, Diff: 0.0]
      [Ext Root Scanning (ms): Min: 1.2, Avg: 1.4, Max: 1.5, Diff: 0.4, Sum: 2.7]
      [Update RS (ms): Min: 2.2, Avg: 2.3, Max: 2.4, Diff: 0.1, Sum: 4.6]
         [Processed Buffers: Min: 5, Avg: 20.5, Max: 36, Diff: 31, Sum: 41]
      [Scan RS (ms): Min: 2.6, Avg: 2.6, Max: 2.7, Diff: 0.1, Sum: 5.3]
      [Code Root Scanning (ms): Min: 0.0, Avg: 0.0, Max: 0.0, Diff: 0.0, Sum: 0.0]
      [Object Copy (ms): Min: 14.9, Avg: 15.1, Max: 15.3, Diff: 0.4, Sum: 30.2]
      [Termination (ms): Min: 0.0, Avg: 0.0, Max: 0.0, Diff: 0.0, Sum: 0.0]
         [Termination Attempts: Min: 1, Avg: 1.0, Max: 1, Diff: 0, Sum: 2]
      [GC Worker Other (ms): Min: 0.0, Avg: 0.0, Max: 0.0, Diff: 0.0, Sum: 0.0]
      [GC Worker Total (ms): Min: 21.4, Avg: 21.4, Max: 21.4, Diff: 0.0, Sum: 42.9]
      [GC Worker End (ms): Min: 8014280.0, Avg: 8014280.0, Max: 8014280.0, Diff: 0.0]
   [Code Root Fixup: 0.0 ms]
   [Code Root Purge: 0.0 ms]
   [Clear CT: 0.0 ms]
   [Other: 0.5 ms]
      [Choose CSet: 0.0 ms]
      [Ref Proc: 0.1 ms]
      [Ref Enq: 0.0 ms]
      [Redirty Cards: 0.0 ms]
      [Humongous Register: 0.0 ms]
      [Humongous Reclaim: 0.0 ms]
      [Free CSet: 0.1 ms]
   [Eden: 46080.0K(46080.0K)->0.0B(45056.0K) Survivors: 6144.0K->7168.0K Heap: 304.0M(1024.0M)->263.5M(1024.0M)]
 [Times: user=0.05 sys=0.00, real=0.02 secs] 
2019-11-18T11:34:18.358+0100: 8099.456: [GC pause (G1 Evacuation Pause) (young), 0.0219791 secs]
   [Parallel Time: 21.0 ms, GC Workers: 2]
      [GC Worker Start (ms): Min: 8099456.4, Avg: 8099456.4, Max: 8099456.4, Diff: 0.0]
      [Ext Root Scanning (ms): Min: 1.3, Avg: 1.5, Max: 1.7, Diff: 0.3, Sum: 3.0]
      [Update RS (ms): Min: 2.2, Avg: 2.3, Max: 2.4, Diff: 0.2, Sum: 4.5]
         [Processed Buffers: Min: 7, Avg: 21.0, Max: 35, Diff: 28, Sum: 42]
      [Scan RS (ms): Min: 3.2, Avg: 3.2, Max: 3.2, Diff: 0.0, Sum: 6.5]
      [Code Root Scanning (ms): Min: 0.0, Avg: 0.0, Max: 0.0, Diff: 0.0, Sum: 0.0]
      [Object Copy (ms): Min: 13.9, Avg: 13.9, Max: 14.0, Diff: 0.2, Sum: 27.9]
      [Termination (ms): Min: 0.0, Avg: 0.0, Max: 0.0, Diff: 0.0, Sum: 0.0]
         [Termination Attempts: Min: 1, Avg: 1.0, Max: 1, Diff: 0, Sum: 2]
      [GC Worker Other (ms): Min: 0.0, Avg: 0.0, Max: 0.0, Diff: 0.0, Sum: 0.0]
      [GC Worker Total (ms): Min: 21.0, Avg: 21.0, Max: 21.0, Diff: 0.0, Sum: 41.9]
      [GC Worker End (ms): Min: 8099477.4, Avg: 8099477.4, Max: 8099477.4, Diff: 0.0]
   [Code Root Fixup: 0.0 ms]
   [Code Root Purge: 0.0 ms]
   [Clear CT: 0.0 ms]
   [Other: 0.9 ms]
      [Choose CSet: 0.0 ms]
      [Ref Proc: 0.4 ms]
      [Ref Enq: 0.0 ms]
      [Redirty Cards: 0.1 ms]
      [Humongous Register: 0.0 ms]
      [Humongous Reclaim: 0.0 ms]
      [Free CSet: 0.1 ms]
   [Eden: 45056.0K(45056.0K)->0.0B(54272.0K) Survivors: 7168.0K->4096.0K Heap: 307.5M(1024.0M)->265.0M(1024.0M)]
 [Times: user=0.04 sys=0.00, real=0.02 secs] 
2019-11-18T11:35:37.631+0100: 8178.729: [GC pause (G1 Evacuation Pause) (young), 0.0177422 secs]
   [Parallel Time: 17.1 ms, GC Workers: 2]
      [GC Worker Start (ms): Min: 8178728.8, Avg: 8178728.8, Max: 8178728.8, Diff: 0.0]
      [Ext Root Scanning (ms): Min: 1.0, Avg: 1.0, Max: 1.1, Diff: 0.1, Sum: 2.0]
      [Update RS (ms): Min: 1.9, Avg: 2.0, Max: 2.0, Diff: 0.1, Sum: 4.0]
         [Processed Buffers: Min: 16, Avg: 25.0, Max: 34, Diff: 18, Sum: 50]
      [Scan RS (ms): Min: 3.5, Avg: 3.6, Max: 3.7, Diff: 0.2, Sum: 7.2]
      [Code Root Scanning (ms): Min: 0.0, Avg: 0.0, Max: 0.0, Diff: 0.0, Sum: 0.0]
      [Object Copy (ms): Min: 10.2, Avg: 10.4, Max: 10.5, Diff: 0.3, Sum: 20.7]
      [Termination (ms): Min: 0.0, Avg: 0.0, Max: 0.0, Diff: 0.0, Sum: 0.0]
         [Termination Attempts: Min: 1, Avg: 1.0, Max: 1, Diff: 0, Sum: 2]
      [GC Worker Other (ms): Min: 0.0, Avg: 0.0, Max: 0.0, Diff: 0.0, Sum: 0.0]
      [GC Worker Total (ms): Min: 17.0, Avg: 17.0, Max: 17.0, Diff: 0.0, Sum: 34.0]
      [GC Worker End (ms): Min: 8178745.8, Avg: 8178745.8, Max: 8178745.8, Diff: 0.0]
   [Code Root Fixup: 0.0 ms]
   [Code Root Purge: 0.0 ms]
   [Clear CT: 0.1 ms]
   [Other: 0.6 ms]
      [Choose CSet: 0.0 ms]
      [Ref Proc: 0.1 ms]
      [Ref Enq: 0.0 ms]
      [Redirty Cards: 0.0 ms]
      [Humongous Register: 0.0 ms]
      [Humongous Reclaim: 0.0 ms]
      [Free CSet: 0.1 ms]
   [Eden: 48128.0K(48128.0K)->0.0B(46080.0K) Survivors: 4096.0K->6144.0K Heap: 312.0M(1024.0M)->267.0M(1024.0M)]
 [Times: user=0.03 sys=0.00, real=0.02 secs] 
2019-11-18T11:36:42.713+0100: 8243.811: [GC pause (G1 Evacuation Pause) (young), 0.0234839 secs]
   [Parallel Time: 22.8 ms, GC Workers: 2]
      [GC Worker Start (ms): Min: 8243810.8, Avg: 8243810.8, Max: 8243810.8, Diff: 0.0]
      [Ext Root Scanning (ms): Min: 1.0, Avg: 1.1, Max: 1.2, Diff: 0.1, Sum: 2.2]
      [Update RS (ms): Min: 2.1, Avg: 2.2, Max: 2.2, Diff: 0.1, Sum: 4.3]
         [Processed Buffers: Min: 22, Avg: 24.0, Max: 26, Diff: 4, Sum: 48]
      [Scan RS (ms): Min: 3.9, Avg: 3.9, Max: 4.0, Diff: 0.1, Sum: 7.9]
      [Code Root Scanning (ms): Min: 0.0, Avg: 0.0, Max: 0.0, Diff: 0.0, Sum: 0.0]
      [Object Copy (ms): Min: 15.5, Avg: 15.5, Max: 15.6, Diff: 0.1, Sum: 31.0]
      [Termination (ms): Min: 0.0, Avg: 0.0, Max: 0.0, Diff: 0.0, Sum: 0.0]
         [Termination Attempts: Min: 1, Avg: 1.0, Max: 1, Diff: 0, Sum: 2]
      [GC Worker Other (ms): Min: 0.0, Avg: 0.0, Max: 0.0, Diff: 0.0, Sum: 0.0]
      [GC Worker Total (ms): Min: 22.7, Avg: 22.7, Max: 22.8, Diff: 0.0, Sum: 45.5]
      [GC Worker End (ms): Min: 8243833.5, Avg: 8243833.5, Max: 8243833.5, Diff: 0.0]
   [Code Root Fixup: 0.0 ms]
   [Code Root Purge: 0.0 ms]
   [Clear CT: 0.1 ms]
   [Other: 0.6 ms]
      [Choose CSet: 0.0 ms]
      [Ref Proc: 0.1 ms]
      [Ref Enq: 0.0 ms]
      [Redirty Cards: 0.1 ms]
      [Humongous Register: 0.0 ms]
      [Humongous Reclaim: 0.0 ms]
      [Free CSet: 0.1 ms]
   [Eden: 46080.0K(46080.0K)->0.0B(45056.0K) Survivors: 6144.0K->7168.0K Heap: 312.0M(1024.0M)->271.9M(1024.0M)]
 [Times: user=0.05 sys=0.00, real=0.02 secs] 
2019-11-18T11:37:55.461+0100: 8316.559: [GC pause (G1 Evacuation Pause) (young), 0.0238249 secs]
   [Parallel Time: 23.1 ms, GC Workers: 2]
      [GC Worker Start (ms): Min: 8316559.3, Avg: 8316559.3, Max: 8316559.3, Diff: 0.0]
      [Ext Root Scanning (ms): Min: 1.1, Avg: 1.3, Max: 1.5, Diff: 0.3, Sum: 2.6]
      [Update RS (ms): Min: 2.0, Avg: 2.1, Max: 2.2, Diff: 0.2, Sum: 4.2]
         [Processed Buffers: Min: 9, Avg: 23.5, Max: 38, Diff: 29, Sum: 47]
      [Scan RS (ms): Min: 3.8, Avg: 3.8, Max: 3.9, Diff: 0.2, Sum: 7.7]
      [Code Root Scanning (ms): Min: 0.0, Avg: 0.0, Max: 0.0, Diff: 0.0, Sum: 0.0]
      [Object Copy (ms): Min: 15.6, Avg: 15.8, Max: 16.0, Diff: 0.3, Sum: 31.6]
      [Termination (ms): Min: 0.0, Avg: 0.0, Max: 0.0, Diff: 0.0, Sum: 0.0]
         [Termination Attempts: Min: 1, Avg: 1.0, Max: 1, Diff: 0, Sum: 2]
      [GC Worker Other (ms): Min: 0.0, Avg: 0.0, Max: 0.0, Diff: 0.0, Sum: 0.0]
      [GC Worker Total (ms): Min: 23.0, Avg: 23.0, Max: 23.0, Diff: 0.0, Sum: 46.0]
      [GC Worker End (ms): Min: 8316582.3, Avg: 8316582.3, Max: 8316582.3, Diff: 0.0]
   [Code Root Fixup: 0.0 ms]
   [Code Root Purge: 0.0 ms]
   [Clear CT: 0.1 ms]
   [Other: 0.6 ms]
      [Choose CSet: 0.0 ms]
      [Ref Proc: 0.2 ms]
      [Ref Enq: 0.0 ms]
      [Redirty Cards: 0.1 ms]
      [Humongous Register: 0.0 ms]
      [Humongous Reclaim: 0.0 ms]
      [Free CSet: 0.1 ms]
   [Eden: 45056.0K(45056.0K)->0.0B(48128.0K) Survivors: 7168.0K->4096.0K Heap: 315.9M(1024.0M)->274.5M(1024.0M)]
 [Times: user=0.05 sys=0.00, real=0.02 secs] 
2019-11-18T11:39:00.722+0100: 8381.820: [GC pause (G1 Evacuation Pause) (young), 0.0165625 secs]
   [Parallel Time: 15.9 ms, GC Workers: 2]
      [GC Worker Start (ms): Min: 8381819.9, Avg: 8381819.9, Max: 8381819.9, Diff: 0.0]
      [Ext Root Scanning (ms): Min: 1.1, Avg: 1.1, Max: 1.2, Diff: 0.1, Sum: 2.3]
      [Update RS (ms): Min: 2.2, Avg: 2.2, Max: 2.3, Diff: 0.1, Sum: 4.5]
         [Processed Buffers: Min: 20, Avg: 23.5, Max: 27, Diff: 7, Sum: 47]
      [Scan RS (ms): Min: 3.1, Avg: 3.1, Max: 3.2, Diff: 0.1, Sum: 6.3]
      [Code Root Scanning (ms): Min: 0.0, Avg: 0.0, Max: 0.0, Diff: 0.0, Sum: 0.0]
      [Object Copy (ms): Min: 9.3, Avg: 9.3, Max: 9.4, Diff: 0.1, Sum: 18.6]
      [Termination (ms): Min: 0.0, Avg: 0.0, Max: 0.0, Diff: 0.0, Sum: 0.0]
         [Termination Attempts: Min: 1, Avg: 1.0, Max: 1, Diff: 0, Sum: 2]
      [GC Worker Other (ms): Min: 0.0, Avg: 0.0, Max: 0.0, Diff: 0.0, Sum: 0.0]
      [GC Worker Total (ms): Min: 15.8, Avg: 15.9, Max: 15.9, Diff: 0.0, Sum: 31.7]
      [GC Worker End (ms): Min: 8381835.8, Avg: 8381835.8, Max: 8381835.8, Diff: 0.0]
   [Code Root Fixup: 0.0 ms]
   [Code Root Purge: 0.0 ms]
   [Clear CT: 0.1 ms]
   [Other: 0.6 ms]
      [Choose CSet: 0.0 ms]
      [Ref Proc: 0.1 ms]
      [Ref Enq: 0.0 ms]
      [Redirty Cards: 0.0 ms]
      [Humongous Register: 0.0 ms]
      [Humongous Reclaim: 0.0 ms]
      [Free CSet: 0.1 ms]
   [Eden: 48128.0K(48128.0K)->0.0B(46080.0K) Survivors: 4096.0K->6144.0K Heap: 321.5M(1024.0M)->276.5M(1024.0M)]
 [Times: user=0.03 sys=0.00, real=0.02 secs] 
2019-11-18T11:40:08.359+0100: 8449.457: [GC pause (G1 Evacuation Pause) (young), 0.0198313 secs]
   [Parallel Time: 19.2 ms, GC Workers: 2]
      [GC Worker Start (ms): Min: 8449457.1, Avg: 8449457.1, Max: 8449457.1, Diff: 0.0]
      [Ext Root Scanning (ms): Min: 1.0, Avg: 1.1, Max: 1.1, Diff: 0.1, Sum: 2.1]
      [Update RS (ms): Min: 1.7, Avg: 1.8, Max: 1.9, Diff: 0.2, Sum: 3.6]
         [Processed Buffers: Min: 19, Avg: 23.5, Max: 28, Diff: 9, Sum: 47]
      [Scan RS (ms): Min: 2.6, Avg: 2.7, Max: 2.8, Diff: 0.2, Sum: 5.5]
      [Code Root Scanning (ms): Min: 0.0, Avg: 0.0, Max: 0.0, Diff: 0.0, Sum: 0.0]
      [Object Copy (ms): Min: 13.6, Avg: 13.6, Max: 13.6, Diff: 0.0, Sum: 27.2]
      [Termination (ms): Min: 0.0, Avg: 0.0, Max: 0.0, Diff: 0.0, Sum: 0.0]
         [Termination Attempts: Min: 1, Avg: 1.0, Max: 1, Diff: 0, Sum: 2]
      [GC Worker Other (ms): Min: 0.0, Avg: 0.0, Max: 0.0, Diff: 0.0, Sum: 0.0]
      [GC Worker Total (ms): Min: 19.2, Avg: 19.2, Max: 19.2, Diff: 0.0, Sum: 38.4]
      [GC Worker End (ms): Min: 8449476.3, Avg: 8449476.3, Max: 8449476.3, Diff: 0.0]
   [Code Root Fixup: 0.0 ms]
   [Code Root Purge: 0.0 ms]
   [Clear CT: 0.0 ms]
   [Other: 0.5 ms]
      [Choose CSet: 0.0 ms]
      [Ref Proc: 0.1 ms]
      [Ref Enq: 0.0 ms]
      [Redirty Cards: 0.1 ms]
      [Humongous Register: 0.0 ms]
      [Humongous Reclaim: 0.0 ms]
      [Free CSet: 0.1 ms]
   [Eden: 46080.0K(46080.0K)->0.0B(46080.0K) Survivors: 6144.0K->6144.0K Heap: 321.5M(1024.0M)->279.5M(1024.0M)]
 [Times: user=0.04 sys=0.01, real=0.02 secs] 
2019-11-18T11:41:22.518+0100: 8523.616: [GC pause (G1 Evacuation Pause) (young), 0.0196989 secs]
   [Parallel Time: 19.1 ms, GC Workers: 2]
      [GC Worker Start (ms): Min: 8523615.7, Avg: 8523615.7, Max: 8523615.7, Diff: 0.0]
      [Ext Root Scanning (ms): Min: 1.1, Avg: 1.2, Max: 1.2, Diff: 0.1, Sum: 2.4]
      [Update RS (ms): Min: 2.5, Avg: 2.6, Max: 2.7, Diff: 0.2, Sum: 5.1]
         [Processed Buffers: Min: 22, Avg: 22.5, Max: 23, Diff: 1, Sum: 45]
      [Scan RS (ms): Min: 2.7, Avg: 2.8, Max: 2.9, Diff: 0.2, Sum: 5.6]
      [Code Root Scanning (ms): Min: 0.0, Avg: 0.0, Max: 0.0, Diff: 0.0, Sum: 0.0]
      [Object Copy (ms): Min: 12.4, Avg: 12.5, Max: 12.5, Diff: 0.1, Sum: 25.0]
      [Termination (ms): Min: 0.0, Avg: 0.0, Max: 0.0, Diff: 0.0, Sum: 0.0]
         [Termination Attempts: Min: 1, Avg: 1.0, Max: 1, Diff: 0, Sum: 2]
      [GC Worker Other (ms): Min: 0.0, Avg: 0.0, Max: 0.0, Diff: 0.0, Sum: 0.0]
      [GC Worker Total (ms): Min: 19.0, Avg: 19.0, Max: 19.1, Diff: 0.0, Sum: 38.1]
      [GC Worker End (ms): Min: 8523634.8, Avg: 8523634.8, Max: 8523634.8, Diff: 0.0]
   [Code Root Fixup: 0.0 ms]
   [Code Root Purge: 0.0 ms]
   [Clear CT: 0.0 ms]
   [Other: 0.6 ms]
      [Choose CSet: 0.0 ms]
      [Ref Proc: 0.1 ms]
      [Ref Enq: 0.0 ms]
      [Redirty Cards: 0.1 ms]
      [Humongous Register: 0.0 ms]
      [Humongous Reclaim: 0.0 ms]
      [Free CSet: 0.1 ms]
   [Eden: 46080.0K(46080.0K)->0.0B(46080.0K) Survivors: 6144.0K->6144.0K Heap: 324.5M(1024.0M)->281.0M(1024.0M)]
 [Times: user=0.03 sys=0.00, real=0.02 secs] 
2019-11-18T11:42:37.476+0100: 8598.574: [GC pause (G1 Evacuation Pause) (young), 0.0205844 secs]
   [Parallel Time: 18.9 ms, GC Workers: 2]
      [GC Worker Start (ms): Min: 8598575.3, Avg: 8598575.3, Max: 8598575.3, Diff: 0.0]
      [Ext Root Scanning (ms): Min: 1.0, Avg: 1.1, Max: 1.1, Diff: 0.1, Sum: 2.1]
      [Update RS (ms): Min: 1.7, Avg: 1.8, Max: 1.9, Diff: 0.2, Sum: 3.6]
         [Processed Buffers: Min: 3, Avg: 21.5, Max: 40, Diff: 37, Sum: 43]
      [Scan RS (ms): Min: 3.0, Avg: 3.1, Max: 3.1, Diff: 0.1, Sum: 6.2]
      [Code Root Scanning (ms): Min: 0.0, Avg: 0.0, Max: 0.0, Diff: 0.0, Sum: 0.0]
      [Object Copy (ms): Min: 12.8, Avg: 12.9, Max: 12.9, Diff: 0.1, Sum: 25.7]
      [Termination (ms): Min: 0.0, Avg: 0.0, Max: 0.0, Diff: 0.0, Sum: 0.0]
         [Termination Attempts: Min: 1, Avg: 1.0, Max: 1, Diff: 0, Sum: 2]
      [GC Worker Other (ms): Min: 0.0, Avg: 0.0, Max: 0.0, Diff: 0.0, Sum: 0.0]
      [GC Worker Total (ms): Min: 18.8, Avg: 18.8, Max: 18.8, Diff: 0.0, Sum: 37.6]
      [GC Worker End (ms): Min: 8598594.1, Avg: 8598594.1, Max: 8598594.1, Diff: 0.0]
   [Code Root Fixup: 0.0 ms]
   [Code Root Purge: 0.0 ms]
   [Clear CT: 0.0 ms]
   [Other: 1.7 ms]
      [Choose CSet: 0.0 ms]
      [Ref Proc: 0.1 ms]
      [Ref Enq: 0.0 ms]
      [Redirty Cards: 0.1 ms]
      [Humongous Register: 1.1 ms]
      [Humongous Reclaim: 0.0 ms]
      [Free CSet: 0.1 ms]
   [Eden: 46080.0K(46080.0K)->0.0B(46080.0K) Survivors: 6144.0K->6144.0K Heap: 326.0M(1024.0M)->283.5M(1024.0M)]
 [Times: user=0.03 sys=0.00, real=0.03 secs] 
2019-11-18T11:43:52.630+0100: 8673.728: [GC pause (G1 Evacuation Pause) (young), 0.0191769 secs]
   [Parallel Time: 18.5 ms, GC Workers: 2]
      [GC Worker Start (ms): Min: 8673728.1, Avg: 8673728.1, Max: 8673728.1, Diff: 0.0]
      [Ext Root Scanning (ms): Min: 1.0, Avg: 1.1, Max: 1.1, Diff: 0.1, Sum: 2.1]
      [Update RS (ms): Min: 2.0, Avg: 2.1, Max: 2.2, Diff: 0.1, Sum: 4.2]
         [Processed Buffers: Min: 9, Avg: 22.5, Max: 36, Diff: 27, Sum: 45]
      [Scan RS (ms): Min: 2.7, Avg: 2.8, Max: 2.9, Diff: 0.1, Sum: 5.6]
      [Code Root Scanning (ms): Min: 0.0, Avg: 0.0, Max: 0.0, Diff: 0.0, Sum: 0.0]
      [Object Copy (ms): Min: 12.5, Avg: 12.5, Max: 12.5, Diff: 0.0, Sum: 25.0]
      [Termination (ms): Min: 0.0, Avg: 0.0, Max: 0.0, Diff: 0.0, Sum: 0.0]
         [Termination Attempts: Min: 1, Avg: 1.0, Max: 1, Diff: 0, Sum: 2]
      [GC Worker Other (ms): Min: 0.0, Avg: 0.0, Max: 0.0, Diff: 0.0, Sum: 0.0]
      [GC Worker Total (ms): Min: 18.5, Avg: 18.5, Max: 18.5, Diff: 0.0, Sum: 36.9]
      [GC Worker End (ms): Min: 8673746.6, Avg: 8673746.6, Max: 8673746.6, Diff: 0.0]
   [Code Root Fixup: 0.0 ms]
   [Code Root Purge: 0.0 ms]
   [Clear CT: 0.0 ms]
   [Other: 0.6 ms]
      [Choose CSet: 0.0 ms]
      [Ref Proc: 0.2 ms]
      [Ref Enq: 0.0 ms]
      [Redirty Cards: 0.0 ms]
      [Humongous Register: 0.0 ms]
      [Humongous Reclaim: 0.0 ms]
      [Free CSet: 0.1 ms]
   [Eden: 46080.0K(46080.0K)->0.0B(51200.0K) Survivors: 6144.0K->6144.0K Heap: 328.5M(1024.0M)->286.0M(1024.0M)]
 [Times: user=0.04 sys=0.00, real=0.02 secs] 
2019-11-18T11:45:06.851+0100: 8747.948: [GC pause (G1 Evacuation Pause) (young), 0.0195230 secs]
   [Parallel Time: 18.9 ms, GC Workers: 2]
      [GC Worker Start (ms): Min: 8747948.6, Avg: 8747948.6, Max: 8747948.6, Diff: 0.0]
      [Ext Root Scanning (ms): Min: 0.9, Avg: 1.0, Max: 1.1, Diff: 0.2, Sum: 2.0]
      [Update RS (ms): Min: 1.7, Avg: 1.8, Max: 1.9, Diff: 0.2, Sum: 3.6]
         [Processed Buffers: Min: 19, Avg: 22.0, Max: 25, Diff: 6, Sum: 44]
      [Scan RS (ms): Min: 3.0, Avg: 3.1, Max: 3.2, Diff: 0.1, Sum: 6.2]
      [Code Root Scanning (ms): Min: 0.0, Avg: 0.0, Max: 0.0, Diff: 0.0, Sum: 0.0]
      [Object Copy (ms): Min: 12.8, Avg: 12.9, Max: 13.0, Diff: 0.2, Sum: 25.8]
      [Termination (ms): Min: 0.0, Avg: 0.0, Max: 0.0, Diff: 0.0, Sum: 0.0]
         [Termination Attempts: Min: 1, Avg: 1.0, Max: 1, Diff: 0, Sum: 2]
      [GC Worker Other (ms): Min: 0.0, Avg: 0.0, Max: 0.0, Diff: 0.0, Sum: 0.0]
      [GC Worker Total (ms): Min: 18.8, Avg: 18.8, Max: 18.8, Diff: 0.0, Sum: 37.6]
      [GC Worker End (ms): Min: 8747967.4, Avg: 8747967.4, Max: 8747967.4, Diff: 0.0]
   [Code Root Fixup: 0.0 ms]
   [Code Root Purge: 0.0 ms]
   [Clear CT: 0.0 ms]
   [Other: 0.6 ms]
      [Choose CSet: 0.0 ms]
      [Ref Proc: 0.1 ms]
      [Ref Enq: 0.0 ms]
      [Redirty Cards: 0.1 ms]
      [Humongous Register: 0.0 ms]
      [Humongous Reclaim: 0.0 ms]
      [Free CSet: 0.1 ms]
   [Eden: 46080.0K(46080.0K)->0.0B(53248.0K) Survivors: 6144.0K->5120.0K Heap: 331.0M(1024.0M)->288.0M(1024.0M)]
 [Times: user=0.04 sys=0.00, real=0.02 secs] 
2019-11-18T11:46:33.869+0100: 8834.966: [GC pause (G1 Evacuation Pause) (young), 0.0260229 secs]
   [Parallel Time: 25.3 ms, GC Workers: 2]
      [GC Worker Start (ms): Min: 8834966.6, Avg: 8834966.6, Max: 8834966.6, Diff: 0.0]
      [Ext Root Scanning (ms): Min: 1.3, Avg: 1.5, Max: 1.7, Diff: 0.5, Sum: 3.0]
      [Update RS (ms): Min: 3.1, Avg: 3.2, Max: 3.3, Diff: 0.2, Sum: 6.4]
         [Processed Buffers: Min: 15, Avg: 21.5, Max: 28, Diff: 13, Sum: 43]
      [Scan RS (ms): Min: 3.7, Avg: 3.8, Max: 3.9, Diff: 0.2, Sum: 7.6]
      [Code Root Scanning (ms): Min: 0.0, Avg: 0.0, Max: 0.0, Diff: 0.0, Sum: 0.0]
      [Object Copy (ms): Min: 16.4, Avg: 16.7, Max: 16.9, Diff: 0.5, Sum: 33.3]
      [Termination (ms): Min: 0.0, Avg: 0.0, Max: 0.0, Diff: 0.0, Sum: 0.0]
         [Termination Attempts: Min: 1, Avg: 1.0, Max: 1, Diff: 0, Sum: 2]
      [GC Worker Other (ms): Min: 0.0, Avg: 0.0, Max: 0.0, Diff: 0.0, Sum: 0.0]
      [GC Worker Total (ms): Min: 25.2, Avg: 25.2, Max: 25.2, Diff: 0.0, Sum: 50.4]
      [GC Worker End (ms): Min: 8834991.8, Avg: 8834991.8, Max: 8834991.8, Diff: 0.0]
   [Code Root Fixup: 0.0 ms]
   [Code Root Purge: 0.0 ms]
   [Clear CT: 0.0 ms]
   [Other: 0.7 ms]
      [Choose CSet: 0.0 ms]
      [Ref Proc: 0.1 ms]
      [Ref Enq: 0.0 ms]
      [Redirty Cards: 0.1 ms]
      [Humongous Register: 0.0 ms]
      [Humongous Reclaim: 0.0 ms]
      [Free CSet: 0.1 ms]
   [Eden: 53248.0K(53248.0K)->0.0B(46080.0K) Survivors: 5120.0K->6144.0K Heap: 340.0M(1024.0M)->291.0M(1024.0M)]
 [Times: user=0.05 sys=0.00, real=0.02 secs] 
2019-11-18T11:47:34.000+0100: 8895.098: [GC pause (G1 Evacuation Pause) (young), 0.0237419 secs]
   [Parallel Time: 23.0 ms, GC Workers: 2]
      [GC Worker Start (ms): Min: 8895098.3, Avg: 8895098.3, Max: 8895098.3, Diff: 0.0]
      [Ext Root Scanning (ms): Min: 1.3, Avg: 1.4, Max: 1.5, Diff: 0.1, Sum: 2.8]
      [Update RS (ms): Min: 2.3, Avg: 2.4, Max: 2.4, Diff: 0.1, Sum: 4.8]
         [Processed Buffers: Min: 14, Avg: 22.5, Max: 31, Diff: 17, Sum: 45]
      [Scan RS (ms): Min: 4.0, Avg: 4.0, Max: 4.1, Diff: 0.1, Sum: 8.1]
      [Code Root Scanning (ms): Min: 0.0, Avg: 0.0, Max: 0.0, Diff: 0.0, Sum: 0.0]
      [Object Copy (ms): Min: 15.0, Avg: 15.1, Max: 15.1, Diff: 0.1, Sum: 30.2]
      [Termination (ms): Min: 0.0, Avg: 0.0, Max: 0.0, Diff: 0.0, Sum: 0.0]
         [Termination Attempts: Min: 1, Avg: 1.0, Max: 1, Diff: 0, Sum: 2]
      [GC Worker Other (ms): Min: 0.0, Avg: 0.0, Max: 0.0, Diff: 0.0, Sum: 0.0]
      [GC Worker Total (ms): Min: 22.9, Avg: 22.9, Max: 22.9, Diff: 0.0, Sum: 45.8]
      [GC Worker End (ms): Min: 8895121.3, Avg: 8895121.3, Max: 8895121.3, Diff: 0.0]
   [Code Root Fixup: 0.0 ms]
   [Code Root Purge: 0.0 ms]
   [Clear CT: 0.1 ms]
   [Other: 0.7 ms]
      [Choose CSet: 0.0 ms]
      [Ref Proc: 0.1 ms]
      [Ref Enq: 0.0 ms]
      [Redirty Cards: 0.1 ms]
      [Humongous Register: 0.1 ms]
      [Humongous Reclaim: 0.0 ms]
      [Free CSet: 0.1 ms]
   [Eden: 46080.0K(46080.0K)->0.0B(45056.0K) Survivors: 6144.0K->7168.0K Heap: 336.0M(1024.0M)->295.0M(1024.0M)]
 [Times: user=0.05 sys=0.00, real=0.02 secs] 
2019-11-18T11:48:42.089+0100: 8963.186: [GC pause (G1 Evacuation Pause) (young), 0.0245359 secs]
   [Parallel Time: 23.7 ms, GC Workers: 2]
      [GC Worker Start (ms): Min: 8963186.5, Avg: 8963186.5, Max: 8963186.5, Diff: 0.0]
      [Ext Root Scanning (ms): Min: 1.2, Avg: 1.2, Max: 1.3, Diff: 0.1, Sum: 2.5]
      [Update RS (ms): Min: 2.1, Avg: 2.2, Max: 2.3, Diff: 0.2, Sum: 4.4]
         [Processed Buffers: Min: 15, Avg: 21.5, Max: 28, Diff: 13, Sum: 43]
      [Scan RS (ms): Min: 3.4, Avg: 3.4, Max: 3.5, Diff: 0.2, Sum: 6.9]
      [Code Root Scanning (ms): Min: 0.0, Avg: 0.0, Max: 0.1, Diff: 0.1, Sum: 0.1]
      [Object Copy (ms): Min: 15.4, Avg: 16.1, Max: 16.8, Diff: 1.4, Sum: 32.1]
      [Termination (ms): Min: 0.0, Avg: 0.7, Max: 1.4, Diff: 1.4, Sum: 1.4]
         [Termination Attempts: Min: 1, Avg: 1.0, Max: 1, Diff: 0, Sum: 2]
      [GC Worker Other (ms): Min: 0.0, Avg: 0.0, Max: 0.0, Diff: 0.0, Sum: 0.0]
      [GC Worker Total (ms): Min: 23.7, Avg: 23.7, Max: 23.7, Diff: 0.0, Sum: 47.4]
      [GC Worker End (ms): Min: 8963210.2, Avg: 8963210.2, Max: 8963210.2, Diff: 0.0]
   [Code Root Fixup: 0.0 ms]
   [Code Root Purge: 0.0 ms]
   [Clear CT: 0.1 ms]
   [Other: 0.7 ms]
      [Choose CSet: 0.0 ms]
      [Ref Proc: 0.2 ms]
      [Ref Enq: 0.0 ms]
      [Redirty Cards: 0.1 ms]
      [Humongous Register: 0.0 ms]
      [Humongous Reclaim: 0.0 ms]
      [Free CSet: 0.1 ms]
   [Eden: 45056.0K(45056.0K)->0.0B(48128.0K) Survivors: 7168.0K->4096.0K Heap: 339.0M(1024.0M)->297.5M(1024.0M)]
 [Times: user=0.05 sys=0.00, real=0.02 secs] 
2019-11-18T11:49:55.973+0100: 9037.071: [GC pause (G1 Evacuation Pause) (young), 0.0199450 secs]
   [Parallel Time: 18.4 ms, GC Workers: 2]
      [GC Worker Start (ms): Min: 9037072.4, Avg: 9037072.4, Max: 9037072.4, Diff: 0.0]
      [Ext Root Scanning (ms): Min: 1.3, Avg: 1.4, Max: 1.4, Diff: 0.1, Sum: 2.8]
      [Update RS (ms): Min: 2.2, Avg: 2.2, Max: 2.3, Diff: 0.1, Sum: 4.5]
         [Processed Buffers: Min: 20, Avg: 25.5, Max: 31, Diff: 11, Sum: 51]
      [Scan RS (ms): Min: 3.4, Avg: 3.5, Max: 3.6, Diff: 0.2, Sum: 7.0]
      [Code Root Scanning (ms): Min: 0.0, Avg: 0.0, Max: 0.0, Diff: 0.0, Sum: 0.0]
      [Object Copy (ms): Min: 11.1, Avg: 11.1, Max: 11.2, Diff: 0.1, Sum: 22.3]
      [Termination (ms): Min: 0.0, Avg: 0.0, Max: 0.0, Diff: 0.0, Sum: 0.0]
         [Termination Attempts: Min: 1, Avg: 1.0, Max: 1, Diff: 0, Sum: 2]
      [GC Worker Other (ms): Min: 0.0, Avg: 0.0, Max: 0.0, Diff: 0.0, Sum: 0.0]
      [GC Worker Total (ms): Min: 18.3, Avg: 18.3, Max: 18.3, Diff: 0.0, Sum: 36.6]
      [GC Worker End (ms): Min: 9037090.7, Avg: 9037090.7, Max: 9037090.7, Diff: 0.0]
   [Code Root Fixup: 0.0 ms]
   [Code Root Purge: 0.0 ms]
   [Clear CT: 0.1 ms]
   [Other: 1.5 ms]
      [Choose CSet: 0.0 ms]
      [Ref Proc: 0.1 ms]
      [Ref Enq: 0.0 ms]
      [Redirty Cards: 0.1 ms]
      [Humongous Register: 0.9 ms]
      [Humongous Reclaim: 0.0 ms]
      [Free CSet: 0.1 ms]
   [Eden: 48128.0K(48128.0K)->0.0B(46080.0K) Survivors: 4096.0K->6144.0K Heap: 344.5M(1024.0M)->299.5M(1024.0M)]
 [Times: user=0.04 sys=0.00, real=0.02 secs] 
2019-11-18T11:51:11.212+0100: 9112.310: [GC pause (G1 Evacuation Pause) (young), 0.0201333 secs]
   [Parallel Time: 19.4 ms, GC Workers: 2]
      [GC Worker Start (ms): Min: 9112310.4, Avg: 9112310.4, Max: 9112310.5, Diff: 0.0]
      [Ext Root Scanning (ms): Min: 1.0, Avg: 1.0, Max: 1.1, Diff: 0.1, Sum: 2.0]
      [Update RS (ms): Min: 1.7, Avg: 1.7, Max: 1.8, Diff: 0.2, Sum: 3.5]
         [Processed Buffers: Min: 9, Avg: 22.5, Max: 36, Diff: 27, Sum: 45]
      [Scan RS (ms): Min: 2.6, Avg: 2.7, Max: 2.7, Diff: 0.1, Sum: 5.3]
      [Code Root Scanning (ms): Min: 0.0, Avg: 0.0, Max: 0.0, Diff: 0.0, Sum: 0.0]
      [Object Copy (ms): Min: 13.9, Avg: 13.9, Max: 13.9, Diff: 0.1, Sum: 27.8]
      [Termination (ms): Min: 0.0, Avg: 0.0, Max: 0.0, Diff: 0.0, Sum: 0.0]
         [Termination Attempts: Min: 1, Avg: 1.0, Max: 1, Diff: 0, Sum: 2]
      [GC Worker Other (ms): Min: 0.0, Avg: 0.0, Max: 0.0, Diff: 0.0, Sum: 0.0]
      [GC Worker Total (ms): Min: 19.3, Avg: 19.3, Max: 19.3, Diff: 0.0, Sum: 38.7]
      [GC Worker End (ms): Min: 9112329.8, Avg: 9112329.8, Max: 9112329.8, Diff: 0.0]
   [Code Root Fixup: 0.0 ms]
   [Code Root Purge: 0.0 ms]
   [Clear CT: 0.1 ms]
   [Other: 0.7 ms]
      [Choose CSet: 0.0 ms]
      [Ref Proc: 0.1 ms]
      [Ref Enq: 0.0 ms]
      [Redirty Cards: 0.1 ms]
      [Humongous Register: 0.1 ms]
      [Humongous Reclaim: 0.0 ms]
      [Free CSet: 0.1 ms]
   [Eden: 46080.0K(46080.0K)->0.0B(46080.0K) Survivors: 6144.0K->6144.0K Heap: 344.5M(1024.0M)->302.0M(1024.0M)]
 [Times: user=0.04 sys=0.01, real=0.02 secs] 
2019-11-18T11:52:26.344+0100: 9187.442: [GC pause (G1 Evacuation Pause) (young), 0.0226710 secs]
   [Parallel Time: 21.6 ms, GC Workers: 2]
      [GC Worker Start (ms): Min: 9187442.8, Avg: 9187442.8, Max: 9187442.8, Diff: 0.0]
      [Ext Root Scanning (ms): Min: 1.1, Avg: 1.2, Max: 1.2, Diff: 0.1, Sum: 2.3]
      [Update RS (ms): Min: 2.6, Avg: 2.6, Max: 2.7, Diff: 0.1, Sum: 5.3]
         [Processed Buffers: Min: 6, Avg: 22.5, Max: 39, Diff: 33, Sum: 45]
      [Scan RS (ms): Min: 3.0, Avg: 3.2, Max: 3.3, Diff: 0.2, Sum: 6.3]
      [Code Root Scanning (ms): Min: 0.0, Avg: 0.0, Max: 0.0, Diff: 0.0, Sum: 0.0]
      [Object Copy (ms): Min: 14.5, Avg: 14.6, Max: 14.7, Diff: 0.2, Sum: 29.2]
      [Termination (ms): Min: 0.0, Avg: 0.0, Max: 0.0, Diff: 0.0, Sum: 0.0]
         [Termination Attempts: Min: 1, Avg: 1.0, Max: 1, Diff: 0, Sum: 2]
      [GC Worker Other (ms): Min: 0.0, Avg: 0.0, Max: 0.0, Diff: 0.0, Sum: 0.0]
      [GC Worker Total (ms): Min: 21.5, Avg: 21.6, Max: 21.6, Diff: 0.0, Sum: 43.1]
      [GC Worker End (ms): Min: 9187464.4, Avg: 9187464.4, Max: 9187464.4, Diff: 0.0]
   [Code Root Fixup: 0.0 ms]
   [Code Root Purge: 0.0 ms]
   [Clear CT: 0.0 ms]
   [Other: 1.0 ms]
      [Choose CSet: 0.0 ms]
      [Ref Proc: 0.1 ms]
      [Ref Enq: 0.0 ms]
      [Redirty Cards: 0.0 ms]
      [Humongous Register: 0.4 ms]
      [Humongous Reclaim: 0.0 ms]
      [Free CSet: 0.1 ms]
   [Eden: 46080.0K(46080.0K)->0.0B(46080.0K) Survivors: 6144.0K->6144.0K Heap: 347.0M(1024.0M)->304.5M(1024.0M)]
 [Times: user=0.04 sys=0.00, real=0.03 secs] 
2019-11-18T11:53:41.427+0100: 9262.525: [GC pause (G1 Evacuation Pause) (young), 0.0209409 secs]
   [Parallel Time: 20.3 ms, GC Workers: 2]
      [GC Worker Start (ms): Min: 9262525.5, Avg: 9262525.5, Max: 9262525.5, Diff: 0.0]
      [Ext Root Scanning (ms): Min: 1.1, Avg: 1.1, Max: 1.2, Diff: 0.1, Sum: 2.3]
      [Update RS (ms): Min: 1.8, Avg: 1.9, Max: 2.0, Diff: 0.2, Sum: 3.8]
         [Processed Buffers: Min: 5, Avg: 23.0, Max: 41, Diff: 36, Sum: 46]
      [Scan RS (ms): Min: 3.3, Avg: 3.4, Max: 3.5, Diff: 0.2, Sum: 6.8]
      [Code Root Scanning (ms): Min: 0.0, Avg: 0.0, Max: 0.0, Diff: 0.0, Sum: 0.0]
      [Object Copy (ms): Min: 13.7, Avg: 13.8, Max: 13.8, Diff: 0.0, Sum: 27.5]
      [Termination (ms): Min: 0.0, Avg: 0.0, Max: 0.0, Diff: 0.0, Sum: 0.0]
         [Termination Attempts: Min: 1, Avg: 1.0, Max: 1, Diff: 0, Sum: 2]
      [GC Worker Other (ms): Min: 0.0, Avg: 0.0, Max: 0.0, Diff: 0.0, Sum: 0.0]
      [GC Worker Total (ms): Min: 20.2, Avg: 20.2, Max: 20.2, Diff: 0.0, Sum: 40.4]
      [GC Worker End (ms): Min: 9262545.7, Avg: 9262545.7, Max: 9262545.7, Diff: 0.0]
   [Code Root Fixup: 0.0 ms]
   [Code Root Purge: 0.0 ms]
   [Clear CT: 0.0 ms]
   [Other: 0.6 ms]
      [Choose CSet: 0.0 ms]
      [Ref Proc: 0.1 ms]
      [Ref Enq: 0.0 ms]
      [Redirty Cards: 0.0 ms]
      [Humongous Register: 0.0 ms]
      [Humongous Reclaim: 0.0 ms]
      [Free CSet: 0.1 ms]
   [Eden: 46080.0K(46080.0K)->0.0B(46080.0K) Survivors: 6144.0K->6144.0K Heap: 349.5M(1024.0M)->307.0M(1024.0M)]
 [Times: user=0.04 sys=0.00, real=0.02 secs] 
2019-11-18T11:54:54.307+0100: 9335.405: [GC pause (G1 Evacuation Pause) (young), 0.0208086 secs]
   [Parallel Time: 20.2 ms, GC Workers: 2]
      [GC Worker Start (ms): Min: 9335405.1, Avg: 9335405.1, Max: 9335405.1, Diff: 0.0]
      [Ext Root Scanning (ms): Min: 0.9, Avg: 1.0, Max: 1.2, Diff: 0.3, Sum: 2.1]
      [Update RS (ms): Min: 2.1, Avg: 2.2, Max: 2.3, Diff: 0.1, Sum: 4.4]
         [Processed Buffers: Min: 22, Avg: 23.0, Max: 24, Diff: 2, Sum: 46]
      [Scan RS (ms): Min: 2.8, Avg: 3.0, Max: 3.1, Diff: 0.3, Sum: 6.0]
      [Code Root Scanning (ms): Min: 0.0, Avg: 0.0, Max: 0.0, Diff: 0.0, Sum: 0.0]
      [Object Copy (ms): Min: 13.8, Avg: 13.9, Max: 14.0, Diff: 0.2, Sum: 27.8]
      [Termination (ms): Min: 0.0, Avg: 0.0, Max: 0.0, Diff: 0.0, Sum: 0.0]
         [Termination Attempts: Min: 1, Avg: 1.0, Max: 1, Diff: 0, Sum: 2]
      [GC Worker Other (ms): Min: 0.0, Avg: 0.0, Max: 0.0, Diff: 0.0, Sum: 0.0]
      [GC Worker Total (ms): Min: 20.1, Avg: 20.1, Max: 20.1, Diff: 0.0, Sum: 40.2]
      [GC Worker End (ms): Min: 9335425.2, Avg: 9335425.2, Max: 9335425.2, Diff: 0.0]
   [Code Root Fixup: 0.0 ms]
   [Code Root Purge: 0.0 ms]
   [Clear CT: 0.0 ms]
   [Other: 0.6 ms]
      [Choose CSet: 0.0 ms]
      [Ref Proc: 0.2 ms]
      [Ref Enq: 0.0 ms]
      [Redirty Cards: 0.1 ms]
      [Humongous Register: 0.0 ms]
      [Humongous Reclaim: 0.0 ms]
      [Free CSet: 0.1 ms]
   [Eden: 46080.0K(46080.0K)->0.0B(46080.0K) Survivors: 6144.0K->6144.0K Heap: 352.0M(1024.0M)->309.0M(1024.0M)]
 [Times: user=0.04 sys=0.00, real=0.02 secs] 
2019-11-18T11:56:00.059+0100: 9401.157: [GC pause (G1 Evacuation Pause) (young), 0.0203022 secs]
   [Parallel Time: 19.8 ms, GC Workers: 2]
      [GC Worker Start (ms): Min: 9401157.1, Avg: 9401157.1, Max: 9401157.2, Diff: 0.0]
      [Ext Root Scanning (ms): Min: 1.2, Avg: 1.2, Max: 1.2, Diff: 0.0, Sum: 2.4]
      [Update RS (ms): Min: 2.3, Avg: 2.3, Max: 2.4, Diff: 0.0, Sum: 4.7]
         [Processed Buffers: Min: 5, Avg: 22.5, Max: 40, Diff: 35, Sum: 45]
      [Scan RS (ms): Min: 3.3, Avg: 3.3, Max: 3.3, Diff: 0.0, Sum: 6.6]
      [Code Root Scanning (ms): Min: 0.0, Avg: 0.0, Max: 0.0, Diff: 0.0, Sum: 0.0]
      [Object Copy (ms): Min: 12.8, Avg: 12.8, Max: 12.9, Diff: 0.1, Sum: 25.7]
      [Termination (ms): Min: 0.0, Avg: 0.0, Max: 0.0, Diff: 0.0, Sum: 0.0]
         [Termination Attempts: Min: 1, Avg: 1.0, Max: 1, Diff: 0, Sum: 2]
      [GC Worker Other (ms): Min: 0.0, Avg: 0.0, Max: 0.0, Diff: 0.0, Sum: 0.0]
      [GC Worker Total (ms): Min: 19.7, Avg: 19.7, Max: 19.7, Diff: 0.0, Sum: 39.4]
      [GC Worker End (ms): Min: 9401176.9, Avg: 9401176.9, Max: 9401176.9, Diff: 0.0]
   [Code Root Fixup: 0.0 ms]
   [Code Root Purge: 0.0 ms]
   [Clear CT: 0.1 ms]
   [Other: 0.5 ms]
      [Choose CSet: 0.0 ms]
      [Ref Proc: 0.1 ms]
      [Ref Enq: 0.0 ms]
      [Redirty Cards: 0.0 ms]
      [Humongous Register: 0.0 ms]
      [Humongous Reclaim: 0.0 ms]
      [Free CSet: 0.1 ms]
   [Eden: 46080.0K(46080.0K)->0.0B(46080.0K) Survivors: 6144.0K->6144.0K Heap: 354.0M(1024.0M)->312.0M(1024.0M)]
 [Times: user=0.04 sys=0.00, real=0.02 secs] 
2019-11-18T11:56:58.004+0100: 9459.101: [GC pause (G1 Evacuation Pause) (young), 0.0216209 secs]
   [Parallel Time: 21.1 ms, GC Workers: 2]
      [GC Worker Start (ms): Min: 9459101.6, Avg: 9459101.6, Max: 9459101.7, Diff: 0.0]
      [Ext Root Scanning (ms): Min: 1.0, Avg: 1.0, Max: 1.1, Diff: 0.1, Sum: 2.1]
      [Update RS (ms): Min: 2.0, Avg: 2.1, Max: 2.2, Diff: 0.2, Sum: 4.3]
         [Processed Buffers: Min: 15, Avg: 21.5, Max: 28, Diff: 13, Sum: 43]
      [Scan RS (ms): Min: 3.5, Avg: 3.5, Max: 3.6, Diff: 0.1, Sum: 7.1]
      [Code Root Scanning (ms): Min: 0.0, Avg: 0.0, Max: 0.0, Diff: 0.0, Sum: 0.0]
      [Object Copy (ms): Min: 14.2, Avg: 14.2, Max: 14.3, Diff: 0.1, Sum: 28.5]
      [Termination (ms): Min: 0.0, Avg: 0.0, Max: 0.0, Diff: 0.0, Sum: 0.0]
         [Termination Attempts: Min: 1, Avg: 1.0, Max: 1, Diff: 0, Sum: 2]
      [GC Worker Other (ms): Min: 0.0, Avg: 0.0, Max: 0.0, Diff: 0.0, Sum: 0.0]
      [GC Worker Total (ms): Min: 21.0, Avg: 21.0, Max: 21.0, Diff: 0.0, Sum: 42.0]
      [GC Worker End (ms): Min: 9459122.6, Avg: 9459122.6, Max: 9459122.6, Diff: 0.0]
   [Code Root Fixup: 0.0 ms]
   [Code Root Purge: 0.0 ms]
   [Clear CT: 0.1 ms]
   [Other: 0.5 ms]
      [Choose CSet: 0.0 ms]
      [Ref Proc: 0.1 ms]
      [Ref Enq: 0.0 ms]
      [Redirty Cards: 0.1 ms]
      [Humongous Register: 0.0 ms]
      [Humongous Reclaim: 0.0 ms]
      [Free CSet: 0.1 ms]
   [Eden: 46080.0K(46080.0K)->0.0B(45056.0K) Survivors: 6144.0K->7168.0K Heap: 357.0M(1024.0M)->315.0M(1024.0M)]
 [Times: user=0.04 sys=0.00, real=0.02 secs] 
